Archive member included to satisfy reference by file (symbol)

C:\Users\ADMIN\Documents\Tutorial1\en.stsw-stlkt01\v1.2.0\Projects\SensorTile\Applications\DataLog\Src\libneai.a(NanoEdgeAI.o)
                              ./DataLog/User/main.o (neai_anomalydetection_learn)
C:/ST/STM32CubeIDE_1.18.1/STM32CubeIDE/plugins/com.st.stm32cube.ide.mcu.externaltools.gnu-tools-for-stm32.13.3.rel1.win32_1.0.0.202411081344/tools/bin/../lib/gcc/arm-none-eabi/13.3.1/../../../../arm-none-eabi/lib/thumb/v7e-m+fp/hard\libc_nano.a(libc_a-exit.o)
                              C:/ST/STM32CubeIDE_1.18.1/STM32CubeIDE/plugins/com.st.stm32cube.ide.mcu.externaltools.gnu-tools-for-stm32.13.3.rel1.win32_1.0.0.202411081344/tools/bin/../lib/gcc/arm-none-eabi/13.3.1/../../../../arm-none-eabi/lib/thumb/v7e-m+fp/hard/crt0.o (exit)
C:/ST/STM32CubeIDE_1.18.1/STM32CubeIDE/plugins/com.st.stm32cube.ide.mcu.externaltools.gnu-tools-for-stm32.13.3.rel1.win32_1.0.0.202411081344/tools/bin/../lib/gcc/arm-none-eabi/13.3.1/../../../../arm-none-eabi/lib/thumb/v7e-m+fp/hard\libc_nano.a(libc_a-malloc.o)
                              ./Middlewares/FatFs/syscall.o (malloc)
C:/ST/STM32CubeIDE_1.18.1/STM32CubeIDE/plugins/com.st.stm32cube.ide.mcu.externaltools.gnu-tools-for-stm32.13.3.rel1.win32_1.0.0.202411081344/tools/bin/../lib/gcc/arm-none-eabi/13.3.1/../../../../arm-none-eabi/lib/thumb/v7e-m+fp/hard\libc_nano.a(libc_a-mallocr.o)
                              C:/ST/STM32CubeIDE_1.18.1/STM32CubeIDE/plugins/com.st.stm32cube.ide.mcu.externaltools.gnu-tools-for-stm32.13.3.rel1.win32_1.0.0.202411081344/tools/bin/../lib/gcc/arm-none-eabi/13.3.1/../../../../arm-none-eabi/lib/thumb/v7e-m+fp/hard\libc_nano.a(libc_a-malloc.o) (_malloc_r)
C:/ST/STM32CubeIDE_1.18.1/STM32CubeIDE/plugins/com.st.stm32cube.ide.mcu.externaltools.gnu-tools-for-stm32.13.3.rel1.win32_1.0.0.202411081344/tools/bin/../lib/gcc/arm-none-eabi/13.3.1/../../../../arm-none-eabi/lib/thumb/v7e-m+fp/hard\libc_nano.a(libc_a-mlock.o)
                              C:/ST/STM32CubeIDE_1.18.1/STM32CubeIDE/plugins/com.st.stm32cube.ide.mcu.externaltools.gnu-tools-for-stm32.13.3.rel1.win32_1.0.0.202411081344/tools/bin/../lib/gcc/arm-none-eabi/13.3.1/../../../../arm-none-eabi/lib/thumb/v7e-m+fp/hard\libc_nano.a(libc_a-mallocr.o) (__malloc_lock)
C:/ST/STM32CubeIDE_1.18.1/STM32CubeIDE/plugins/com.st.stm32cube.ide.mcu.externaltools.gnu-tools-for-stm32.13.3.rel1.win32_1.0.0.202411081344/tools/bin/../lib/gcc/arm-none-eabi/13.3.1/../../../../arm-none-eabi/lib/thumb/v7e-m+fp/hard\libc_nano.a(libc_a-findfp.o)
                              C:/ST/STM32CubeIDE_1.18.1/STM32CubeIDE/plugins/com.st.stm32cube.ide.mcu.externaltools.gnu-tools-for-stm32.13.3.rel1.win32_1.0.0.202411081344/tools/bin/../lib/gcc/arm-none-eabi/13.3.1/../../../../arm-none-eabi/lib/thumb/v7e-m+fp/hard\libc_nano.a(libc_a-exit.o) (__stdio_exit_handler)
C:/ST/STM32CubeIDE_1.18.1/STM32CubeIDE/plugins/com.st.stm32cube.ide.mcu.externaltools.gnu-tools-for-stm32.13.3.rel1.win32_1.0.0.202411081344/tools/bin/../lib/gcc/arm-none-eabi/13.3.1/../../../../arm-none-eabi/lib/thumb/v7e-m+fp/hard\libc_nano.a(libc_a-fwalk.o)
                              C:/ST/STM32CubeIDE_1.18.1/STM32CubeIDE/plugins/com.st.stm32cube.ide.mcu.externaltools.gnu-tools-for-stm32.13.3.rel1.win32_1.0.0.202411081344/tools/bin/../lib/gcc/arm-none-eabi/13.3.1/../../../../arm-none-eabi/lib/thumb/v7e-m+fp/hard\libc_nano.a(libc_a-findfp.o) (_fwalk_sglue)
C:/ST/STM32CubeIDE_1.18.1/STM32CubeIDE/plugins/com.st.stm32cube.ide.mcu.externaltools.gnu-tools-for-stm32.13.3.rel1.win32_1.0.0.202411081344/tools/bin/../lib/gcc/arm-none-eabi/13.3.1/../../../../arm-none-eabi/lib/thumb/v7e-m+fp/hard\libc_nano.a(libc_a-printf.o)
                              ./Drivers/BSP/Components/HTS221_Driver.o (printf)
C:/ST/STM32CubeIDE_1.18.1/STM32CubeIDE/plugins/com.st.stm32cube.ide.mcu.externaltools.gnu-tools-for-stm32.13.3.rel1.win32_1.0.0.202411081344/tools/bin/../lib/gcc/arm-none-eabi/13.3.1/../../../../arm-none-eabi/lib/thumb/v7e-m+fp/hard\libc_nano.a(libc_a-sprintf.o)
                              ./DataLog/User/datalog_application.o (sprintf)
C:/ST/STM32CubeIDE_1.18.1/STM32CubeIDE/plugins/com.st.stm32cube.ide.mcu.externaltools.gnu-tools-for-stm32.13.3.rel1.win32_1.0.0.202411081344/tools/bin/../lib/gcc/arm-none-eabi/13.3.1/../../../../arm-none-eabi/lib/thumb/v7e-m+fp/hard\libc_nano.a(libc_a-stdio.o)
                              C:/ST/STM32CubeIDE_1.18.1/STM32CubeIDE/plugins/com.st.stm32cube.ide.mcu.externaltools.gnu-tools-for-stm32.13.3.rel1.win32_1.0.0.202411081344/tools/bin/../lib/gcc/arm-none-eabi/13.3.1/../../../../arm-none-eabi/lib/thumb/v7e-m+fp/hard\libc_nano.a(libc_a-findfp.o) (__sread)
C:/ST/STM32CubeIDE_1.18.1/STM32CubeIDE/plugins/com.st.stm32cube.ide.mcu.externaltools.gnu-tools-for-stm32.13.3.rel1.win32_1.0.0.202411081344/tools/bin/../lib/gcc/arm-none-eabi/13.3.1/../../../../arm-none-eabi/lib/thumb/v7e-m+fp/hard\libc_nano.a(libc_a-memset.o)
[...]
Memory Configuration

Name             Origin             Length             Attributes
FLASH            0x08004000         0x00040000         xr
RAM              0x20000000         0x00018000         xrw
SRAM2            0x10000000         0x00008000         xrw
*default*        0x00000000         0xffffffff

Linker script and memory map

LOAD C:/ST/STM32CubeIDE_1.18.1/STM32CubeIDE/plugins/com.st.stm32cube.ide.mcu.externaltools.gnu-tools-for-stm32.13.3.rel1.win32_1.0.0.202411081344/tools/bin/../lib/gcc/arm-none-eabi/13.3.1/thumb/v7e-m+fp/hard/crti.o
LOAD C:/ST/STM32CubeIDE_1.18.1/STM32CubeIDE/plugins/com.st.stm32cube.ide.mcu.externaltools.gnu-tools-for-stm32.13.3.rel1.win32_1.0.0.202411081344/tools/bin/../lib/gcc/arm-none-eabi/13.3.1/thumb/v7e-m+fp/hard/crtbegin.o
LOAD C:/ST/STM32CubeIDE_1.18.1/STM32CubeIDE/plugins/com.st.stm32cube.ide.mcu.externaltools.gnu-tools-for-stm32.13.3.rel1.win32_1.0.0.202411081344/tools/bin/../lib/gcc/arm-none-eabi/13.3.1/../../../../arm-none-eabi/lib/thumb/v7e-m+fp/hard/crt0.o
LOAD ./DataLog/SW4STM32/startup_stm32l476xx.o
LOAD ./DataLog/User/cube_hal_l4.o
LOAD ./DataLog/User/datalog_application.o
LOAD ./DataLog/User/main.o
LOAD ./DataLog/User/stm32l4xx_hal_msp.o
LOAD ./DataLog/User/stm32l4xx_it.o
LOAD ./DataLog/User/syscalls.o
LOAD ./DataLog/User/usbd_cdc_interface.o
LOAD ./DataLog/User/usbd_conf.o
LOAD ./DataLog/User/usbd_desc.o
LOAD ./Drivers/BSP/Components/HTS221_Driver.o
LOAD ./Drivers/BSP/Components/HTS221_Driver_HL.o
LOAD ./Drivers/BSP/Components/LPS22HB_Driver.o
LOAD ./Drivers/BSP/Components/LPS22HB_Driver_HL.o
LOAD ./Drivers/BSP/Components/LSM303AGR_ACC_driver.o
LOAD ./Drivers/BSP/Components/LSM303AGR_ACC_driver_HL.o
LOAD ./Drivers/BSP/Components/LSM303AGR_MAG_driver.o
LOAD ./Drivers/BSP/Components/LSM303AGR_MAG_driver_HL.o
LOAD ./Drivers/BSP/Components/LSM6DSM_ACC_GYRO_driver.o
LOAD ./Drivers/BSP/Components/LSM6DSM_ACC_GYRO_driver_HL.o
LOAD ./Drivers/BSP/Components/STC3115_Driver.o
LOAD ./Drivers/BSP/SensorTile/SensorTile.o
LOAD ./Drivers/BSP/SensorTile/SensorTile_accelero.o
LOAD ./Drivers/BSP/SensorTile/SensorTile_gg.o
LOAD ./Drivers/BSP/SensorTile/SensorTile_gyro.o
LOAD ./Drivers/BSP/SensorTile/SensorTile_humidity.o
LOAD ./Drivers/BSP/SensorTile/SensorTile_magneto.o
LOAD ./Drivers/BSP/SensorTile/SensorTile_pressure.o
LOAD ./Drivers/BSP/SensorTile/SensorTile_sd.o
LOAD ./Drivers/BSP/SensorTile/SensorTile_temperature.o
LOAD ./Drivers/CMSIS/system_stm32l4xx.o
LOAD ./Drivers/STM32L4xx_HAL_Driver/stm32l4xx_hal.o
LOAD ./Drivers/STM32L4xx_HAL_Driver/stm32l4xx_hal_cortex.o
LOAD ./Drivers/STM32L4xx_HAL_Driver/stm32l4xx_hal_dma.o
LOAD ./Drivers/STM32L4xx_HAL_Driver/stm32l4xx_hal_gpio.o
LOAD ./Drivers/STM32L4xx_HAL_Driver/stm32l4xx_hal_i2c.o
LOAD ./Drivers/STM32L4xx_HAL_Driver/stm32l4xx_hal_i2c_ex.o
LOAD ./Drivers/STM32L4xx_HAL_Driver/stm32l4xx_hal_pcd.o
LOAD ./Drivers/STM32L4xx_HAL_Driver/stm32l4xx_hal_pcd_ex.o
LOAD ./Drivers/STM32L4xx_HAL_Driver/stm32l4xx_hal_pwr.o
LOAD ./Drivers/STM32L4xx_HAL_Driver/stm32l4xx_hal_pwr_ex.o
LOAD ./Drivers/STM32L4xx_HAL_Driver/stm32l4xx_hal_rcc.o
LOAD ./Drivers/STM32L4xx_HAL_Driver/stm32l4xx_hal_rcc_ex.o
LOAD ./Drivers/STM32L4xx_HAL_Driver/stm32l4xx_hal_rtc.o
LOAD ./Drivers/STM32L4xx_HAL_Driver/stm32l4xx_hal_rtc_ex.o
LOAD ./Drivers/STM32L4xx_HAL_Driver/stm32l4xx_hal_spi.o
LOAD ./Drivers/STM32L4xx_HAL_Driver/stm32l4xx_hal_spi_ex.o
LOAD ./Drivers/STM32L4xx_HAL_Driver/stm32l4xx_hal_tim.o
LOAD ./Drivers/STM32L4xx_HAL_Driver/stm32l4xx_hal_tim_ex.o
LOAD ./Drivers/STM32L4xx_HAL_Driver/stm32l4xx_ll_usb.o
LOAD ./Middlewares/FatFs/diskio.o
LOAD ./Middlewares/FatFs/ff.o
LOAD ./Middlewares/FatFs/ff_gen_drv.o
LOAD ./Middlewares/FatFs/sd_diskio.o
LOAD ./Middlewares/FatFs/syscall.o
LOAD ./Middlewares/FatFs/unicode.o
LOAD ./Middlewares/STM32_USBD_Library/Class/usbd_cdc.o
LOAD ./Middlewares/STM32_USBD_Library/Core/usbd_core.o
LOAD ./Middlewares/STM32_USBD_Library/Core/usbd_ctlreq.o
LOAD ./Middlewares/STM32_USBD_Library/Core/usbd_ioreq.o
LOAD C:\Users\ADMIN\Documents\Tutorial1\en.stsw-stlkt01\v1.2.0\Projects\SensorTile\Applications\DataLog\Src\libneai.a
START GROUP
LOAD C:/ST/STM32CubeIDE_1.18.1/STM32CubeIDE/plugins/com.st.stm32cube.ide.mcu.externaltools.gnu-tools-for-stm32.13.3.rel1.win32_1.0.0.202411081344/tools/bin/../lib/gcc/arm-none-eabi/13.3.1/../../../../arm-none-eabi/lib/thumb/v7e-m+fp/hard\libc_nano.a
LOAD C:/ST/STM32CubeIDE_1.18.1/STM32CubeIDE/plugins/com.st.stm32cube.ide.mcu.externaltools.gnu-tools-for-stm32.13.3.rel1.win32_1.0.0.202411081344/tools/bin/../lib/gcc/arm-none-eabi/13.3.1/../../../../arm-none-eabi/lib/thumb/v7e-m+fp/hard\libm.a
END GROUP
START GROUP
LOAD C:/ST/STM32CubeIDE_1.18.1/STM32CubeIDE/plugins/com.st.stm32cube.ide.mcu.externaltools.gnu-tools-for-stm32.13.3.rel1.win32_1.0.0.202411081344/tools/bin/../lib/gcc/arm-none-eabi/13.3.1/thumb/v7e-m+fp/hard\libgcc.a
LOAD C:/ST/STM32CubeIDE_1.18.1/STM32CubeIDE/plugins/com.st.stm32cube.ide.mcu.externaltools.gnu-tools-for-stm32.13.3.rel1.win32_1.0.0.202411081344/tools/bin/../lib/gcc/arm-none-eabi/13.3.1/../../../../arm-none-eabi/lib/thumb/v7e-m+fp/hard\libc_nano.a
END GROUP
START GROUP
LOAD C:/ST/STM32CubeIDE_1.18.1/STM32CubeIDE/plugins/com.st.stm32cube.ide.mcu.externaltools.gnu-tools-for-stm32.13.3.rel1.win32_1.0.0.202411081344/tools/bin/../lib/gcc/arm-none-eabi/13.3.1/thumb/v7e-m+fp/hard\libgcc.a
LOAD C:/ST/STM32CubeIDE_1.18.1/STM32CubeIDE/plugins/com.st.stm32cube.ide.mcu.externaltools.gnu-tools-for-stm32.13.3.rel1.win32_1.0.0.202411081344/tools/bin/../lib/gcc/arm-none-eabi/13.3.1/../../../../arm-none-eabi/lib/thumb/v7e-m+fp/hard\libc_nano.a
END GROUP
LOAD C:/ST/STM32CubeIDE_1.18.1/STM32CubeIDE/plugins/com.st.stm32cube.ide.mcu.externaltools.gnu-tools-for-stm32.13.3.rel1.win32_1.0.0.202411081344/tools/bin/../lib/gcc/arm-none-eabi/13.3.1/thumb/v7e-m+fp/hard/crtend.o
LOAD C:/ST/STM32CubeIDE_1.18.1/STM32CubeIDE/plugins/com.st.stm32cube.ide.mcu.externaltools.gnu-tools-for-stm32.13.3.rel1.win32_1.0.0.202411081344/tools/bin/../lib/gcc/arm-none-eabi/13.3.1/thumb/v7e-m+fp/hard/crtn.o
                0x20017fff                        _estack = 0x20017fff
                0x00002000                        _Min_Heap_Size = 0x2000
                0x00002000                        _Min_Stack_Size = 0x2000

.isr_vector     0x08004000      0x188
                0x08004000                        . = ALIGN (0x8)
 *(.isr_vector)
 .isr_vector    0x08004000      0x188 ./DataLog/SW4STM32/startup_stm32l476xx.o
                0x08004000                g_pfnVectors
                0x08004188                        . = ALIGN (0x8)

.text           0x08004190    0x17820
                0x08004190                        . = ALIGN (0x8)
 *(.text)
 .text          0x08004190       0x40 C:/ST/STM32CubeIDE_1.18.1/STM32CubeIDE/plugins/com.st.stm32cube.ide.mcu.externaltools.gnu-tools-for-stm32.13.3.rel1.win32_1.0.0.202411081344/tools/bin/../lib/gcc/arm-none-eabi/13.3.1/thumb/v7e-m+fp/hard/crtbegin.o
 .text          0x080041d0       0x10 C:/ST/STM32CubeIDE_1.18.1/STM32CubeIDE/plugins/com.st.stm32cube.ide.mcu.externaltools.gnu-tools-for-stm32.13.3.rel1.win32_1.0.0.202411081344/tools/bin/../lib/gcc/arm-none-eabi/13.3.1/../../../../arm-none-eabi/lib/thumb/v7e-m+fp/hard\libc_nano.a(libc_a-strlen.o)
                0x080041d0                strlen
 .text          0x080041e0       0xa0 C:/ST/STM32CubeIDE_1.18.1/STM32CubeIDE/plugins/com.st.stm32cube.ide.mcu.externaltools.gnu-tools-for-stm32.13.3.rel1.win32_1.0.0.202411081344/tools/bin/../lib/gcc/arm-none-eabi/13.3.1/../../../../arm-none-eabi/lib/thumb/v7e-m+fp/hard\libc_nano.a(libc_a-memchr.o)
                0x080041e0                memchr
 .text          0x08004280      0x378 C:/ST/STM32CubeIDE_1.18.1/STM32CubeIDE/plugins/com.st.stm32cube.ide.mcu.externaltools.gnu-tools-for-stm32.13.3.rel1.win32_1.0.0.202411081344/tools/bin/../lib/gcc/arm-none-eabi/13.3.1/thumb/v7e-m+fp/hard\libgcc.a(_arm_addsubdf3.o)
                0x08004280                __aeabi_drsub
                0x08004288                __aeabi_dsub
                0x08004288                __subdf3
                0x0800428c                __aeabi_dadd
                0x0800428c                __adddf3
                0x08004504                __floatunsidf
                0x08004504                __aeabi_ui2d
                0x08004524                __floatsidf
                0x08004524                __aeabi_i2d
                0x08004548                __aeabi_f2d
                0x08004548                __extendsfdf2
                0x0800458c                __floatundidf
                0x0800458c                __aeabi_ul2d
                0x0800459c                __floatdidf
                0x0800459c                __aeabi_l2d
 .text          0x080045f8      0x424 C:/ST/STM32CubeIDE_1.18.1/STM32CubeIDE/plugins/com.st.stm32cube.ide.mcu.externaltools.gnu-tools-for-stm32.13.3.rel1.win32_1.0.0.202411081344/tools/bin/../lib/gcc/arm-none-eabi/13.3.1/thumb/v7e-m+fp/hard\libgcc.a(_arm_muldivdf3.o)
                0x080045f8                __aeabi_dmul
                0x080045f8                __muldf3
                0x0800484c                __divdf3
                0x0800484c                __aeabi_ddiv
 .text          0x08004a1c      0x110 C:/ST/STM32CubeIDE_1.18.1/STM32CubeIDE/plugins/com.st.stm32cube.ide.mcu.externaltools.gnu-tools-for-stm32.13.3.rel1.win32_1.0.0.202411081344/tools/bin/../lib/gcc/arm-none-eabi/13.3.1/thumb/v7e-m+fp/hard\libgcc.a(_arm_cmpdf2.o)
                0x08004a1c                __gtdf2
                0x08004a1c                __gedf2
                0x08004a24                __ltdf2
                0x08004a24                __ledf2
                0x08004a2c                __nedf2
                0x08004a2c                __eqdf2
                0x08004a2c                __cmpdf2
                0x08004aa8                __aeabi_cdrcmple
                0x08004ab8                __aeabi_cdcmpeq
                0x08004ab8                __aeabi_cdcmple
                0x08004ac8                __aeabi_dcmpeq
                0x08004adc                __aeabi_dcmplt
                0x08004af0                __aeabi_dcmple
                0x08004b04                __aeabi_dcmpge
                0x08004b18                __aeabi_dcmpgt
 .text          0x08004b2c       0xa0 C:/ST/STM32CubeIDE_1.18.1/STM32CubeIDE/plugins/com.st.stm32cube.ide.mcu.externaltools.gnu-tools-for-stm32.13.3.rel1.win32_1.0.0.202411081344/tools/bin/../lib/gcc/arm-none-eabi/13.3.1/thumb/v7e-m+fp/hard\libgcc.a(_arm_truncdfsf2.o)
                0x08004b2c                __truncdfsf2
                0x08004b2c                __aeabi_d2f
 .text          0x08004bcc       0xa0 C:/ST/STM32CubeIDE_1.18.1/STM32CubeIDE/plugins/com.st.stm32cube.ide.mcu.externaltools.gnu-tools-for-stm32.13.3.rel1.win32_1.0.0.202411081344/tools/bin/../lib/gcc/arm-none-eabi/13.3.1/thumb/v7e-m+fp/hard\libgcc.a(_aeabi_ldivmod.o)
                0x08004bcc                __aeabi_ldivmod
 .text          0x08004c6c      0x2f8 C:/ST/STM32CubeIDE_1.18.1/STM32CubeIDE/plugins/com.st.stm32cube.ide.mcu.externaltools.gnu-tools-for-stm32.13.3.rel1.win32_1.0.0.202411081344/tools/bin/../lib/gcc/arm-none-eabi/13.3.1/thumb/v7e-m+fp/hard\libgcc.a(_udivmoddi4.o)
                0x08004c6c                __udivmoddi4
 .text          0x08004f64        0x4 C:/ST/STM32CubeIDE_1.18.1/STM32CubeIDE/plugins/com.st.stm32cube.ide.mcu.externaltools.gnu-tools-for-stm32.13.3.rel1.win32_1.0.0.202411081344/tools/bin/../lib/gcc/arm-none-eabi/13.3.1/thumb/v7e-m+fp/hard\libgcc.a(_dvmd_tls.o)
                0x08004f64                __aeabi_idiv0
                0x08004f64                __aeabi_ldiv0
 *(.text*)
 .text.Reset_Handler
                0x08004f68       0x50 ./DataLog/SW4STM32/startup_stm32l476xx.o
                0x08004f68                Reset_Handler
 .text.Default_Handler
                0x08004fb8        0x2 ./DataLog/SW4STM32/startup_stm32l476xx.o
                0x08004fb8                RTC_Alarm_IRQHandler
                0x08004fb8                TIM8_TRG_COM_IRQHandler
                0x08004fb8                TIM8_CC_IRQHandler
                0x08004fb8                TIM1_CC_IRQHandler
                0x08004fb8                TSC_IRQHandler
                0x08004fb8                TAMP_STAMP_IRQHandler
                0x08004fb8                PendSV_Handler
                0x08004fb8                EXTI3_IRQHandler
                0x08004fb8                LPTIM2_IRQHandler
                0x08004fb8                DFSDM1_FLT1_IRQHandler
                0x08004fb8                I2C3_ER_IRQHandler
                0x08004fb8                DFSDM1_FLT2_IRQHandler
                0x08004fb8                EXTI0_IRQHandler
                0x08004fb8                I2C2_EV_IRQHandler
                0x08004fb8                CAN1_RX0_IRQHandler
                0x08004fb8                FPU_IRQHandler
                0x08004fb8                TIM1_UP_TIM16_IRQHandler
                0x08004fb8                UsageFault_Handler
                0x08004fb8                ADC1_2_IRQHandler
                0x08004fb8                SPI1_IRQHandler
                0x08004fb8                TIM6_DAC_IRQHandler
                0x08004fb8                TIM8_UP_IRQHandler
                0x08004fb8                DMA2_Channel2_IRQHandler
                0x08004fb8                DMA1_Channel4_IRQHandler
                0x08004fb8                SAI2_IRQHandler
                0x08004fb8                DFSDM1_FLT3_IRQHandler
                0x08004fb8                USART3_IRQHandler
                0x08004fb8                DMA1_Channel7_IRQHandler
                0x08004fb8                CAN1_RX1_IRQHandler
                0x08004fb8                LCD_IRQHandler
                0x08004fb8                UART5_IRQHandler
                0x08004fb8                ADC3_IRQHandler
                0x08004fb8                TIM4_IRQHandler
                0x08004fb8                DMA2_Channel1_IRQHandler
                0x08004fb8                QUADSPI_IRQHandler
                0x08004fb8                I2C1_EV_IRQHandler
                0x08004fb8                DMA1_Channel6_IRQHandler
                0x08004fb8                UART4_IRQHandler
                0x08004fb8                DMA2_Channel4_IRQHandler
                0x08004fb8                RCC_IRQHandler
                0x08004fb8                DMA1_Channel1_IRQHandler
                0x08004fb8                Default_Handler
                0x08004fb8                DMA2_Channel7_IRQHandler
                0x08004fb8                EXTI15_10_IRQHandler
                0x08004fb8                TIM7_IRQHandler
                0x08004fb8                SDMMC1_IRQHandler
                0x08004fb8                TIM5_IRQHandler
                0x08004fb8                I2C3_EV_IRQHandler
                0x08004fb8                EXTI9_5_IRQHandler
                0x08004fb8                RTC_WKUP_IRQHandler
                0x08004fb8                PVD_PVM_IRQHandler
                0x08004fb8                SPI2_IRQHandler
                0x08004fb8                MemManage_Handler
                0x08004fb8                CAN1_TX_IRQHandler
                0x08004fb8                SVC_Handler
                0x08004fb8                DMA2_Channel5_IRQHandler
                0x08004fb8                DMA1_Channel5_IRQHandler
                0x08004fb8                EXTI4_IRQHandler
                0x08004fb8                RNG_IRQHandler
                0x08004fb8                TIM1_TRG_COM_TIM17_IRQHandler
                0x08004fb8                DMA1_Channel3_IRQHandler
                0x08004fb8                COMP_IRQHandler
                0x08004fb8                WWDG_IRQHandler
                0x08004fb8                LPUART1_IRQHandler
                0x08004fb8                DMA2_Channel6_IRQHandler
                0x08004fb8                TIM2_IRQHandler
                0x08004fb8                EXTI1_IRQHandler
                0x08004fb8                USART2_IRQHandler
                0x08004fb8                DFSDM1_FLT0_IRQHandler
                0x08004fb8                I2C2_ER_IRQHandler
                0x08004fb8                DMA1_Channel2_IRQHandler
                0x08004fb8                TIM8_BRK_IRQHandler
                0x08004fb8                CAN1_SCE_IRQHandler
                0x08004fb8                FLASH_IRQHandler
                0x08004fb8                BusFault_Handler
                0x08004fb8                USART1_IRQHandler
                0x08004fb8                SPI3_IRQHandler
                0x08004fb8                I2C1_ER_IRQHandler
                0x08004fb8                FMC_IRQHandler
                0x08004fb8                SWPMI1_IRQHandler
                0x08004fb8                LPTIM1_IRQHandler
                0x08004fb8                SAI1_IRQHandler
                0x08004fb8                DMA2_Channel3_IRQHandler
                0x08004fb8                TIM1_BRK_TIM15_IRQHandler
 *fill*         0x08004fba        0x2 
 .text.SystemClock_Config
                0x08004fbc      0x144 ./DataLog/User/cube_hal_l4.o
                0x08004fbc                SystemClock_Config
 .text.Error_Handler
                0x08005100        0x8 ./DataLog/User/cube_hal_l4.o
 .text.DATALOG_SD_Init
                0x08005108       0x58 ./DataLog/User/datalog_application.o
                0x08005108                DATALOG_SD_Init
 .text.Accelero_Sensor_Handler
                0x08005160      0x114 ./DataLog/User/datalog_application.o
                0x08005160                Accelero_Sensor_Handler
 .text.fill_buffer
                0x08005274       0x54 ./DataLog/User/main.o
                0x08005274                fill_buffer
 .text.main     0x080052c8      0x214 ./DataLog/User/main.o
                0x080052c8                main
 .text.initializeAllSensors
                0x080054dc      0x100 ./DataLog/User/main.o
 .text.enableAllSensors
                0x080055dc       0x88 ./DataLog/User/main.o
                0x080055dc                enableAllSensors
 .text.RTC_Config
                0x08005664       0x4c ./DataLog/User/main.o
 .text.RTC_TimeStampConfig
                0x080056b0       0x68 ./DataLog/User/main.o
 .text.HAL_GPIO_EXTI_Callback
                0x08005718       0x20 ./DataLog/User/main.o
                0x08005718                HAL_GPIO_EXTI_Callback
 .text.Error_Handler
                0x08005738        0x8 ./DataLog/User/main.o
 .text.HAL_RTC_MspInit
                0x08005740       0x34 ./DataLog/User/stm32l4xx_hal_msp.o
                0x08005740                HAL_RTC_MspInit
 .text.NMI_Handler
                0x08005774        0xe ./DataLog/User/stm32l4xx_it.o
                0x08005774                NMI_Handler
 .text.HardFault_Handler
                0x08005782        0x8 ./DataLog/User/stm32l4xx_it.o
                0x08005782                HardFault_Handler
 .text.DebugMon_Handler
                0x0800578a        0xe ./DataLog/User/stm32l4xx_it.o
                0x0800578a                DebugMon_Handler
 .text.SysTick_Handler
                0x08005798        0xc ./DataLog/User/stm32l4xx_it.o
                0x08005798                SysTick_Handler
 .text.OTG_FS_IRQHandler
                0x080057a4       0x14 ./DataLog/User/stm32l4xx_it.o
                0x080057a4                OTG_FS_IRQHandler
 .text.TIM3_IRQHandler
                0x080057b8       0x14 ./DataLog/User/stm32l4xx_it.o
                0x080057b8                TIM3_IRQHandler
 .text.EXTI2_IRQHandler
                0x080057cc        0xe ./DataLog/User/stm32l4xx_it.o
                0x080057cc                EXTI2_IRQHandler
 *fill*         0x080057da        0x2 
 .text._sbrk    0x080057dc       0x58 ./DataLog/User/syscalls.o
                0x080057dc                _sbrk
 .text._write   0x08005834       0x38 ./DataLog/User/syscalls.o
                0x08005834                _write
 .text._close   0x0800586c       0x18 ./DataLog/User/syscalls.o
                0x0800586c                _close
 .text._fstat   0x08005884       0x20 ./DataLog/User/syscalls.o
                0x08005884                _fstat
 .text._isatty  0x080058a4       0x16 ./DataLog/User/syscalls.o
                0x080058a4                _isatty
 .text._lseek   0x080058ba       0x1a ./DataLog/User/syscalls.o
                0x080058ba                _lseek
 .text._read    0x080058d4       0x22 ./DataLog/User/syscalls.o
                0x080058d4                _read
 *fill*         0x080058f6        0x2 
 .text.CDC_Itf_Init
                0x080058f8       0x74 ./DataLog/User/usbd_cdc_interface.o
 .text.CDC_Itf_DeInit
                0x0800596c       0x10 ./DataLog/User/usbd_cdc_interface.o
 .text.CDC_Itf_Control
                0x0800597c      0x15c ./DataLog/User/usbd_cdc_interface.o
 .text.CDC_Fill_Buffer
                0x08005ad8       0x54 ./DataLog/User/usbd_cdc_interface.o
                0x08005ad8                CDC_Fill_Buffer
 .text.HAL_TIM_PeriodElapsedCallback
                0x08005b2c       0x90 ./DataLog/User/usbd_cdc_interface.o
                0x08005b2c                HAL_TIM_PeriodElapsedCallback
 .text.CDC_Itf_Receive
                0x08005bbc       0x18 ./DataLog/User/usbd_cdc_interface.o
 .text.TIM_Config
                0x08005bd4       0x40 ./DataLog/User/usbd_cdc_interface.o
 .text.Error_Handler
                0x08005c14        0xe ./DataLog/User/usbd_cdc_interface.o
 *fill*         0x08005c22        0x2 
 .text.HAL_PCD_MspInit
                0x08005c24       0x78 ./DataLog/User/usbd_conf.o
                0x08005c24                HAL_PCD_MspInit
 .text.HAL_PCD_SetupStageCallback
                0x08005c9c       0x24 ./DataLog/User/usbd_conf.o
                0x08005c9c                HAL_PCD_SetupStageCallback
 .text.HAL_PCD_DataOutStageCallback
                0x08005cc0       0x36 ./DataLog/User/usbd_conf.o
                0x08005cc0                HAL_PCD_DataOutStageCallback
 .text.HAL_PCD_DataInStageCallback
                0x08005cf6       0x34 ./DataLog/User/usbd_conf.o
                0x08005cf6                HAL_PCD_DataInStageCallback
 .text.HAL_PCD_SOFCallback
                0x08005d2a       0x1c ./DataLog/User/usbd_conf.o
                0x08005d2a                HAL_PCD_SOFCallback
 .text.HAL_PCD_ResetCallback
                0x08005d46       0x2a ./DataLog/User/usbd_conf.o
                0x08005d46                HAL_PCD_ResetCallback
 .text.HAL_PCD_SuspendCallback
                0x08005d70       0x1c ./DataLog/User/usbd_conf.o
                0x08005d70                HAL_PCD_SuspendCallback
 .text.HAL_PCD_ResumeCallback
                0x08005d8c       0x1c ./DataLog/User/usbd_conf.o
                0x08005d8c                HAL_PCD_ResumeCallback
 .text.HAL_PCD_ISOOUTIncompleteCallback
                0x08005da8       0x24 ./DataLog/User/usbd_conf.o
                0x08005da8                HAL_PCD_ISOOUTIncompleteCallback
 .text.HAL_PCD_ISOINIncompleteCallback
                0x08005dcc       0x24 ./DataLog/User/usbd_conf.o
                0x08005dcc                HAL_PCD_ISOINIncompleteCallback
 .text.HAL_PCD_ConnectCallback
                0x08005df0       0x1c ./DataLog/User/usbd_conf.o
                0x08005df0                HAL_PCD_ConnectCallback
 .text.HAL_PCD_DisconnectCallback
                0x08005e0c       0x1c ./DataLog/User/usbd_conf.o
                0x08005e0c                HAL_PCD_DisconnectCallback
 .text.USBD_LL_Init
                0x08005e28       0x94 ./DataLog/User/usbd_conf.o
                0x08005e28                USBD_LL_Init
 .text.USBD_LL_Start
                0x08005ebc       0x1e ./DataLog/User/usbd_conf.o
                0x08005ebc                USBD_LL_Start
 .text.USBD_LL_OpenEP
                0x08005eda       0x34 ./DataLog/User/usbd_conf.o
                0x08005eda                USBD_LL_OpenEP
 .text.USBD_LL_CloseEP
                0x08005f0e       0x26 ./DataLog/User/usbd_conf.o
                0x08005f0e                USBD_LL_CloseEP
 .text.USBD_LL_StallEP
                0x08005f34       0x26 ./DataLog/User/usbd_conf.o
                0x08005f34                USBD_LL_StallEP
 .text.USBD_LL_ClearStallEP
                0x08005f5a       0x26 ./DataLog/User/usbd_conf.o
                0x08005f5a                USBD_LL_ClearStallEP
 .text.USBD_LL_IsStallEP
                0x08005f80       0x58 ./DataLog/User/usbd_conf.o
                0x08005f80                USBD_LL_IsStallEP
 .text.USBD_LL_SetUSBAddress
                0x08005fd8       0x26 ./DataLog/User/usbd_conf.o
                0x08005fd8                USBD_LL_SetUSBAddress
 .text.USBD_LL_Transmit
                0x08005ffe       0x2e ./DataLog/User/usbd_conf.o
                0x08005ffe                USBD_LL_Transmit
 .text.USBD_LL_PrepareReceive
                0x0800602c       0x2e ./DataLog/User/usbd_conf.o
                0x0800602c                USBD_LL_PrepareReceive
 .text.USBD_LL_GetRxDataSize
                0x0800605a       0x26 ./DataLog/User/usbd_conf.o
                0x0800605a                USBD_LL_GetRxDataSize
 .text.USBD_VCP_DeviceDescriptor
                0x08006080       0x24 ./DataLog/User/usbd_desc.o
                0x08006080                USBD_VCP_DeviceDescriptor
 .text.USBD_VCP_LangIDStrDescriptor
                0x080060a4       0x24 ./DataLog/User/usbd_desc.o
                0x080060a4                USBD_VCP_LangIDStrDescriptor
 .text.USBD_VCP_ProductStrDescriptor
                0x080060c8       0x28 ./DataLog/User/usbd_desc.o
                0x080060c8                USBD_VCP_ProductStrDescriptor
 .text.USBD_VCP_ManufacturerStrDescriptor
                0x080060f0       0x28 ./DataLog/User/usbd_desc.o
                0x080060f0                USBD_VCP_ManufacturerStrDescriptor
 .text.USBD_VCP_SerialStrDescriptor
                0x08006118       0x24 ./DataLog/User/usbd_desc.o
                0x08006118                USBD_VCP_SerialStrDescriptor
 .text.USBD_VCP_ConfigStrDescriptor
                0x0800613c       0x28 ./DataLog/User/usbd_desc.o
                0x0800613c                USBD_VCP_ConfigStrDescriptor
 .text.USBD_VCP_InterfaceStrDescriptor
                0x08006164       0x28 ./DataLog/User/usbd_desc.o
                0x08006164                USBD_VCP_InterfaceStrDescriptor
 .text.Get_SerialNum
                0x0800618c       0x58 ./DataLog/User/usbd_desc.o
 .text.IntToUnicode
                0x080061e4       0x7e ./DataLog/User/usbd_desc.o
 .text.HTS221_ReadReg
                0x08006262       0x32 ./Drivers/BSP/Components/HTS221_Driver.o
                0x08006262                HTS221_ReadReg
 .text.HTS221_WriteReg
                0x08006294       0x32 ./Drivers/BSP/Components/HTS221_Driver.o
                0x08006294                HTS221_WriteReg
 .text.HTS221_Get_DeviceID
                0x080062c6       0x2a ./Drivers/BSP/Components/HTS221_Driver.o
                0x080062c6                HTS221_Get_DeviceID
 .text.HTS221_Get_Humidity
                0x080062f0      0x158 ./Drivers/BSP/Components/HTS221_Driver.o
                0x080062f0                HTS221_Get_Humidity
 .text.HTS221_Get_Temperature
                0x08006448      0x154 ./Drivers/BSP/Components/HTS221_Driver.o
                0x08006448                HTS221_Get_Temperature
 .text.HTS221_Get_DataStatus
                0x0800659c       0x48 ./Drivers/BSP/Components/HTS221_Driver.o
                0x0800659c                HTS221_Get_DataStatus
 .text.HTS221_Activate
                0x080065e4       0x4c ./Drivers/BSP/Components/HTS221_Driver.o
                0x080065e4                HTS221_Activate
 .text.HTS221_DeActivate
                0x08006630       0x4c ./Drivers/BSP/Components/HTS221_Driver.o
                0x08006630                HTS221_DeActivate
 .text.HTS221_Set_BduMode
                0x0800667c       0x80 ./Drivers/BSP/Components/HTS221_Driver.o
                0x0800667c                HTS221_Set_BduMode
 .text.HTS221_Set_Odr
                0x080066fc       0x80 ./Drivers/BSP/Components/HTS221_Driver.o
                0x080066fc                HTS221_Set_Odr
 .text.HTS221_Get_Odr
                0x0800677c       0x3c ./Drivers/BSP/Components/HTS221_Driver.o
                0x0800677c                HTS221_Get_Odr
 .text.HTS221_assert_failed
                0x080067b8       0x20 ./Drivers/BSP/Components/HTS221_Driver.o
                0x080067b8                HTS221_assert_failed
 .text.HTS221_H_Init
                0x080067d8       0x42 ./Drivers/BSP/Components/HTS221_Driver_HL.o
 .text.HTS221_H_DeInit
                0x0800681a       0x42 ./Drivers/BSP/Components/HTS221_Driver_HL.o
 .text.HTS221_H_Sensor_Enable
                0x0800685c       0x4e ./Drivers/BSP/Components/HTS221_Driver_HL.o
 .text.HTS221_H_Sensor_Disable
                0x080068aa       0x4e ./Drivers/BSP/Components/HTS221_Driver_HL.o
 .text.HTS221_H_Get_WhoAmI
                0x080068f8       0x1c ./Drivers/BSP/Components/HTS221_Driver_HL.o
 .text.HTS221_H_Check_WhoAmI
                0x08006914       0x18 ./Drivers/BSP/Components/HTS221_Driver_HL.o
 .text.HTS221_H_Get_Hum
                0x0800692c       0x1c ./Drivers/BSP/Components/HTS221_Driver_HL.o
 .text.HTS221_H_Get_ODR
                0x08006948       0x1c ./Drivers/BSP/Components/HTS221_Driver_HL.o
 .text.HTS221_H_Set_ODR
                0x08006964       0x20 ./Drivers/BSP/Components/HTS221_Driver_HL.o
 .text.HTS221_H_Set_ODR_Value
                0x08006984       0x20 ./Drivers/BSP/Components/HTS221_Driver_HL.o
 .text.HTS221_H_Read_Reg
                0x080069a4       0x2e ./Drivers/BSP/Components/HTS221_Driver_HL.o
 .text.HTS221_H_Write_Reg
                0x080069d2       0x30 ./Drivers/BSP/Components/HTS221_Driver_HL.o
 .text.HTS221_H_Get_DRDY_Status
                0x08006a02       0x4c ./Drivers/BSP/Components/HTS221_Driver_HL.o
 .text.HTS221_T_Init
                0x08006a4e       0x42 ./Drivers/BSP/Components/HTS221_Driver_HL.o
 .text.HTS221_T_DeInit
                0x08006a90       0x42 ./Drivers/BSP/Components/HTS221_Driver_HL.o
 .text.HTS221_T_Sensor_Enable
                0x08006ad2       0x4e ./Drivers/BSP/Components/HTS221_Driver_HL.o
 .text.HTS221_T_Sensor_Disable
                0x08006b20       0x4e ./Drivers/BSP/Components/HTS221_Driver_HL.o
 .text.HTS221_T_Get_WhoAmI
                0x08006b6e       0x1c ./Drivers/BSP/Components/HTS221_Driver_HL.o
 .text.HTS221_T_Check_WhoAmI
                0x08006b8a       0x18 ./Drivers/BSP/Components/HTS221_Driver_HL.o
 .text.HTS221_T_Get_Temp
                0x08006ba2       0x1c ./Drivers/BSP/Components/HTS221_Driver_HL.o
 .text.HTS221_T_Get_ODR
                0x08006bbe       0x1c ./Drivers/BSP/Components/HTS221_Driver_HL.o
 .text.HTS221_T_Set_ODR
                0x08006bda       0x20 ./Drivers/BSP/Components/HTS221_Driver_HL.o
 .text.HTS221_T_Set_ODR_Value
                0x08006bfa       0x20 ./Drivers/BSP/Components/HTS221_Driver_HL.o
 .text.HTS221_T_Read_Reg
                0x08006c1a       0x2e ./Drivers/BSP/Components/HTS221_Driver_HL.o
 .text.HTS221_T_Write_Reg
                0x08006c48       0x30 ./Drivers/BSP/Components/HTS221_Driver_HL.o
 .text.HTS221_T_Get_DRDY_Status
                0x08006c78       0x4c ./Drivers/BSP/Components/HTS221_Driver_HL.o
 .text.HTS221_Init
                0x08006cc4       0x56 ./Drivers/BSP/Components/HTS221_Driver_HL.o
 .text.HTS221_Sensor_Enable
                0x08006d1a       0x22 ./Drivers/BSP/Components/HTS221_Driver_HL.o
 .text.HTS221_Sensor_Disable
                0x08006d3c       0x22 ./Drivers/BSP/Components/HTS221_Driver_HL.o
 .text.HTS221_Get_WhoAmI
                0x08006d5e       0x26 ./Drivers/BSP/Components/HTS221_Driver_HL.o
 .text.HTS221_Check_WhoAmI
                0x08006d84       0x3a ./Drivers/BSP/Components/HTS221_Driver_HL.o
 .text.HTS221_Get_Hum
                0x08006dbe       0x46 ./Drivers/BSP/Components/HTS221_Driver_HL.o
 .text.HTS221_Get_Temp
                0x08006e04       0x48 ./Drivers/BSP/Components/HTS221_Driver_HL.o
 .text.HTS221_Get_ODR
                0x08006e4c       0x80 ./Drivers/BSP/Components/HTS221_Driver_HL.o
 .text.HTS221_Set_ODR
                0x08006ecc       0x6c ./Drivers/BSP/Components/HTS221_Driver_HL.o
 .text.HTS221_Set_ODR_Value
                0x08006f38       0x5a ./Drivers/BSP/Components/HTS221_Driver_HL.o
 .text.HTS221_Read_Reg
                0x08006f92       0x2e ./Drivers/BSP/Components/HTS221_Driver_HL.o
 .text.HTS221_Write_Reg
                0x08006fc0       0x30 ./Drivers/BSP/Components/HTS221_Driver_HL.o
 .text.LPS22HB_ReadReg
                0x08006ff0       0x32 ./Drivers/BSP/Components/LPS22HB_Driver.o
                0x08006ff0                LPS22HB_ReadReg
 .text.LPS22HB_WriteReg
                0x08007022       0x32 ./Drivers/BSP/Components/LPS22HB_Driver.o
                0x08007022                LPS22HB_WriteReg
 .text.LPS22HB_Get_DeviceID
                0x08007054       0x2a ./Drivers/BSP/Components/LPS22HB_Driver.o
                0x08007054                LPS22HB_Get_DeviceID
 .text.LPS22HB_Set_PowerMode
                0x0800707e       0x5a ./Drivers/BSP/Components/LPS22HB_Driver.o
                0x0800707e                LPS22HB_Set_PowerMode
 .text.LPS22HB_Set_Odr
                0x080070d8       0x5a ./Drivers/BSP/Components/LPS22HB_Driver.o
                0x080070d8                LPS22HB_Set_Odr
 .text.LPS22HB_Get_Odr
                0x08007132       0x38 ./Drivers/BSP/Components/LPS22HB_Driver.o
                0x08007132                LPS22HB_Get_Odr
 .text.LPS22HB_Set_LowPassFilter
                0x0800716a       0x64 ./Drivers/BSP/Components/LPS22HB_Driver.o
                0x0800716a                LPS22HB_Set_LowPassFilter
 .text.LPS22HB_Set_LowPassFilterCutoff
                0x080071ce       0x5a ./Drivers/BSP/Components/LPS22HB_Driver.o
                0x080071ce                LPS22HB_Set_LowPassFilterCutoff
 .text.LPS22HB_Set_Bdu
                0x08007228       0x5a ./Drivers/BSP/Components/LPS22HB_Driver.o
                0x08007228                LPS22HB_Set_Bdu
 .text.LPS22HB_SwResetAndMemoryBoot
                0x08007282       0x4c ./Drivers/BSP/Components/LPS22HB_Driver.o
                0x08007282                LPS22HB_SwResetAndMemoryBoot
 .text.LPS22HB_Set_FifoModeUse
                0x080072ce       0x64 ./Drivers/BSP/Components/LPS22HB_Driver.o
                0x080072ce                LPS22HB_Set_FifoModeUse
 .text.LPS22HB_Set_FifoWatermarkLevelUse
                0x08007332       0x64 ./Drivers/BSP/Components/LPS22HB_Driver.o
                0x08007332                LPS22HB_Set_FifoWatermarkLevelUse
 .text.LPS22HB_Set_AutomaticIncrementRegAddress
                0x08007396       0x64 ./Drivers/BSP/Components/LPS22HB_Driver.o
                0x08007396                LPS22HB_Set_AutomaticIncrementRegAddress
 .text.LPS22HB_Set_I2C
                0x080073fa       0x68 ./Drivers/BSP/Components/LPS22HB_Driver.o
                0x080073fa                LPS22HB_Set_I2C
 .text.LPS22HB_Set_FIFO_OVR_Interrupt
                0x08007462       0x64 ./Drivers/BSP/Components/LPS22HB_Driver.o
                0x08007462                LPS22HB_Set_FIFO_OVR_Interrupt
 .text.LPS22HB_Set_FIFO_FTH_Interrupt
                0x080074c6       0x64 ./Drivers/BSP/Components/LPS22HB_Driver.o
                0x080074c6                LPS22HB_Set_FIFO_FTH_Interrupt
 .text.LPS22HB_Set_FIFO_FULL_Interrupt
                0x0800752a       0x64 ./Drivers/BSP/Components/LPS22HB_Driver.o
                0x0800752a                LPS22HB_Set_FIFO_FULL_Interrupt
 .text.LPS22HB_Get_DataStatus
                0x0800758e       0x64 ./Drivers/BSP/Components/LPS22HB_Driver.o
                0x0800758e                LPS22HB_Get_DataStatus
 .text.LPS22HB_Get_RawPressure
                0x080075f2       0x74 ./Drivers/BSP/Components/LPS22HB_Driver.o
                0x080075f2                LPS22HB_Get_RawPressure
 .text.LPS22HB_Get_Pressure
                0x08007666       0x42 ./Drivers/BSP/Components/LPS22HB_Driver.o
                0x08007666                LPS22HB_Get_Pressure
 .text.LPS22HB_Get_RawTemperature
                0x080076a8       0x40 ./Drivers/BSP/Components/LPS22HB_Driver.o
                0x080076a8                LPS22HB_Get_RawTemperature
 .text.LPS22HB_Get_Temperature
                0x080076e8       0x44 ./Drivers/BSP/Components/LPS22HB_Driver.o
                0x080076e8                LPS22HB_Get_Temperature
 .text.LPS22HB_Set_FifoMode
                0x0800772c       0x5a ./Drivers/BSP/Components/LPS22HB_Driver.o
                0x0800772c                LPS22HB_Set_FifoMode
 .text.LPS22HB_Get_FifoMode
                0x08007786       0x3c ./Drivers/BSP/Components/LPS22HB_Driver.o
                0x08007786                LPS22HB_Get_FifoMode
 .text.LPS22HB_Set_FifoWatermarkLevel
                0x080077c2       0x5a ./Drivers/BSP/Components/LPS22HB_Driver.o
                0x080077c2                LPS22HB_Set_FifoWatermarkLevel
 .text.LPS22HB_Get_FifoWatermarkLevel
                0x0800781c       0x38 ./Drivers/BSP/Components/LPS22HB_Driver.o
                0x0800781c                LPS22HB_Get_FifoWatermarkLevel
 .text.LPS22HB_Get_FifoStatus
                0x08007854       0x7e ./Drivers/BSP/Components/LPS22HB_Driver.o
                0x08007854                LPS22HB_Get_FifoStatus
 .text.LPS22HB_P_Init
                0x080078d2       0x42 ./Drivers/BSP/Components/LPS22HB_Driver_HL.o
 .text.LPS22HB_P_DeInit
                0x08007914       0x40 ./Drivers/BSP/Components/LPS22HB_Driver_HL.o
 .text.LPS22HB_P_Sensor_Enable
                0x08007954       0x50 ./Drivers/BSP/Components/LPS22HB_Driver_HL.o
 .text.LPS22HB_P_Sensor_Disable
                0x080079a4       0x4e ./Drivers/BSP/Components/LPS22HB_Driver_HL.o
 .text.LPS22HB_P_Get_WhoAmI
                0x080079f2       0x1c ./Drivers/BSP/Components/LPS22HB_Driver_HL.o
 .text.LPS22HB_P_Check_WhoAmI
                0x08007a0e       0x18 ./Drivers/BSP/Components/LPS22HB_Driver_HL.o
 .text.LPS22HB_P_Get_Press
                0x08007a26       0x1c ./Drivers/BSP/Components/LPS22HB_Driver_HL.o
 .text.LPS22HB_P_Get_ODR
                0x08007a42       0x1c ./Drivers/BSP/Components/LPS22HB_Driver_HL.o
 .text.LPS22HB_P_Set_ODR
                0x08007a5e       0x54 ./Drivers/BSP/Components/LPS22HB_Driver_HL.o
 .text.LPS22HB_P_Set_ODR_Value
                0x08007ab2       0x54 ./Drivers/BSP/Components/LPS22HB_Driver_HL.o
 .text.LPS22HB_P_Read_Reg
                0x08007b06       0x2e ./Drivers/BSP/Components/LPS22HB_Driver_HL.o
 .text.LPS22HB_P_Write_Reg
                0x08007b34       0x30 ./Drivers/BSP/Components/LPS22HB_Driver_HL.o
 .text.LPS22HB_P_Get_DRDY_Status
                0x08007b64       0x30 ./Drivers/BSP/Components/LPS22HB_Driver_HL.o
 .text.LPS22HB_T_Init
                0x08007b94       0x42 ./Drivers/BSP/Components/LPS22HB_Driver_HL.o
 .text.LPS22HB_T_DeInit
                0x08007bd6       0x40 ./Drivers/BSP/Components/LPS22HB_Driver_HL.o
 .text.LPS22HB_T_Sensor_Enable
                0x08007c16       0x50 ./Drivers/BSP/Components/LPS22HB_Driver_HL.o
 .text.LPS22HB_T_Sensor_Disable
                0x08007c66       0x4e ./Drivers/BSP/Components/LPS22HB_Driver_HL.o
 .text.LPS22HB_T_Get_WhoAmI
                0x08007cb4       0x1c ./Drivers/BSP/Components/LPS22HB_Driver_HL.o
 .text.LPS22HB_T_Check_WhoAmI
                0x08007cd0       0x18 ./Drivers/BSP/Components/LPS22HB_Driver_HL.o
 .text.LPS22HB_T_Get_Temp
                0x08007ce8       0x1c ./Drivers/BSP/Components/LPS22HB_Driver_HL.o
 .text.LPS22HB_T_Get_ODR
                0x08007d04       0x1c ./Drivers/BSP/Components/LPS22HB_Driver_HL.o
 .text.LPS22HB_T_Set_ODR
                0x08007d20       0x54 ./Drivers/BSP/Components/LPS22HB_Driver_HL.o
 .text.LPS22HB_T_Set_ODR_Value
                0x08007d74       0x54 ./Drivers/BSP/Components/LPS22HB_Driver_HL.o
 .text.LPS22HB_T_Read_Reg
                0x08007dc8       0x2e ./Drivers/BSP/Components/LPS22HB_Driver_HL.o
 .text.LPS22HB_T_Write_Reg
                0x08007df6       0x30 ./Drivers/BSP/Components/LPS22HB_Driver_HL.o
 .text.LPS22HB_T_Get_DRDY_Status
                0x08007e26       0x30 ./Drivers/BSP/Components/LPS22HB_Driver_HL.o
 *fill*         0x08007e56        0x2 
 .text.LPS22HB_Initialize
                0x08007e58       0xbc ./Drivers/BSP/Components/LPS22HB_Driver_HL.o
 .text.LPS22HB_Get_WhoAmI
                0x08007f14       0x26 ./Drivers/BSP/Components/LPS22HB_Driver_HL.o
 .text.LPS22HB_Check_WhoAmI
                0x08007f3a       0x3a ./Drivers/BSP/Components/LPS22HB_Driver_HL.o
 .text.LPS22HB_Get_Press
                0x08007f74       0x4c ./Drivers/BSP/Components/LPS22HB_Driver_HL.o
 .text.LPS22HB_Get_Temp
                0x08007fc0       0x48 ./Drivers/BSP/Components/LPS22HB_Driver_HL.o
 .text.LPS22HB_Get_ODR
                0x08008008       0xa8 ./Drivers/BSP/Components/LPS22HB_Driver_HL.o
 .text.LPS22HB_Set_ODR_When_Enabled
                0x080080b0       0x88 ./Drivers/BSP/Components/LPS22HB_Driver_HL.o
 .text.LPS22HB_Set_ODR_When_Disabled
                0x08008138       0x7c ./Drivers/BSP/Components/LPS22HB_Driver_HL.o
 .text.LPS22HB_Set_ODR_Value_When_Enabled
                0x080081b4       0xa4 ./Drivers/BSP/Components/LPS22HB_Driver_HL.o
 .text.LPS22HB_Set_ODR_Value_When_Disabled
                0x08008258       0x90 ./Drivers/BSP/Components/LPS22HB_Driver_HL.o
 .text.LPS22HB_Read_Reg
                0x080082e8       0x2e ./Drivers/BSP/Components/LPS22HB_Driver_HL.o
 .text.LPS22HB_Write_Reg
                0x08008316       0x30 ./Drivers/BSP/Components/LPS22HB_Driver_HL.o
 .text.LPS22HB_FIFO_Get_Empty_Status
                0x08008346       0x30 ./Drivers/BSP/Components/LPS22HB_Driver_HL.o
 .text.LPS22HB_FIFO_Get_Full_Status
                0x08008376       0x30 ./Drivers/BSP/Components/LPS22HB_Driver_HL.o
 .text.LPS22HB_FIFO_Get_Ovr_Status
                0x080083a6       0x30 ./Drivers/BSP/Components/LPS22HB_Driver_HL.o
 .text.LPS22HB_FIFO_Get_Fth_Status
                0x080083d6       0x30 ./Drivers/BSP/Components/LPS22HB_Driver_HL.o
 .text.LPS22HB_FIFO_Stop_On_Fth
                0x08008406       0x36 ./Drivers/BSP/Components/LPS22HB_Driver_HL.o
 .text.LPS22HB_FIFO_Usage
                0x0800843c       0x36 ./Drivers/BSP/Components/LPS22HB_Driver_HL.o
 .text.LPS22HB_FIFO_Get_Num_Of_Samples
                0x08008472       0x30 ./Drivers/BSP/Components/LPS22HB_Driver_HL.o
 .text.LPS22HB_FIFO_Get_Data
                0x080084a2       0x3a ./Drivers/BSP/Components/LPS22HB_Driver_HL.o
 .text.LPS22HB_FIFO_Get_Mode
                0x080084dc       0x30 ./Drivers/BSP/Components/LPS22HB_Driver_HL.o
 .text.LPS22HB_FIFO_Set_Mode
                0x0800850c       0x5a ./Drivers/BSP/Components/LPS22HB_Driver_HL.o
 .text.LPS22HB_FIFO_Get_Watermark_Level
                0x08008566       0x26 ./Drivers/BSP/Components/LPS22HB_Driver_HL.o
 .text.LPS22HB_FIFO_Set_Watermark_Level
                0x0800858c       0x2a ./Drivers/BSP/Components/LPS22HB_Driver_HL.o
 .text.LPS22HB_FIFO_Watermark_Usage
                0x080085b6       0x36 ./Drivers/BSP/Components/LPS22HB_Driver_HL.o
 .text.LPS22HB_FIFO_Set_Interrupt
                0x080085ec       0x6e ./Drivers/BSP/Components/LPS22HB_Driver_HL.o
 .text.LPS22HB_FIFO_Reset_Interrupt
                0x0800865a       0x6e ./Drivers/BSP/Components/LPS22HB_Driver_HL.o
 .text.LSM303AGR_ACC_WriteReg
                0x080086c8       0x34 ./Drivers/BSP/Components/LSM303AGR_ACC_driver.o
                0x080086c8                LSM303AGR_ACC_WriteReg
 .text.LSM303AGR_ACC_ReadReg
                0x080086fc       0x34 ./Drivers/BSP/Components/LSM303AGR_ACC_driver.o
                0x080086fc                LSM303AGR_ACC_ReadReg
 .text.LSM303AGR_ACC_R_WHO_AM_I
                0x08008730       0x3a ./Drivers/BSP/Components/LSM303AGR_ACC_driver.o
                0x08008730                LSM303AGR_ACC_R_WHO_AM_I
 .text.LSM303AGR_ACC_W_BlockDataUpdate
                0x0800876a       0x5a ./Drivers/BSP/Components/LSM303AGR_ACC_driver.o
                0x0800876a                LSM303AGR_ACC_W_BlockDataUpdate
 .text.LSM303AGR_ACC_W_FullScale
                0x080087c4       0x5a ./Drivers/BSP/Components/LSM303AGR_ACC_driver.o
                0x080087c4                LSM303AGR_ACC_W_FullScale
 .text.LSM303AGR_ACC_R_FullScale
                0x0800881e       0x38 ./Drivers/BSP/Components/LSM303AGR_ACC_driver.o
                0x0800881e                LSM303AGR_ACC_R_FullScale
 .text.LSM303AGR_ACC_Get_Raw_Acceleration
                0x08008856       0x2a ./Drivers/BSP/Components/LSM303AGR_ACC_driver.o
                0x08008856                LSM303AGR_ACC_Get_Raw_Acceleration
 .text.LSM303AGR_ACC_Get_Acceleration
                0x08008880      0x248 ./Drivers/BSP/Components/LSM303AGR_ACC_driver.o
                0x08008880                LSM303AGR_ACC_Get_Acceleration
 .text.LSM303AGR_ACC_W_ODR
                0x08008ac8       0x5a ./Drivers/BSP/Components/LSM303AGR_ACC_driver.o
                0x08008ac8                LSM303AGR_ACC_W_ODR
 .text.LSM303AGR_ACC_R_ODR
                0x08008b22       0x38 ./Drivers/BSP/Components/LSM303AGR_ACC_driver.o
                0x08008b22                LSM303AGR_ACC_R_ODR
 .text.LSM303AGR_ACC_W_XEN
                0x08008b5a       0x5a ./Drivers/BSP/Components/LSM303AGR_ACC_driver.o
                0x08008b5a                LSM303AGR_ACC_W_XEN
 .text.LSM303AGR_ACC_R_XEN
                0x08008bb4       0x38 ./Drivers/BSP/Components/LSM303AGR_ACC_driver.o
                0x08008bb4                LSM303AGR_ACC_R_XEN
 .text.LSM303AGR_ACC_W_YEN
                0x08008bec       0x5a ./Drivers/BSP/Components/LSM303AGR_ACC_driver.o
                0x08008bec                LSM303AGR_ACC_W_YEN
 .text.LSM303AGR_ACC_R_YEN
                0x08008c46       0x38 ./Drivers/BSP/Components/LSM303AGR_ACC_driver.o
                0x08008c46                LSM303AGR_ACC_R_YEN
 .text.LSM303AGR_ACC_W_ZEN
                0x08008c7e       0x5a ./Drivers/BSP/Components/LSM303AGR_ACC_driver.o
                0x08008c7e                LSM303AGR_ACC_W_ZEN
 .text.LSM303AGR_ACC_R_ZEN
                0x08008cd8       0x38 ./Drivers/BSP/Components/LSM303AGR_ACC_driver.o
                0x08008cd8                LSM303AGR_ACC_R_ZEN
 .text.LSM303AGR_ACC_R_LOWPWR_EN
                0x08008d10       0x38 ./Drivers/BSP/Components/LSM303AGR_ACC_driver.o
                0x08008d10                LSM303AGR_ACC_R_LOWPWR_EN
 .text.LSM303AGR_ACC_R_HiRes
                0x08008d48       0x38 ./Drivers/BSP/Components/LSM303AGR_ACC_driver.o
                0x08008d48                LSM303AGR_ACC_R_HiRes
 .text.LSM303AGR_ACC_R_XDataAvail
                0x08008d80       0x38 ./Drivers/BSP/Components/LSM303AGR_ACC_driver.o
                0x08008d80                LSM303AGR_ACC_R_XDataAvail
 .text.LSM303AGR_ACC_W_FifoMode
                0x08008db8       0x5a ./Drivers/BSP/Components/LSM303AGR_ACC_driver.o
                0x08008db8                LSM303AGR_ACC_W_FifoMode
 *fill*         0x08008e12        0x2 
 .text.LSM303AGR_X_Init
                0x08008e14       0xc0 ./Drivers/BSP/Components/LSM303AGR_ACC_driver_HL.o
 .text.LSM303AGR_X_DeInit
                0x08008ed4       0x58 ./Drivers/BSP/Components/LSM303AGR_ACC_driver_HL.o
 .text.LSM303AGR_X_Sensor_Enable
                0x08008f2c       0x4a ./Drivers/BSP/Components/LSM303AGR_ACC_driver_HL.o
 .text.LSM303AGR_X_Sensor_Disable
                0x08008f76       0x58 ./Drivers/BSP/Components/LSM303AGR_ACC_driver_HL.o
 .text.LSM303AGR_X_Get_WhoAmI
                0x08008fce       0x26 ./Drivers/BSP/Components/LSM303AGR_ACC_driver_HL.o
 .text.LSM303AGR_X_Check_WhoAmI
                0x08008ff4       0x3a ./Drivers/BSP/Components/LSM303AGR_ACC_driver_HL.o
 .text.LSM303AGR_X_Get_Axes
                0x0800902e       0x3c ./Drivers/BSP/Components/LSM303AGR_ACC_driver_HL.o
 .text.LSM303AGR_X_Get_AxesRaw
                0x0800906a       0x42 ./Drivers/BSP/Components/LSM303AGR_ACC_driver_HL.o
 .text.LSM303AGR_X_Get_Sensitivity
                0x080090ac       0x88 ./Drivers/BSP/Components/LSM303AGR_ACC_driver_HL.o
 .text.LSM303AGR_X_Get_ODR
                0x08009134       0xd0 ./Drivers/BSP/Components/LSM303AGR_ACC_driver_HL.o
 .text.LSM303AGR_X_Set_ODR
                0x08009204       0x46 ./Drivers/BSP/Components/LSM303AGR_ACC_driver_HL.o
 .text.LSM303AGR_X_Set_ODR_Value
                0x0800924a       0x46 ./Drivers/BSP/Components/LSM303AGR_ACC_driver_HL.o
 .text.LSM303AGR_X_Get_FS
                0x08009290       0x7c ./Drivers/BSP/Components/LSM303AGR_ACC_driver_HL.o
 .text.LSM303AGR_X_Set_FS
                0x0800930c       0x54 ./Drivers/BSP/Components/LSM303AGR_ACC_driver_HL.o
 .text.LSM303AGR_X_Set_FS_Value
                0x08009360       0x70 ./Drivers/BSP/Components/LSM303AGR_ACC_driver_HL.o
 .text.LSM303AGR_X_Get_Axes_Status
                0x080093d0       0x8c ./Drivers/BSP/Components/LSM303AGR_ACC_driver_HL.o
 .text.LSM303AGR_X_Set_Axes_Status
                0x0800945c       0x78 ./Drivers/BSP/Components/LSM303AGR_ACC_driver_HL.o
 .text.LSM303AGR_X_Read_Reg
                0x080094d4       0x2e ./Drivers/BSP/Components/LSM303AGR_ACC_driver_HL.o
 .text.LSM303AGR_X_Write_Reg
                0x08009502       0x30 ./Drivers/BSP/Components/LSM303AGR_ACC_driver_HL.o
 .text.LSM303AGR_X_Get_DRDY_Status
                0x08009532       0x48 ./Drivers/BSP/Components/LSM303AGR_ACC_driver_HL.o
 .text.LSM303AGR_X_Get_Axes_Raw
                0x0800957a       0xca ./Drivers/BSP/Components/LSM303AGR_ACC_driver_HL.o
 .text.LSM303AGR_X_Set_ODR_When_Enabled
                0x08009644       0x6c ./Drivers/BSP/Components/LSM303AGR_ACC_driver_HL.o
 .text.LSM303AGR_X_Set_ODR_When_Disabled
                0x080096b0       0x84 ./Drivers/BSP/Components/LSM303AGR_ACC_driver_HL.o
 .text.LSM303AGR_X_Set_ODR_Value_When_Enabled
                0x08009734       0xc0 ./Drivers/BSP/Components/LSM303AGR_ACC_driver_HL.o
 .text.LSM303AGR_X_Set_ODR_Value_When_Disabled
                0x080097f4       0xd8 ./Drivers/BSP/Components/LSM303AGR_ACC_driver_HL.o
 .text.LSM303AGR_X_Get_Sensitivity_Normal_Mode
                0x080098cc       0x84 ./Drivers/BSP/Components/LSM303AGR_ACC_driver_HL.o
 .text.LSM303AGR_X_Get_Sensitivity_LP_Mode
                0x08009950       0x84 ./Drivers/BSP/Components/LSM303AGR_ACC_driver_HL.o
 .text.LSM303AGR_X_Get_Sensitivity_HR_Mode
                0x080099d4       0x84 ./Drivers/BSP/Components/LSM303AGR_ACC_driver_HL.o
 .text.LSM303AGR_MAG_WriteReg
                0x08009a58       0x34 ./Drivers/BSP/Components/LSM303AGR_MAG_driver.o
                0x08009a58                LSM303AGR_MAG_WriteReg
 .text.LSM303AGR_MAG_ReadReg
                0x08009a8c       0x34 ./Drivers/BSP/Components/LSM303AGR_MAG_driver.o
                0x08009a8c                LSM303AGR_MAG_ReadReg
 .text.LSM303AGR_MAG_R_WHO_AM_I
                0x08009ac0       0x3a ./Drivers/BSP/Components/LSM303AGR_MAG_driver.o
                0x08009ac0                LSM303AGR_MAG_R_WHO_AM_I
 .text.LSM303AGR_MAG_W_BDU
                0x08009afa       0x5a ./Drivers/BSP/Components/LSM303AGR_MAG_driver.o
                0x08009afa                LSM303AGR_MAG_W_BDU
 .text.LSM303AGR_MAG_W_MD
                0x08009b54       0x5a ./Drivers/BSP/Components/LSM303AGR_MAG_driver.o
                0x08009b54                LSM303AGR_MAG_W_MD
 .text.LSM303AGR_MAG_Get_Raw_Magnetic
                0x08009bae       0x2a ./Drivers/BSP/Components/LSM303AGR_MAG_driver.o
                0x08009bae                LSM303AGR_MAG_Get_Raw_Magnetic
 .text.LSM303AGR_MAG_W_ODR
                0x08009bd8       0x5a ./Drivers/BSP/Components/LSM303AGR_MAG_driver.o
                0x08009bd8                LSM303AGR_MAG_W_ODR
 .text.LSM303AGR_MAG_R_ODR
                0x08009c32       0x38 ./Drivers/BSP/Components/LSM303AGR_MAG_driver.o
                0x08009c32                LSM303AGR_MAG_R_ODR
 .text.LSM303AGR_MAG_W_ST
                0x08009c6a       0x5a ./Drivers/BSP/Components/LSM303AGR_MAG_driver.o
                0x08009c6a                LSM303AGR_MAG_W_ST
 .text.LSM303AGR_MAG_W_I2C_DIS
                0x08009cc4       0x5a ./Drivers/BSP/Components/LSM303AGR_MAG_driver.o
                0x08009cc4                LSM303AGR_MAG_W_I2C_DIS
 .text.LSM303AGR_MAG_R_ZYXDA
                0x08009d1e       0x38 ./Drivers/BSP/Components/LSM303AGR_MAG_driver.o
                0x08009d1e                LSM303AGR_MAG_R_ZYXDA
 .text.LSM303AGR_M_Init
                0x08009d56       0x9a ./Drivers/BSP/Components/LSM303AGR_MAG_driver_HL.o
 .text.LSM303AGR_M_DeInit
                0x08009df0       0x50 ./Drivers/BSP/Components/LSM303AGR_MAG_driver_HL.o
 .text.LSM303AGR_M_Sensor_Enable
                0x08009e40       0x36 ./Drivers/BSP/Components/LSM303AGR_MAG_driver_HL.o
 .text.LSM303AGR_M_Sensor_Disable
                0x08009e76       0x36 ./Drivers/BSP/Components/LSM303AGR_MAG_driver_HL.o
 .text.LSM303AGR_M_Get_WhoAmI
                0x08009eac       0x26 ./Drivers/BSP/Components/LSM303AGR_MAG_driver_HL.o
 .text.LSM303AGR_M_Check_WhoAmI
                0x08009ed2       0x3a ./Drivers/BSP/Components/LSM303AGR_MAG_driver_HL.o
 .text.LSM303AGR_M_Get_Axes
                0x08009f0c       0xa6 ./Drivers/BSP/Components/LSM303AGR_MAG_driver_HL.o
 .text.LSM303AGR_M_Get_AxesRaw
                0x08009fb2       0x42 ./Drivers/BSP/Components/LSM303AGR_MAG_driver_HL.o
 .text.LSM303AGR_M_Get_Sensitivity
                0x08009ff4       0x20 ./Drivers/BSP/Components/LSM303AGR_MAG_driver_HL.o
 .text.LSM303AGR_M_Get_ODR
                0x0800a014       0xa8 ./Drivers/BSP/Components/LSM303AGR_MAG_driver_HL.o
 .text.LSM303AGR_M_Set_ODR
                0x0800a0bc       0x6c ./Drivers/BSP/Components/LSM303AGR_MAG_driver_HL.o
 .text.LSM303AGR_M_Set_ODR_Value
                0x0800a128       0x74 ./Drivers/BSP/Components/LSM303AGR_MAG_driver_HL.o
 .text.LSM303AGR_M_Get_FS
                0x0800a19c       0x24 ./Drivers/BSP/Components/LSM303AGR_MAG_driver_HL.o
 .text.LSM303AGR_M_Set_FS
                0x0800a1c0       0x1a ./Drivers/BSP/Components/LSM303AGR_MAG_driver_HL.o
 .text.LSM303AGR_M_Set_FS_Value
                0x0800a1da       0x1a ./Drivers/BSP/Components/LSM303AGR_MAG_driver_HL.o
 .text.LSM303AGR_M_Read_Reg
                0x0800a1f4       0x2e ./Drivers/BSP/Components/LSM303AGR_MAG_driver_HL.o
 .text.LSM303AGR_M_Write_Reg
                0x0800a222       0x30 ./Drivers/BSP/Components/LSM303AGR_MAG_driver_HL.o
 .text.LSM303AGR_M_Get_DRDY_Status
                0x0800a252       0x48 ./Drivers/BSP/Components/LSM303AGR_MAG_driver_HL.o
 .text.LSM303AGR_M_Get_Axes_Raw
                0x0800a29a       0x5c ./Drivers/BSP/Components/LSM303AGR_MAG_driver_HL.o
 .text.LSM6DSM_ACC_GYRO_ReadReg
                0x0800a2f6       0x2e ./Drivers/BSP/Components/LSM6DSM_ACC_GYRO_driver.o
                0x0800a2f6                LSM6DSM_ACC_GYRO_ReadReg
 .text.LSM6DSM_ACC_GYRO_WriteReg
                0x0800a324       0x30 ./Drivers/BSP/Components/LSM6DSM_ACC_GYRO_driver.o
                0x0800a324                LSM6DSM_ACC_GYRO_WriteReg
 .text.LSM6DSM_ACC_GYRO_W_EmbeddedAccess
                0x0800a354       0x58 ./Drivers/BSP/Components/LSM6DSM_ACC_GYRO_driver.o
                0x0800a354                LSM6DSM_ACC_GYRO_W_EmbeddedAccess
 .text.LSM6DSM_ACC_GYRO_W_FIFO_MODE
                0x0800a3ac       0x58 ./Drivers/BSP/Components/LSM6DSM_ACC_GYRO_driver.o
                0x0800a3ac                LSM6DSM_ACC_GYRO_W_FIFO_MODE
 .text.LSM6DSM_ACC_GYRO_W_STEP_DELTA_on_INT2
                0x0800a404       0x58 ./Drivers/BSP/Components/LSM6DSM_ACC_GYRO_driver.o
                0x0800a404                LSM6DSM_ACC_GYRO_W_STEP_DELTA_on_INT2
 .text.LSM6DSM_ACC_GYRO_R_WHO_AM_I
                0x0800a45c       0x38 ./Drivers/BSP/Components/LSM6DSM_ACC_GYRO_driver.o
                0x0800a45c                LSM6DSM_ACC_GYRO_R_WHO_AM_I
 .text.LSM6DSM_ACC_GYRO_W_FS_XL
                0x0800a494       0x58 ./Drivers/BSP/Components/LSM6DSM_ACC_GYRO_driver.o
                0x0800a494                LSM6DSM_ACC_GYRO_W_FS_XL
 .text.LSM6DSM_ACC_GYRO_R_FS_XL
                0x0800a4ec       0x36 ./Drivers/BSP/Components/LSM6DSM_ACC_GYRO_driver.o
                0x0800a4ec                LSM6DSM_ACC_GYRO_R_FS_XL
 .text.LSM6DSM_ACC_GYRO_W_ODR_XL
                0x0800a522       0x58 ./Drivers/BSP/Components/LSM6DSM_ACC_GYRO_driver.o
                0x0800a522                LSM6DSM_ACC_GYRO_W_ODR_XL
 .text.LSM6DSM_ACC_GYRO_R_ODR_XL
                0x0800a57a       0x36 ./Drivers/BSP/Components/LSM6DSM_ACC_GYRO_driver.o
                0x0800a57a                LSM6DSM_ACC_GYRO_R_ODR_XL
 .text.LSM6DSM_ACC_GYRO_W_FS_125
                0x0800a5b0       0x58 ./Drivers/BSP/Components/LSM6DSM_ACC_GYRO_driver.o
                0x0800a5b0                LSM6DSM_ACC_GYRO_W_FS_125
 .text.LSM6DSM_ACC_GYRO_R_FS_125
                0x0800a608       0x36 ./Drivers/BSP/Components/LSM6DSM_ACC_GYRO_driver.o
                0x0800a608                LSM6DSM_ACC_GYRO_R_FS_125
 .text.LSM6DSM_ACC_GYRO_W_FS_G
                0x0800a63e       0x58 ./Drivers/BSP/Components/LSM6DSM_ACC_GYRO_driver.o
                0x0800a63e                LSM6DSM_ACC_GYRO_W_FS_G
 .text.LSM6DSM_ACC_GYRO_R_FS_G
                0x0800a696       0x36 ./Drivers/BSP/Components/LSM6DSM_ACC_GYRO_driver.o
                0x0800a696                LSM6DSM_ACC_GYRO_R_FS_G
 .text.LSM6DSM_ACC_GYRO_W_ODR_G
                0x0800a6cc       0x58 ./Drivers/BSP/Components/LSM6DSM_ACC_GYRO_driver.o
                0x0800a6cc                LSM6DSM_ACC_GYRO_W_ODR_G
 .text.LSM6DSM_ACC_GYRO_R_ODR_G
                0x0800a724       0x36 ./Drivers/BSP/Components/LSM6DSM_ACC_GYRO_driver.o
                0x0800a724                LSM6DSM_ACC_GYRO_R_ODR_G
 .text.LSM6DSM_ACC_GYRO_W_IF_Addr_Incr
                0x0800a75a       0x58 ./Drivers/BSP/Components/LSM6DSM_ACC_GYRO_driver.o
                0x0800a75a                LSM6DSM_ACC_GYRO_W_IF_Addr_Incr
 .text.LSM6DSM_ACC_GYRO_W_BDU
                0x0800a7b2       0x58 ./Drivers/BSP/Components/LSM6DSM_ACC_GYRO_driver.o
                0x0800a7b2                LSM6DSM_ACC_GYRO_W_BDU
 .text.LSM6DSM_ACC_GYRO_W_I2C_DISABLE
                0x0800a80a       0x58 ./Drivers/BSP/Components/LSM6DSM_ACC_GYRO_driver.o
                0x0800a80a                LSM6DSM_ACC_GYRO_W_I2C_DISABLE
 .text.LSM6DSM_ACC_GYRO_W_PedoStepReset
                0x0800a862       0x58 ./Drivers/BSP/Components/LSM6DSM_ACC_GYRO_driver.o
                0x0800a862                LSM6DSM_ACC_GYRO_W_PedoStepReset
 .text.LSM6DSM_ACC_GYRO_W_TILT
                0x0800a8ba       0x58 ./Drivers/BSP/Components/LSM6DSM_ACC_GYRO_driver.o
                0x0800a8ba                LSM6DSM_ACC_GYRO_W_TILT
 .text.LSM6DSM_ACC_GYRO_W_PEDO
                0x0800a912       0x58 ./Drivers/BSP/Components/LSM6DSM_ACC_GYRO_driver.o
                0x0800a912                LSM6DSM_ACC_GYRO_W_PEDO
 .text.LSM6DSM_ACC_GYRO_W_FUNC_EN
                0x0800a96a       0x58 ./Drivers/BSP/Components/LSM6DSM_ACC_GYRO_driver.o
                0x0800a96a                LSM6DSM_ACC_GYRO_W_FUNC_EN
 .text.LSM6DSM_ACC_GYRO_R_WU_EV_STATUS
                0x0800a9c2       0x36 ./Drivers/BSP/Components/LSM6DSM_ACC_GYRO_driver.o
                0x0800a9c2                LSM6DSM_ACC_GYRO_R_WU_EV_STATUS
 .text.LSM6DSM_ACC_GYRO_R_FF_EV_STATUS
                0x0800a9f8       0x36 ./Drivers/BSP/Components/LSM6DSM_ACC_GYRO_driver.o
                0x0800a9f8                LSM6DSM_ACC_GYRO_R_FF_EV_STATUS
 .text.LSM6DSM_ACC_GYRO_R_DOUBLE_TAP_EV_STATUS
                0x0800aa2e       0x36 ./Drivers/BSP/Components/LSM6DSM_ACC_GYRO_driver.o
                0x0800aa2e                LSM6DSM_ACC_GYRO_R_DOUBLE_TAP_EV_STATUS
 .text.LSM6DSM_ACC_GYRO_R_SINGLE_TAP_EV_STATUS
                0x0800aa64       0x36 ./Drivers/BSP/Components/LSM6DSM_ACC_GYRO_driver.o
                0x0800aa64                LSM6DSM_ACC_GYRO_R_SINGLE_TAP_EV_STATUS
 .text.LSM6DSM_ACC_GYRO_R_DSD_XL
                0x0800aa9a       0x36 ./Drivers/BSP/Components/LSM6DSM_ACC_GYRO_driver.o
                0x0800aa9a                LSM6DSM_ACC_GYRO_R_DSD_XL
 .text.LSM6DSM_ACC_GYRO_R_DSD_XH
                0x0800aad0       0x36 ./Drivers/BSP/Components/LSM6DSM_ACC_GYRO_driver.o
                0x0800aad0                LSM6DSM_ACC_GYRO_R_DSD_XH
 .text.LSM6DSM_ACC_GYRO_R_DSD_YL
                0x0800ab06       0x36 ./Drivers/BSP/Components/LSM6DSM_ACC_GYRO_driver.o
                0x0800ab06                LSM6DSM_ACC_GYRO_R_DSD_YL
 .text.LSM6DSM_ACC_GYRO_R_DSD_YH
                0x0800ab3c       0x36 ./Drivers/BSP/Components/LSM6DSM_ACC_GYRO_driver.o
                0x0800ab3c                LSM6DSM_ACC_GYRO_R_DSD_YH
 .text.LSM6DSM_ACC_GYRO_R_DSD_ZL
                0x0800ab72       0x36 ./Drivers/BSP/Components/LSM6DSM_ACC_GYRO_driver.o
                0x0800ab72                LSM6DSM_ACC_GYRO_R_DSD_ZL
 .text.LSM6DSM_ACC_GYRO_R_DSD_ZH
                0x0800aba8       0x36 ./Drivers/BSP/Components/LSM6DSM_ACC_GYRO_driver.o
                0x0800aba8                LSM6DSM_ACC_GYRO_R_DSD_ZH
 .text.LSM6DSM_ACC_GYRO_R_D6D_EV_STATUS
                0x0800abde       0x36 ./Drivers/BSP/Components/LSM6DSM_ACC_GYRO_driver.o
                0x0800abde                LSM6DSM_ACC_GYRO_R_D6D_EV_STATUS
 .text.LSM6DSM_ACC_GYRO_R_XLDA
                0x0800ac14       0x36 ./Drivers/BSP/Components/LSM6DSM_ACC_GYRO_driver.o
                0x0800ac14                LSM6DSM_ACC_GYRO_R_XLDA
 .text.LSM6DSM_ACC_GYRO_R_GDA
                0x0800ac4a       0x36 ./Drivers/BSP/Components/LSM6DSM_ACC_GYRO_driver.o
                0x0800ac4a                LSM6DSM_ACC_GYRO_R_GDA
 .text.LSM6DSM_ACC_GYRO_R_PEDO_EV_STATUS
                0x0800ac80       0x36 ./Drivers/BSP/Components/LSM6DSM_ACC_GYRO_driver.o
                0x0800ac80                LSM6DSM_ACC_GYRO_R_PEDO_EV_STATUS
 .text.LSM6DSM_ACC_GYRO_R_TILT_EV_STATUS
                0x0800acb6       0x36 ./Drivers/BSP/Components/LSM6DSM_ACC_GYRO_driver.o
                0x0800acb6                LSM6DSM_ACC_GYRO_R_TILT_EV_STATUS
 .text.LSM6DSM_ACC_GYRO_W_TAP_Z_EN
                0x0800acec       0x58 ./Drivers/BSP/Components/LSM6DSM_ACC_GYRO_driver.o
                0x0800acec                LSM6DSM_ACC_GYRO_W_TAP_Z_EN
 .text.LSM6DSM_ACC_GYRO_W_TAP_Y_EN
                0x0800ad44       0x58 ./Drivers/BSP/Components/LSM6DSM_ACC_GYRO_driver.o
                0x0800ad44                LSM6DSM_ACC_GYRO_W_TAP_Y_EN
 .text.LSM6DSM_ACC_GYRO_W_TAP_X_EN
                0x0800ad9c       0x58 ./Drivers/BSP/Components/LSM6DSM_ACC_GYRO_driver.o
                0x0800ad9c                LSM6DSM_ACC_GYRO_W_TAP_X_EN
 .text.LSM6DSM_ACC_GYRO_W_BASIC_INT
                0x0800adf4       0x58 ./Drivers/BSP/Components/LSM6DSM_ACC_GYRO_driver.o
                0x0800adf4                LSM6DSM_ACC_GYRO_W_BASIC_INT
 .text.LSM6DSM_ACC_GYRO_W_TAP_THS
                0x0800ae4c       0x60 ./Drivers/BSP/Components/LSM6DSM_ACC_GYRO_driver.o
                0x0800ae4c                LSM6DSM_ACC_GYRO_W_TAP_THS
 .text.LSM6DSM_ACC_GYRO_W_SIXD_THS
                0x0800aeac       0x58 ./Drivers/BSP/Components/LSM6DSM_ACC_GYRO_driver.o
                0x0800aeac                LSM6DSM_ACC_GYRO_W_SIXD_THS
 .text.LSM6DSM_ACC_GYRO_W_SHOCK_Duration
                0x0800af04       0x60 ./Drivers/BSP/Components/LSM6DSM_ACC_GYRO_driver.o
                0x0800af04                LSM6DSM_ACC_GYRO_W_SHOCK_Duration
 .text.LSM6DSM_ACC_GYRO_W_QUIET_Duration
                0x0800af64       0x66 ./Drivers/BSP/Components/LSM6DSM_ACC_GYRO_driver.o
                0x0800af64                LSM6DSM_ACC_GYRO_W_QUIET_Duration
 .text.LSM6DSM_ACC_GYRO_W_DUR
                0x0800afca       0x66 ./Drivers/BSP/Components/LSM6DSM_ACC_GYRO_driver.o
                0x0800afca                LSM6DSM_ACC_GYRO_W_DUR
 .text.LSM6DSM_ACC_GYRO_W_WK_THS
                0x0800b030       0x60 ./Drivers/BSP/Components/LSM6DSM_ACC_GYRO_driver.o
                0x0800b030                LSM6DSM_ACC_GYRO_W_WK_THS
 .text.LSM6DSM_ACC_GYRO_W_SINGLE_DOUBLE_TAP_EV
                0x0800b090       0x58 ./Drivers/BSP/Components/LSM6DSM_ACC_GYRO_driver.o
                0x0800b090                LSM6DSM_ACC_GYRO_W_SINGLE_DOUBLE_TAP_EV
 .text.LSM6DSM_ACC_GYRO_W_SLEEP_DUR
                0x0800b0e8       0x60 ./Drivers/BSP/Components/LSM6DSM_ACC_GYRO_driver.o
                0x0800b0e8                LSM6DSM_ACC_GYRO_W_SLEEP_DUR
 .text.LSM6DSM_ACC_GYRO_W_TIMER_HR
                0x0800b148       0x58 ./Drivers/BSP/Components/LSM6DSM_ACC_GYRO_driver.o
                0x0800b148                LSM6DSM_ACC_GYRO_W_TIMER_HR
 .text.LSM6DSM_ACC_GYRO_W_WAKE_DUR
                0x0800b1a0       0x66 ./Drivers/BSP/Components/LSM6DSM_ACC_GYRO_driver.o
                0x0800b1a0                LSM6DSM_ACC_GYRO_W_WAKE_DUR
 .text.LSM6DSM_ACC_GYRO_W_FF_THS
                0x0800b206       0x58 ./Drivers/BSP/Components/LSM6DSM_ACC_GYRO_driver.o
                0x0800b206                LSM6DSM_ACC_GYRO_W_FF_THS
 .text.LSM6DSM_ACC_GYRO_W_FF_Duration
                0x0800b25e       0xca ./Drivers/BSP/Components/LSM6DSM_ACC_GYRO_driver.o
                0x0800b25e                LSM6DSM_ACC_GYRO_W_FF_Duration
 .text.LSM6DSM_ACC_GYRO_W_TiltEvOnInt2
                0x0800b328       0x58 ./Drivers/BSP/Components/LSM6DSM_ACC_GYRO_driver.o
                0x0800b328                LSM6DSM_ACC_GYRO_W_TiltEvOnInt2
 .text.LSM6DSM_ACC_GYRO_W_6DEvOnInt2
                0x0800b380       0x58 ./Drivers/BSP/Components/LSM6DSM_ACC_GYRO_driver.o
                0x0800b380                LSM6DSM_ACC_GYRO_W_6DEvOnInt2
 .text.LSM6DSM_ACC_GYRO_W_TapEvOnInt2
                0x0800b3d8       0x58 ./Drivers/BSP/Components/LSM6DSM_ACC_GYRO_driver.o
                0x0800b3d8                LSM6DSM_ACC_GYRO_W_TapEvOnInt2
 .text.LSM6DSM_ACC_GYRO_W_FFEvOnInt2
                0x0800b430       0x58 ./Drivers/BSP/Components/LSM6DSM_ACC_GYRO_driver.o
                0x0800b430                LSM6DSM_ACC_GYRO_W_FFEvOnInt2
 .text.LSM6DSM_ACC_GYRO_W_WUEvOnInt2
                0x0800b488       0x58 ./Drivers/BSP/Components/LSM6DSM_ACC_GYRO_driver.o
                0x0800b488                LSM6DSM_ACC_GYRO_W_WUEvOnInt2
 .text.LSM6DSM_ACC_GYRO_W_SingleTapOnInt2
                0x0800b4e0       0x58 ./Drivers/BSP/Components/LSM6DSM_ACC_GYRO_driver.o
                0x0800b4e0                LSM6DSM_ACC_GYRO_W_SingleTapOnInt2
 .text.LSM6DSM_ACC_GYRO_GetRawGyroData
                0x0800b538       0x66 ./Drivers/BSP/Components/LSM6DSM_ACC_GYRO_driver.o
                0x0800b538                LSM6DSM_ACC_GYRO_GetRawGyroData
 .text.LSM6DSM_ACC_GYRO_GetRawAccData
                0x0800b59e       0x66 ./Drivers/BSP/Components/LSM6DSM_ACC_GYRO_driver.o
                0x0800b59e                LSM6DSM_ACC_GYRO_GetRawAccData
 .text.LSM6DSM_ACC_GYRO_Get_GetStepCounter
                0x0800b604       0x66 ./Drivers/BSP/Components/LSM6DSM_ACC_GYRO_driver.o
                0x0800b604                LSM6DSM_ACC_GYRO_Get_GetStepCounter
 .text.LSM6DSM_ACC_GYRO_W_PedoThreshold
                0x0800b66a       0x88 ./Drivers/BSP/Components/LSM6DSM_ACC_GYRO_driver.o
                0x0800b66a                LSM6DSM_ACC_GYRO_W_PedoThreshold
 *fill*         0x0800b6f2        0x2 
 .text.LSM6DSM_X_Init
                0x0800b6f4       0xa4 ./Drivers/BSP/Components/LSM6DSM_ACC_GYRO_driver_HL.o
 .text.LSM6DSM_X_DeInit
                0x0800b798       0xc8 ./Drivers/BSP/Components/LSM6DSM_ACC_GYRO_driver_HL.o
 .text.LSM6DSM_X_Sensor_Enable
                0x0800b860       0x4a ./Drivers/BSP/Components/LSM6DSM_ACC_GYRO_driver_HL.o
 .text.LSM6DSM_X_Sensor_Disable
                0x0800b8aa       0x58 ./Drivers/BSP/Components/LSM6DSM_ACC_GYRO_driver_HL.o
 .text.LSM6DSM_X_Get_WhoAmI
                0x0800b902       0x1c ./Drivers/BSP/Components/LSM6DSM_ACC_GYRO_driver_HL.o
 .text.LSM6DSM_X_Check_WhoAmI
                0x0800b91e       0x18 ./Drivers/BSP/Components/LSM6DSM_ACC_GYRO_driver_HL.o
 .text.LSM6DSM_X_Get_Axes
                0x0800b936       0xa6 ./Drivers/BSP/Components/LSM6DSM_ACC_GYRO_driver_HL.o
 .text.LSM6DSM_X_Get_AxesRaw
                0x0800b9dc       0x42 ./Drivers/BSP/Components/LSM6DSM_ACC_GYRO_driver_HL.o
 *fill*         0x0800ba1e        0x2 
 .text.LSM6DSM_X_Get_Sensitivity
                0x0800ba20       0xa8 ./Drivers/BSP/Components/LSM6DSM_ACC_GYRO_driver_HL.o
 .text.LSM6DSM_X_Get_ODR
                0x0800bac8      0x110 ./Drivers/BSP/Components/LSM6DSM_ACC_GYRO_driver_HL.o
 .text.LSM6DSM_X_Set_ODR
                0x0800bbd8       0x46 ./Drivers/BSP/Components/LSM6DSM_ACC_GYRO_driver_HL.o
 .text.LSM6DSM_X_Set_ODR_Value
                0x0800bc1e       0x46 ./Drivers/BSP/Components/LSM6DSM_ACC_GYRO_driver_HL.o
 .text.LSM6DSM_X_Get_FS
                0x0800bc64       0xa0 ./Drivers/BSP/Components/LSM6DSM_ACC_GYRO_driver_HL.o
 .text.LSM6DSM_X_Set_FS
                0x0800bd04       0x54 ./Drivers/BSP/Components/LSM6DSM_ACC_GYRO_driver_HL.o
 .text.LSM6DSM_X_Set_FS_Value
                0x0800bd58       0x70 ./Drivers/BSP/Components/LSM6DSM_ACC_GYRO_driver_HL.o
 .text.LSM6DSM_G_Init
                0x0800bdc8       0xa4 ./Drivers/BSP/Components/LSM6DSM_ACC_GYRO_driver_HL.o
 .text.LSM6DSM_G_DeInit
                0x0800be6c       0x58 ./Drivers/BSP/Components/LSM6DSM_ACC_GYRO_driver_HL.o
 .text.LSM6DSM_G_Sensor_Enable
                0x0800bec4       0x4a ./Drivers/BSP/Components/LSM6DSM_ACC_GYRO_driver_HL.o
 .text.LSM6DSM_G_Sensor_Disable
                0x0800bf0e       0x58 ./Drivers/BSP/Components/LSM6DSM_ACC_GYRO_driver_HL.o
 .text.LSM6DSM_G_Get_WhoAmI
                0x0800bf66       0x1c ./Drivers/BSP/Components/LSM6DSM_ACC_GYRO_driver_HL.o
 .text.LSM6DSM_G_Check_WhoAmI
                0x0800bf82       0x18 ./Drivers/BSP/Components/LSM6DSM_ACC_GYRO_driver_HL.o
 .text.LSM6DSM_G_Get_Axes
                0x0800bf9a       0xa6 ./Drivers/BSP/Components/LSM6DSM_ACC_GYRO_driver_HL.o
 .text.LSM6DSM_G_Get_AxesRaw
                0x0800c040       0x42 ./Drivers/BSP/Components/LSM6DSM_ACC_GYRO_driver_HL.o
 *fill*         0x0800c082        0x2 
 .text.LSM6DSM_G_Get_Sensitivity
                0x0800c084       0xd0 ./Drivers/BSP/Components/LSM6DSM_ACC_GYRO_driver_HL.o
 .text.LSM6DSM_G_Get_ODR
                0x0800c154      0x110 ./Drivers/BSP/Components/LSM6DSM_ACC_GYRO_driver_HL.o
 .text.LSM6DSM_G_Set_ODR
                0x0800c264       0x46 ./Drivers/BSP/Components/LSM6DSM_ACC_GYRO_driver_HL.o
 .text.LSM6DSM_G_Set_ODR_Value
                0x0800c2aa       0x46 ./Drivers/BSP/Components/LSM6DSM_ACC_GYRO_driver_HL.o
 .text.LSM6DSM_G_Get_FS
                0x0800c2f0       0xd0 ./Drivers/BSP/Components/LSM6DSM_ACC_GYRO_driver_HL.o
 .text.LSM6DSM_G_Set_FS
                0x0800c3c0       0x54 ./Drivers/BSP/Components/LSM6DSM_ACC_GYRO_driver_HL.o
 .text.LSM6DSM_G_Set_FS_Value
                0x0800c414       0xb8 ./Drivers/BSP/Components/LSM6DSM_ACC_GYRO_driver_HL.o
 .text.LSM6DSM_Get_WhoAmI
                0x0800c4cc       0x26 ./Drivers/BSP/Components/LSM6DSM_ACC_GYRO_driver_HL.o
 .text.LSM6DSM_Check_WhoAmI
                0x0800c4f2       0x3a ./Drivers/BSP/Components/LSM6DSM_ACC_GYRO_driver_HL.o
 .text.LSM6DSM_X_Get_Axes_Raw
                0x0800c52c       0x6e ./Drivers/BSP/Components/LSM6DSM_ACC_GYRO_driver_HL.o
 *fill*         0x0800c59a        0x2 
 .text.LSM6DSM_X_Set_ODR_When_Enabled
                0x0800c59c       0x6c ./Drivers/BSP/Components/LSM6DSM_ACC_GYRO_driver_HL.o
 .text.LSM6DSM_X_Set_ODR_When_Disabled
                0x0800c608       0x84 ./Drivers/BSP/Components/LSM6DSM_ACC_GYRO_driver_HL.o
 .text.LSM6DSM_X_Set_ODR_Value_When_Enabled
                0x0800c68c      0x110 ./Drivers/BSP/Components/LSM6DSM_ACC_GYRO_driver_HL.o
 .text.LSM6DSM_X_Set_ODR_Value_When_Disabled
                0x0800c79c      0x138 ./Drivers/BSP/Components/LSM6DSM_ACC_GYRO_driver_HL.o
 .text.LSM6DSM_G_Get_Axes_Raw
                0x0800c8d4       0x6e ./Drivers/BSP/Components/LSM6DSM_ACC_GYRO_driver_HL.o
 *fill*         0x0800c942        0x2 
 .text.LSM6DSM_G_Set_ODR_When_Enabled
                0x0800c944       0x6c ./Drivers/BSP/Components/LSM6DSM_ACC_GYRO_driver_HL.o
 .text.LSM6DSM_G_Set_ODR_When_Disabled
                0x0800c9b0       0x84 ./Drivers/BSP/Components/LSM6DSM_ACC_GYRO_driver_HL.o
 .text.LSM6DSM_G_Set_ODR_Value_When_Enabled
                0x0800ca34      0x110 ./Drivers/BSP/Components/LSM6DSM_ACC_GYRO_driver_HL.o
 .text.LSM6DSM_G_Set_ODR_Value_When_Disabled
                0x0800cb44      0x138 ./Drivers/BSP/Components/LSM6DSM_ACC_GYRO_driver_HL.o
 .text.LSM6DSM_X_Enable_Free_Fall_Detection
                0x0800cc7c       0xbc ./Drivers/BSP/Components/LSM6DSM_ACC_GYRO_driver_HL.o
 .text.LSM6DSM_X_Disable_Free_Fall_Detection
                0x0800cd38       0x5a ./Drivers/BSP/Components/LSM6DSM_ACC_GYRO_driver_HL.o
 .text.LSM6DSM_X_Get_Free_Fall_Detection_Status
                0x0800cd92       0x48 ./Drivers/BSP/Components/LSM6DSM_ACC_GYRO_driver_HL.o
 .text.LSM6DSM_X_Set_Free_Fall_Threshold
                0x0800cdda       0x2a ./Drivers/BSP/Components/LSM6DSM_ACC_GYRO_driver_HL.o
 .text.LSM6DSM_X_Enable_Pedometer
                0x0800ce04       0x80 ./Drivers/BSP/Components/LSM6DSM_ACC_GYRO_driver_HL.o
 .text.LSM6DSM_X_Disable_Pedometer
                0x0800ce84       0x5a ./Drivers/BSP/Components/LSM6DSM_ACC_GYRO_driver_HL.o
 .text.LSM6DSM_X_Get_Pedometer_Status
                0x0800cede       0x48 ./Drivers/BSP/Components/LSM6DSM_ACC_GYRO_driver_HL.o
 .text.LSM6DSM_X_Get_Step_Count
                0x0800cf26       0x26 ./Drivers/BSP/Components/LSM6DSM_ACC_GYRO_driver_HL.o
 .text.LSM6DSM_X_Enable_Step_Counter_Reset
                0x0800cf4c       0x24 ./Drivers/BSP/Components/LSM6DSM_ACC_GYRO_driver_HL.o
 .text.LSM6DSM_X_Disable_Step_Counter_Reset
                0x0800cf70       0x24 ./Drivers/BSP/Components/LSM6DSM_ACC_GYRO_driver_HL.o
 .text.LSM6DSM_X_Set_Pedometer_Threshold
                0x0800cf94       0x2a ./Drivers/BSP/Components/LSM6DSM_ACC_GYRO_driver_HL.o
 .text.LSM6DSM_X_Enable_Tilt_Detection
                0x0800cfbe       0x6e ./Drivers/BSP/Components/LSM6DSM_ACC_GYRO_driver_HL.o
 .text.LSM6DSM_X_Disable_Tilt_Detection
                0x0800d02c       0x48 ./Drivers/BSP/Components/LSM6DSM_ACC_GYRO_driver_HL.o
 .text.LSM6DSM_X_Get_Tilt_Detection_Status
                0x0800d074       0x48 ./Drivers/BSP/Components/LSM6DSM_ACC_GYRO_driver_HL.o
 .text.LSM6DSM_X_Enable_Wake_Up_Detection
                0x0800d0bc       0x84 ./Drivers/BSP/Components/LSM6DSM_ACC_GYRO_driver_HL.o
 .text.LSM6DSM_X_Disable_Wake_Up_Detection
                0x0800d140       0x5a ./Drivers/BSP/Components/LSM6DSM_ACC_GYRO_driver_HL.o
 .text.LSM6DSM_X_Get_Wake_Up_Detection_Status
                0x0800d19a       0x48 ./Drivers/BSP/Components/LSM6DSM_ACC_GYRO_driver_HL.o
 .text.LSM6DSM_X_Set_Wake_Up_Threshold
                0x0800d1e2       0x2a ./Drivers/BSP/Components/LSM6DSM_ACC_GYRO_driver_HL.o
 .text.LSM6DSM_X_Enable_Single_Tap_Detection
                0x0800d20c       0xcc ./Drivers/BSP/Components/LSM6DSM_ACC_GYRO_driver_HL.o
 .text.LSM6DSM_X_Disable_Single_Tap_Detection
                0x0800d2d8       0xa2 ./Drivers/BSP/Components/LSM6DSM_ACC_GYRO_driver_HL.o
 .text.LSM6DSM_X_Get_Single_Tap_Detection_Status
                0x0800d37a       0x48 ./Drivers/BSP/Components/LSM6DSM_ACC_GYRO_driver_HL.o
 *fill*         0x0800d3c2        0x2 
 .text.LSM6DSM_X_Enable_Double_Tap_Detection
                0x0800d3c4       0xf0 ./Drivers/BSP/Components/LSM6DSM_ACC_GYRO_driver_HL.o
 .text.LSM6DSM_X_Disable_Double_Tap_Detection
                0x0800d4b4       0xc6 ./Drivers/BSP/Components/LSM6DSM_ACC_GYRO_driver_HL.o
 .text.LSM6DSM_X_Get_Double_Tap_Detection_Status
                0x0800d57a       0x48 ./Drivers/BSP/Components/LSM6DSM_ACC_GYRO_driver_HL.o
 .text.LSM6DSM_X_Set_Tap_Threshold
                0x0800d5c2       0x2a ./Drivers/BSP/Components/LSM6DSM_ACC_GYRO_driver_HL.o
 .text.LSM6DSM_X_Set_Tap_Shock_Time
                0x0800d5ec       0x2a ./Drivers/BSP/Components/LSM6DSM_ACC_GYRO_driver_HL.o
 .text.LSM6DSM_X_Set_Tap_Quiet_Time
                0x0800d616       0x2a ./Drivers/BSP/Components/LSM6DSM_ACC_GYRO_driver_HL.o
 .text.LSM6DSM_X_Set_Tap_Duration_Time
                0x0800d640       0x2a ./Drivers/BSP/Components/LSM6DSM_ACC_GYRO_driver_HL.o
 *fill*         0x0800d66a        0x2 
 .text.LSM6DSM_X_Enable_6D_Orientation
                0x0800d66c       0x74 ./Drivers/BSP/Components/LSM6DSM_ACC_GYRO_driver_HL.o
 .text.LSM6DSM_X_Disable_6D_Orientation
                0x0800d6e0       0x48 ./Drivers/BSP/Components/LSM6DSM_ACC_GYRO_driver_HL.o
 .text.LSM6DSM_X_Get_6D_Orientation_Status
                0x0800d728       0x48 ./Drivers/BSP/Components/LSM6DSM_ACC_GYRO_driver_HL.o
 .text.LSM6DSM_X_Get_6D_Orientation_XL
                0x0800d770       0x48 ./Drivers/BSP/Components/LSM6DSM_ACC_GYRO_driver_HL.o
 .text.LSM6DSM_X_Get_6D_Orientation_XH
                0x0800d7b8       0x48 ./Drivers/BSP/Components/LSM6DSM_ACC_GYRO_driver_HL.o
 .text.LSM6DSM_X_Get_6D_Orientation_YL
                0x0800d800       0x48 ./Drivers/BSP/Components/LSM6DSM_ACC_GYRO_driver_HL.o
 .text.LSM6DSM_X_Get_6D_Orientation_YH
                0x0800d848       0x48 ./Drivers/BSP/Components/LSM6DSM_ACC_GYRO_driver_HL.o
 .text.LSM6DSM_X_Get_6D_Orientation_ZL
                0x0800d890       0x48 ./Drivers/BSP/Components/LSM6DSM_ACC_GYRO_driver_HL.o
 .text.LSM6DSM_X_Get_6D_Orientation_ZH
                0x0800d8d8       0x48 ./Drivers/BSP/Components/LSM6DSM_ACC_GYRO_driver_HL.o
 .text.LSM6DSM_X_Read_Reg
                0x0800d920       0x2e ./Drivers/BSP/Components/LSM6DSM_ACC_GYRO_driver_HL.o
 .text.LSM6DSM_X_Write_Reg
                0x0800d94e       0x30 ./Drivers/BSP/Components/LSM6DSM_ACC_GYRO_driver_HL.o
 .text.LSM6DSM_X_Get_DRDY_Status
                0x0800d97e       0x48 ./Drivers/BSP/Components/LSM6DSM_ACC_GYRO_driver_HL.o
 .text.LSM6DSM_G_Read_Reg
                0x0800d9c6       0x2e ./Drivers/BSP/Components/LSM6DSM_ACC_GYRO_driver_HL.o
 .text.LSM6DSM_G_Write_Reg
                0x0800d9f4       0x30 ./Drivers/BSP/Components/LSM6DSM_ACC_GYRO_driver_HL.o
 .text.LSM6DSM_G_Get_DRDY_Status
                0x0800da24       0x48 ./Drivers/BSP/Components/LSM6DSM_ACC_GYRO_driver_HL.o
 .text.STC3115_Init
                0x0800da6c      0x24c ./Drivers/BSP/Components/STC3115_Driver.o
 .text.STC3115_DeInit
                0x0800dcb8       0x1c ./Drivers/BSP/Components/STC3115_Driver.o
 .text.STC3115_Get_WhoAmI
                0x0800dcd4       0x2a ./Drivers/BSP/Components/STC3115_Driver.o
 *fill*         0x0800dcfe        0x2 
 .text.STC3115_Task
                0x0800dd00      0x2a8 ./Drivers/BSP/Components/STC3115_Driver.o
 .text.STC3115_Reset
                0x0800dfa8       0x52 ./Drivers/BSP/Components/STC3115_Driver.o
 .text.STC3115_Stop
                0x0800dffa       0x4e ./Drivers/BSP/Components/STC3115_Driver.o
 .text.STC3115_GetSOC
                0x0800e048       0x38 ./Drivers/BSP/Components/STC3115_Driver.o
 .text.STC3115_GetOCV
                0x0800e080       0x26 ./Drivers/BSP/Components/STC3115_Driver.o
 .text.STC3115_GetCurrent
                0x0800e0a6       0x24 ./Drivers/BSP/Components/STC3115_Driver.o
 .text.STC3115_GetTemperature
                0x0800e0ca       0x24 ./Drivers/BSP/Components/STC3115_Driver.o
 .text.STC3115_GetVoltage
                0x0800e0ee       0x26 ./Drivers/BSP/Components/STC3115_Driver.o
 .text.STC3115_GetChargeValue
                0x0800e114       0x26 ./Drivers/BSP/Components/STC3115_Driver.o
 .text.STC3115_GetPresence
                0x0800e13a       0x26 ./Drivers/BSP/Components/STC3115_Driver.o
 .text.STC3115_GetAlarmStatus
                0x0800e160       0x2a ./Drivers/BSP/Components/STC3115_Driver.o
 .text.STC3115_Status
                0x0800e18a       0x52 ./Drivers/BSP/Components/STC3115_Driver.o
 .text.STC3115_CalcRamCRC8
                0x0800e1dc       0x6c ./Drivers/BSP/Components/STC3115_Driver.o
 .text.STC3115_UpdateRamCRC
                0x0800e248       0x30 ./Drivers/BSP/Components/STC3115_Driver.o
 .text.STC3115_InitRamData
                0x0800e278       0x5a ./Drivers/BSP/Components/STC3115_Driver.o
 .text.STC3115_WriteRamData
                0x0800e2d2       0x2c ./Drivers/BSP/Components/STC3115_Driver.o
 .text.STC3115_ReadRamData
                0x0800e2fe       0x2c ./Drivers/BSP/Components/STC3115_Driver.o
 .text.STC3115_ReadBatteryData
                0x0800e32a      0x156 ./Drivers/BSP/Components/STC3115_Driver.o
 .text.STC3115_Restore
                0x0800e480       0x60 ./Drivers/BSP/Components/STC3115_Driver.o
 .text.STC3115_Powerdown
                0x0800e4e0       0x42 ./Drivers/BSP/Components/STC3115_Driver.o
 .text.STC3115_conv
                0x0800e522       0x38 ./Drivers/BSP/Components/STC3115_Driver.o
 .text.STC3115_Startup
                0x0800e55a       0x48 ./Drivers/BSP/Components/STC3115_Driver.o
 .text.STC3115_Read
                0x0800e5a2       0x36 ./Drivers/BSP/Components/STC3115_Driver.o
 .text.STC3115_Write
                0x0800e5d8       0x36 ./Drivers/BSP/Components/STC3115_Driver.o
 .text.STC3115_ReadWord
                0x0800e60e       0x3a ./Drivers/BSP/Components/STC3115_Driver.o
 .text.STC3115_WriteWord
                0x0800e648       0x38 ./Drivers/BSP/Components/STC3115_Driver.o
 .text.STC3115_SetParam
                0x0800e680      0x128 ./Drivers/BSP/Components/STC3115_Driver.o
 .text.BSP_LED_Init
                0x0800e7a8       0xa0 ./Drivers/BSP/SensorTile/SensorTile.o
                0x0800e7a8                BSP_LED_Init
 .text.BSP_LED_On
                0x0800e848       0x5c ./Drivers/BSP/SensorTile/SensorTile.o
                0x0800e848                BSP_LED_On
 .text.BSP_LED_Off
                0x0800e8a4       0x5c ./Drivers/BSP/SensorTile/SensorTile.o
                0x0800e8a4                BSP_LED_Off
 .text.Sensor_IO_I2C_Init
                0x0800e900       0x18 ./Drivers/BSP/SensorTile/SensorTile.o
                0x0800e900                Sensor_IO_I2C_Init
 .text.Sensor_IO_SPI_Init
                0x0800e918      0x118 ./Drivers/BSP/SensorTile/SensorTile.o
                0x0800e918                Sensor_IO_SPI_Init
 .text.Sensor_IO_SPI_CS_Init_All
                0x0800ea30      0x124 ./Drivers/BSP/SensorTile/SensorTile.o
                0x0800ea30                Sensor_IO_SPI_CS_Init_All
 .text.Sensor_IO_SPI_CS_Init
                0x0800eb54      0x12c ./Drivers/BSP/SensorTile/SensorTile.o
                0x0800eb54                Sensor_IO_SPI_CS_Init
 .text.Sensor_IO_Write
                0x0800ec80       0x86 ./Drivers/BSP/SensorTile/SensorTile.o
                0x0800ec80                Sensor_IO_Write
 .text.Sensor_IO_I2C_Write
                0x0800ed06       0x30 ./Drivers/BSP/SensorTile/SensorTile.o
                0x0800ed06                Sensor_IO_I2C_Write
 .text.Sensor_IO_Read
                0x0800ed36       0x86 ./Drivers/BSP/SensorTile/SensorTile.o
                0x0800ed36                Sensor_IO_Read
 .text.Sensor_IO_I2C_Read
                0x0800edbc       0x30 ./Drivers/BSP/SensorTile/SensorTile.o
                0x0800edbc                Sensor_IO_I2C_Read
 .text.Sensor_IO_SPI_Write
                0x0800edec       0x60 ./Drivers/BSP/SensorTile/SensorTile.o
                0x0800edec                Sensor_IO_SPI_Write
 .text.Sensor_IO_SPI_Read
                0x0800ee4c       0x9c ./Drivers/BSP/SensorTile/SensorTile.o
                0x0800ee4c                Sensor_IO_SPI_Read
 .text.Sensor_IO_SPI_CS_Enable
                0x0800eee8       0x74 ./Drivers/BSP/SensorTile/SensorTile.o
                0x0800eee8                Sensor_IO_SPI_CS_Enable
 .text.Sensor_IO_SPI_CS_Disable
                0x0800ef5c       0x74 ./Drivers/BSP/SensorTile/SensorTile.o
                0x0800ef5c                Sensor_IO_SPI_CS_Disable
 .text.LSM6DSM_Sensor_IO_ITConfig
                0x0800efd0       0x5c ./Drivers/BSP/SensorTile/SensorTile.o
                0x0800efd0                LSM6DSM_Sensor_IO_ITConfig
 .text.SPI_Read
                0x0800f02c       0x76 ./Drivers/BSP/SensorTile/SensorTile.o
                0x0800f02c                SPI_Read
 .text.SPI_Read_nBytes
                0x0800f0a2       0xae ./Drivers/BSP/SensorTile/SensorTile.o
                0x0800f0a2                SPI_Read_nBytes
 .text.SPI_Write
                0x0800f150       0x54 ./Drivers/BSP/SensorTile/SensorTile.o
                0x0800f150                SPI_Write
 .text.I2C_SENSORTILE_Init
                0x0800f1a4       0x54 ./Drivers/BSP/SensorTile/SensorTile.o
 .text.I2C_SENSORTILE_WriteData
                0x0800f1f8       0x60 ./Drivers/BSP/SensorTile/SensorTile.o
 .text.I2C_SENSORTILE_ReadData
                0x0800f258       0x60 ./Drivers/BSP/SensorTile/SensorTile.o
 .text.I2C_SENSORTILE_Error
                0x0800f2b8       0x20 ./Drivers/BSP/SensorTile/SensorTile.o
 .text.I2C_SENSORTILE_MspInit
                0x0800f2d8       0xc0 ./Drivers/BSP/SensorTile/SensorTile.o
 .text.SD_IO_SPI_MspInit
                0x0800f398       0xc0 ./Drivers/BSP/SensorTile/SensorTile.o
 .text.SD_IO_SPI_Init_LS
                0x0800f458       0x78 ./Drivers/BSP/SensorTile/SensorTile.o
 .text.SD_IO_SPI_Init
                0x0800f4d0       0x78 ./Drivers/BSP/SensorTile/SensorTile.o
 .text.SD_IO_SPI_Read
                0x0800f548       0x48 ./Drivers/BSP/SensorTile/SensorTile.o
 .text.SD_IO_SPI_Write
                0x0800f590       0x3c ./Drivers/BSP/SensorTile/SensorTile.o
 .text.SD_IO_SPI_Error
                0x0800f5cc       0x18 ./Drivers/BSP/SensorTile/SensorTile.o
 .text.SD_IO_Init
                0x0800f5e4       0x40 ./Drivers/BSP/SensorTile/SensorTile.o
                0x0800f5e4                SD_IO_Init
 .text.SD_IO_Init_LS
                0x0800f624       0x40 ./Drivers/BSP/SensorTile/SensorTile.o
                0x0800f624                SD_IO_Init_LS
 .text.SD_IO_CS_Init
                0x0800f664       0x4c ./Drivers/BSP/SensorTile/SensorTile.o
                0x0800f664                SD_IO_CS_Init
 .text.SD_IO_WriteByte
                0x0800f6b0       0x1a ./Drivers/BSP/SensorTile/SensorTile.o
                0x0800f6b0                SD_IO_WriteByte
 .text.SD_IO_ReadByte
                0x0800f6ca       0x1c ./Drivers/BSP/SensorTile/SensorTile.o
                0x0800f6ca                SD_IO_ReadByte
 *fill*         0x0800f6e6        0x2 
 .text.SD_IO_WriteCmd_wResp
                0x0800f6e8       0xa0 ./Drivers/BSP/SensorTile/SensorTile.o
                0x0800f6e8                SD_IO_WriteCmd_wResp
 .text.SD_IO_WriteCmd
                0x0800f788       0x98 ./Drivers/BSP/SensorTile/SensorTile.o
                0x0800f788                SD_IO_WriteCmd
 .text.SD_IO_WaitResponse
                0x0800f820       0x3e ./Drivers/BSP/SensorTile/SensorTile.o
                0x0800f820                SD_IO_WaitResponse
 *fill*         0x0800f85e        0x2 
 .text.SD_IO_WriteDummy
                0x0800f860       0x20 ./Drivers/BSP/SensorTile/SensorTile.o
                0x0800f860                SD_IO_WriteDummy
 .text.BSP_ACCELERO_Init
                0x0800f880       0x6e ./Drivers/BSP/SensorTile/SensorTile_accelero.o
                0x0800f880                BSP_ACCELERO_Init
 *fill*         0x0800f8ee        0x2 
 .text.BSP_LSM6DSM_ACCELERO_Init
                0x0800f8f0      0x140 ./Drivers/BSP/SensorTile/SensorTile_accelero.o
 .text.BSP_LSM303AGR_ACCELERO_Init
                0x0800fa30      0x128 ./Drivers/BSP/SensorTile/SensorTile_accelero.o
 .text.BSP_ACCELERO_Sensor_Enable
                0x0800fb58       0x48 ./Drivers/BSP/SensorTile/SensorTile_accelero.o
                0x0800fb58                BSP_ACCELERO_Sensor_Enable
 .text.BSP_ACCELERO_IsInitialized
                0x0800fba0       0x38 ./Drivers/BSP/SensorTile/SensorTile_accelero.o
                0x0800fba0                BSP_ACCELERO_IsInitialized
 .text.BSP_ACCELERO_Get_Instance
                0x0800fbd8       0x38 ./Drivers/BSP/SensorTile/SensorTile_accelero.o
                0x0800fbd8                BSP_ACCELERO_Get_Instance
 .text.BSP_ACCELERO_Get_Axes
                0x0800fc10       0x56 ./Drivers/BSP/SensorTile/SensorTile_accelero.o
                0x0800fc10                BSP_ACCELERO_Get_Axes
 .text.BSP_ACCELERO_Enable_Double_Tap_Detection_Ext
                0x0800fc66       0x52 ./Drivers/BSP/SensorTile/SensorTile_accelero.o
                0x0800fc66                BSP_ACCELERO_Enable_Double_Tap_Detection_Ext
 .text.BSP_ACCELERO_Set_Tap_Threshold_Ext
                0x0800fcb8       0x5a ./Drivers/BSP/SensorTile/SensorTile_accelero.o
                0x0800fcb8                BSP_ACCELERO_Set_Tap_Threshold_Ext
 *fill*         0x0800fd12        0x2 
 .text.BSP_GG_Init
                0x0800fd14       0xe8 ./Drivers/BSP/SensorTile/SensorTile_gg.o
                0x0800fd14                BSP_GG_Init
 .text.BSP_GYRO_Init
                0x0800fdfc       0x4a ./Drivers/BSP/SensorTile/SensorTile_gyro.o
                0x0800fdfc                BSP_GYRO_Init
 *fill*         0x0800fe46        0x2 
 .text.BSP_LSM6DSM_GYRO_Init
                0x0800fe48      0x138 ./Drivers/BSP/SensorTile/SensorTile_gyro.o
 .text.BSP_GYRO_Sensor_Enable
                0x0800ff80       0x48 ./Drivers/BSP/SensorTile/SensorTile_gyro.o
                0x0800ff80                BSP_GYRO_Sensor_Enable
 .text.BSP_HUMIDITY_Init
                0x0800ffc8       0x4a ./Drivers/BSP/SensorTile/SensorTile_humidity.o
                0x0800ffc8                BSP_HUMIDITY_Init
 *fill*         0x08010012        0x2 
 .text.BSP_HTS221_HUMIDITY_Init
                0x08010014       0xec ./Drivers/BSP/SensorTile/SensorTile_humidity.o
 .text.BSP_HUMIDITY_Sensor_Enable
                0x08010100       0x48 ./Drivers/BSP/SensorTile/SensorTile_humidity.o
                0x08010100                BSP_HUMIDITY_Sensor_Enable
 .text.BSP_MAGNETO_Init
                0x08010148       0x4a ./Drivers/BSP/SensorTile/SensorTile_magneto.o
                0x08010148                BSP_MAGNETO_Init
 *fill*         0x08010192        0x2 
 .text.BSP_LSM303AGR_MAGNETO_Init
                0x08010194      0x138 ./Drivers/BSP/SensorTile/SensorTile_magneto.o
 .text.BSP_MAGNETO_Sensor_Enable
                0x080102cc       0x48 ./Drivers/BSP/SensorTile/SensorTile_magneto.o
                0x080102cc                BSP_MAGNETO_Sensor_Enable
 .text.BSP_PRESSURE_Init
                0x08010314       0x4a ./Drivers/BSP/SensorTile/SensorTile_pressure.o
                0x08010314                BSP_PRESSURE_Init
 *fill*         0x0801035e        0x2 
 .text.BSP_LPS22HB_PRESSURE_Init
                0x08010360      0x170 ./Drivers/BSP/SensorTile/SensorTile_pressure.o
 .text.BSP_PRESSURE_Sensor_Enable
                0x080104d0       0x48 ./Drivers/BSP/SensorTile/SensorTile_pressure.o
                0x080104d0                BSP_PRESSURE_Sensor_Enable
 .text.BSP_SD_Init
                0x08010518       0x44 ./Drivers/BSP/SensorTile/SensorTile_sd.o
                0x08010518                BSP_SD_Init
 .text.BSP_SD_GetCardInfo
                0x0801055c       0x70 ./Drivers/BSP/SensorTile/SensorTile_sd.o
                0x0801055c                BSP_SD_GetCardInfo
 .text.BSP_SD_ReadBlocks
                0x080105cc       0xf0 ./Drivers/BSP/SensorTile/SensorTile_sd.o
                0x080105cc                BSP_SD_ReadBlocks
 .text.BSP_SD_WriteBlocks
                0x080106bc       0xf0 ./Drivers/BSP/SensorTile/SensorTile_sd.o
                0x080106bc                BSP_SD_WriteBlocks
 .text.SD_GetCSDRegister
                0x080107ac      0x2cc ./Drivers/BSP/SensorTile/SensorTile_sd.o
 .text.SD_GetCIDRegister
                0x08010a78      0x148 ./Drivers/BSP/SensorTile/SensorTile_sd.o
 .text.SD_SendCmd_wResp
                0x08010bc0       0x26 ./Drivers/BSP/SensorTile/SensorTile_sd.o
 .text.SD_SendCmd
                0x08010be6       0x40 ./Drivers/BSP/SensorTile/SensorTile_sd.o
 .text.SD_GetDataResponse
                0x08010c26       0x70 ./Drivers/BSP/SensorTile/SensorTile_sd.o
 .text.BSP_SD_GetStatus
                0x08010c96       0x10 ./Drivers/BSP/SensorTile/SensorTile_sd.o
                0x08010c96                BSP_SD_GetStatus
 *fill*         0x08010ca6        0x2 
 .text.SD_GoIdleState
                0x08010ca8      0x10c ./Drivers/BSP/SensorTile/SensorTile_sd.o
 .text.BSP_TEMPERATURE_Init
                0x08010db4       0x6e ./Drivers/BSP/SensorTile/SensorTile_temperature.o
                0x08010db4                BSP_TEMPERATURE_Init
 *fill*         0x08010e22        0x2 
 .text.BSP_LPS22HB_TEMPERATURE_Init
                0x08010e24      0x158 ./Drivers/BSP/SensorTile/SensorTile_temperature.o
 .text.BSP_HTS221_TEMPERATURE_Init
                0x08010f7c       0xf4 ./Drivers/BSP/SensorTile/SensorTile_temperature.o
 .text.BSP_TEMPERATURE_Sensor_Enable
                0x08011070       0x48 ./Drivers/BSP/SensorTile/SensorTile_temperature.o
                0x08011070                BSP_TEMPERATURE_Sensor_Enable
 .text.SystemInit
                0x080110b8       0x6c ./Drivers/CMSIS/system_stm32l4xx.o
                0x080110b8                SystemInit
 .text.HAL_Init
                0x08011124       0x2c ./Drivers/STM32L4xx_HAL_Driver/stm32l4xx_hal.o
                0x08011124                HAL_Init
 .text.HAL_MspInit
                0x08011150        0xe ./Drivers/STM32L4xx_HAL_Driver/stm32l4xx_hal.o
                0x08011150                HAL_MspInit
 *fill*         0x0801115e        0x2 
 .text.HAL_InitTick
                0x08011160       0x38 ./Drivers/STM32L4xx_HAL_Driver/stm32l4xx_hal.o
                0x08011160                HAL_InitTick
 .text.HAL_IncTick
                0x08011198       0x1c ./Drivers/STM32L4xx_HAL_Driver/stm32l4xx_hal.o
                0x08011198                HAL_IncTick
 .text.HAL_GetTick
                0x080111b4       0x18 ./Drivers/STM32L4xx_HAL_Driver/stm32l4xx_hal.o
                0x080111b4                HAL_GetTick
 .text.HAL_Delay
                0x080111cc       0x2e ./Drivers/STM32L4xx_HAL_Driver/stm32l4xx_hal.o
                0x080111cc                HAL_Delay
 *fill*         0x080111fa        0x2 
 .text.NVIC_SetPriorityGrouping
                0x080111fc       0x48 ./Drivers/STM32L4xx_HAL_Driver/stm32l4xx_hal_cortex.o
 .text.NVIC_GetPriorityGrouping
                0x08011244       0x1c ./Drivers/STM32L4xx_HAL_Driver/stm32l4xx_hal_cortex.o
 .text.NVIC_EnableIRQ
                0x08011260       0x34 ./Drivers/STM32L4xx_HAL_Driver/stm32l4xx_hal_cortex.o
 .text.NVIC_SetPriority
                0x08011294       0x54 ./Drivers/STM32L4xx_HAL_Driver/stm32l4xx_hal_cortex.o
 .text.NVIC_EncodePriority