Archive member included to satisfy reference by file (symbol)

C:\Users\ADMIN\Documents\Tutorial1\en.stsw-stlkt01\v1.2.0\Projects\SensorTile\Applications\DataLog\Src\libneai.a(NanoEdgeAI.o)
                              ./DataLog/User/main.o (neai_anomalydetection_learn)
C:/ST/STM32CubeIDE_1.18.1/STM32CubeIDE/plugins/com.st.stm32cube.ide.mcu.externaltools.gnu-tools-for-stm32.13.3.rel1.win32_1.0.0.202411081344/tools/bin/../lib/gcc/arm-none-eabi/13.3.1/../../../../arm-none-eabi/lib/thumb/v7e-m+fp/hard\libc_nano.a(libc_a-exit.o)
                              C:/ST/STM32CubeIDE_1.18.1/STM32CubeIDE/plugins/com.st.stm32cube.ide.mcu.externaltools.gnu-tools-for-stm32.13.3.rel1.win32_1.0.0.202411081344/tools/bin/../lib/gcc/arm-none-eabi/13.3.1/../../../../arm-none-eabi/lib/thumb/v7e-m+fp/hard/crt0.o (exit)
C:/ST/STM32CubeIDE_1.18.1/STM32CubeIDE/plugins/com.st.stm32cube.ide.mcu.externaltools.gnu-tools-for-stm32.13.3.rel1.win32_1.0.0.202411081344/tools/bin/../lib/gcc/arm-none-eabi/13.3.1/../../../../arm-none-eabi/lib/thumb/v7e-m+fp/hard\libc_nano.a(libc_a-malloc.o)
                              ./Middlewares/FatFs/syscall.o (malloc)
C:/ST/STM32CubeIDE_1.18.1/STM32CubeIDE/plugins/com.st.stm32cube.ide.mcu.externaltools.gnu-tools-for-stm32.13.3.rel1.win32_1.0.0.202411081344/tools/bin/../lib/gcc/arm-none-eabi/13.3.1/../../../../arm-none-eabi/lib/thumb/v7e-m+fp/hard\libc_nano.a(libc_a-mallocr.o)
                              C:/ST/STM32CubeIDE_1.18.1/STM32CubeIDE/plugins/com.st.stm32cube.ide.mcu.externaltools.gnu-tools-for-stm32.13.3.rel1.win32_1.0.0.202411081344/tools/bin/../lib/gcc/arm-none-eabi/13.3.1/../../../../arm-none-eabi/lib/thumb/v7e-m+fp/hard\libc_nano.a(libc_a-malloc.o) (_malloc_r)
C:/ST/STM32CubeIDE_1.18.1/STM32CubeIDE/plugins/com.st.stm32cube.ide.mcu.externaltools.gnu-tools-for-stm32.13.3.rel1.win32_1.0.0.202411081344/tools/bin/../lib/gcc/arm-none-eabi/13.3.1/../../../../arm-none-eabi/lib/thumb/v7e-m+fp/hard\libc_nano.a(libc_a-mlock.o)
                              C:/ST/STM32CubeIDE_1.18.1/STM32CubeIDE/plugins/com.st.stm32cube.ide.mcu.externaltools.gnu-tools-for-stm32.13.3.rel1.win32_1.0.0.202411081344/tools/bin/../lib/gcc/arm-none-eabi/13.3.1/../../../../arm-none-eabi/lib/thumb/v7e-m+fp/hard\libc_nano.a(libc_a-mallocr.o) (__malloc_lock)
C:/ST/STM32CubeIDE_1.18.1/STM32CubeIDE/plugins/com.st.stm32cube.ide.mcu.externaltools.gnu-tools-for-stm32.13.3.rel1.win32_1.0.0.202411081344/tools/bin/../lib/gcc/arm-none-eabi/13.3.1/../../../../arm-none-eabi/lib/thumb/v7e-m+fp/hard\libc_nano.a(libc_a-findfp.o)
                              C:/ST/STM32CubeIDE_1.18.1/STM32CubeIDE/plugins/com.st.stm32cube.ide.mcu.externaltools.gnu-tools-for-stm32.13.3.rel1.win32_1.0.0.202411081344/tools/bin/../lib/gcc/arm-none-eabi/13.3.1/../../../../arm-none-eabi/lib/thumb/v7e-m+fp/hard\libc_nano.a(libc_a-exit.o) (__stdio_exit_handler)
C:/ST/STM32CubeIDE_1.18.1/STM32CubeIDE/plugins/com.st.stm32cube.ide.mcu.externaltools.gnu-tools-for-stm32.13.3.rel1.win32_1.0.0.202411081344/tools/bin/../lib/gcc/arm-none-eabi/13.3.1/../../../../arm-none-eabi/lib/thumb/v7e-m+fp/hard\libc_nano.a(libc_a-fwalk.o)
                              C:/ST/STM32CubeIDE_1.18.1/STM32CubeIDE/plugins/com.st.stm32cube.ide.mcu.externaltools.gnu-tools-for-stm32.13.3.rel1.win32_1.0.0.202411081344/tools/bin/../lib/gcc/arm-none-eabi/13.3.1/../../../../arm-none-eabi/lib/thumb/v7e-m+fp/hard\libc_nano.a(libc_a-findfp.o) (_fwalk_sglue)
C:/ST/STM32CubeIDE_1.18.1/STM32CubeIDE/plugins/com.st.stm32cube.ide.mcu.externaltools.gnu-tools-for-stm32.13.3.rel1.win32_1.0.0.202411081344/tools/bin/../lib/gcc/arm-none-eabi/13.3.1/../../../../arm-none-eabi/lib/thumb/v7e-m+fp/hard\libc_nano.a(libc_a-printf.o)
                              ./Drivers/BSP/Components/HTS221_Driver.o (printf)
C:/ST/STM32CubeIDE_1.18.1/STM32CubeIDE/plugins/com.st.stm32cube.ide.mcu.externaltools.gnu-tools-for-stm32.13.3.rel1.win32_1.0.0.202411081344/tools/bin/../lib/gcc/arm-none-eabi/13.3.1/../../../../arm-none-eabi/lib/thumb/v7e-m+fp/hard\libc_nano.a(libc_a-puts.o)
                              ./DataLog/User/main.o (puts)
C:/ST/STM32CubeIDE_1.18.1/STM32CubeIDE/plugins/com.st.stm32cube.ide.mcu.externaltools.gnu-tools-for-stm32.13.3.rel1.win32_1.0.0.202411081344/tools/bin/../lib/gcc/arm-none-eabi/13.3.1/../../../../arm-none-eabi/lib/thumb/v7e-m+fp/hard\libc_nano.a(libc_a-sprintf.o)
                              ./DataLog/User/datalog_application.o (sprintf)
C:/ST/STM32CubeIDE_1.18.1/STM32CubeIDE/plugins/com.st.stm32cube.ide.mcu.externaltools.gnu-tools-for-stm32.13.3.rel1.win32_1.0.0.202411081344/tools/bin/../lib/gcc/arm-none-eabi/13.3.1/../../../../arm-none-eabi/lib/thumb/v7e-m+fp/hard\libc_nano.a(libc_a-stdio.o)
                              C:/ST/STM32CubeIDE_1.18.1/STM32CubeIDE/plugins/com.st.stm32cube.ide.mcu.externaltools.gnu-tools-for-stm32.13.3.rel1.win32_1.0.0.202411081344/tools/bin/../lib/gcc/arm-none-eabi/13.3.1/../../../../arm-none-eabi/lib/thumb/v7e-m+fp/hard\libc_nano.a(libc_a-findfp.o) (__sread)
[...]
Memory Configuration

Name             Origin             Length             Attributes
FLASH            0x08004000         0x00040000         xr
RAM              0x20000000         0x00018000         xrw
SRAM2            0x10000000         0x00008000         xrw
*default*        0x00000000         0xffffffff

Linker script and memory map

LOAD C:/ST/STM32CubeIDE_1.18.1/STM32CubeIDE/plugins/com.st.stm32cube.ide.mcu.externaltools.gnu-tools-for-stm32.13.3.rel1.win32_1.0.0.202411081344/tools/bin/../lib/gcc/arm-none-eabi/13.3.1/thumb/v7e-m+fp/hard/crti.o
LOAD C:/ST/STM32CubeIDE_1.18.1/STM32CubeIDE/plugins/com.st.stm32cube.ide.mcu.externaltools.gnu-tools-for-stm32.13.3.rel1.win32_1.0.0.202411081344/tools/bin/../lib/gcc/arm-none-eabi/13.3.1/thumb/v7e-m+fp/hard/crtbegin.o
LOAD C:/ST/STM32CubeIDE_1.18.1/STM32CubeIDE/plugins/com.st.stm32cube.ide.mcu.externaltools.gnu-tools-for-stm32.13.3.rel1.win32_1.0.0.202411081344/tools/bin/../lib/gcc/arm-none-eabi/13.3.1/../../../../arm-none-eabi/lib/thumb/v7e-m+fp/hard/crt0.o
LOAD ./DataLog/SW4STM32/startup_stm32l476xx.o
LOAD ./DataLog/User/cube_hal_l4.o
LOAD ./DataLog/User/datalog_application.o
LOAD ./DataLog/User/main.o
LOAD ./DataLog/User/stm32l4xx_hal_msp.o
LOAD ./DataLog/User/stm32l4xx_it.o
LOAD ./DataLog/User/syscalls.o
LOAD ./DataLog/User/usbd_cdc_interface.o
LOAD ./DataLog/User/usbd_conf.o
LOAD ./DataLog/User/usbd_desc.o
LOAD ./Drivers/BSP/Components/HTS221_Driver.o
LOAD ./Drivers/BSP/Components/HTS221_Driver_HL.o
LOAD ./Drivers/BSP/Components/LPS22HB_Driver.o
LOAD ./Drivers/BSP/Components/LPS22HB_Driver_HL.o
LOAD ./Drivers/BSP/Components/LSM303AGR_ACC_driver.o
LOAD ./Drivers/BSP/Components/LSM303AGR_ACC_driver_HL.o
LOAD ./Drivers/BSP/Components/LSM303AGR_MAG_driver.o
LOAD ./Drivers/BSP/Components/LSM303AGR_MAG_driver_HL.o
LOAD ./Drivers/BSP/Components/LSM6DSM_ACC_GYRO_driver.o
LOAD ./Drivers/BSP/Components/LSM6DSM_ACC_GYRO_driver_HL.o
LOAD ./Drivers/BSP/Components/STC3115_Driver.o
LOAD ./Drivers/BSP/SensorTile/SensorTile.o
LOAD ./Drivers/BSP/SensorTile/SensorTile_accelero.o
LOAD ./Drivers/BSP/SensorTile/SensorTile_gg.o
LOAD ./Drivers/BSP/SensorTile/SensorTile_gyro.o
LOAD ./Drivers/BSP/SensorTile/SensorTile_humidity.o
LOAD ./Drivers/BSP/SensorTile/SensorTile_magneto.o
LOAD ./Drivers/BSP/SensorTile/SensorTile_pressure.o
LOAD ./Drivers/BSP/SensorTile/SensorTile_sd.o
LOAD ./Drivers/BSP/SensorTile/SensorTile_temperature.o
LOAD ./Drivers/CMSIS/system_stm32l4xx.o
LOAD ./Drivers/STM32L4xx_HAL_Driver/stm32l4xx_hal.o
LOAD ./Drivers/STM32L4xx_HAL_Driver/stm32l4xx_hal_cortex.o
LOAD ./Drivers/STM32L4xx_HAL_Driver/stm32l4xx_hal_dma.o
LOAD ./Drivers/STM32L4xx_HAL_Driver/stm32l4xx_hal_gpio.o
LOAD ./Drivers/STM32L4xx_HAL_Driver/stm32l4xx_hal_i2c.o
LOAD ./Drivers/STM32L4xx_HAL_Driver/stm32l4xx_hal_i2c_ex.o
LOAD ./Drivers/STM32L4xx_HAL_Driver/stm32l4xx_hal_pcd.o
LOAD ./Drivers/STM32L4xx_HAL_Driver/stm32l4xx_hal_pcd_ex.o
LOAD ./Drivers/STM32L4xx_HAL_Driver/stm32l4xx_hal_pwr.o
LOAD ./Drivers/STM32L4xx_HAL_Driver/stm32l4xx_hal_pwr_ex.o
LOAD ./Drivers/STM32L4xx_HAL_Driver/stm32l4xx_hal_rcc.o
LOAD ./Drivers/STM32L4xx_HAL_Driver/stm32l4xx_hal_rcc_ex.o
LOAD ./Drivers/STM32L4xx_HAL_Driver/stm32l4xx_hal_rtc.o
LOAD ./Drivers/STM32L4xx_HAL_Driver/stm32l4xx_hal_rtc_ex.o
LOAD ./Drivers/STM32L4xx_HAL_Driver/stm32l4xx_hal_spi.o
LOAD ./Drivers/STM32L4xx_HAL_Driver/stm32l4xx_hal_spi_ex.o
LOAD ./Drivers/STM32L4xx_HAL_Driver/stm32l4xx_hal_tim.o
LOAD ./Drivers/STM32L4xx_HAL_Driver/stm32l4xx_hal_tim_ex.o
LOAD ./Drivers/STM32L4xx_HAL_Driver/stm32l4xx_ll_usb.o
LOAD ./Middlewares/FatFs/diskio.o
LOAD ./Middlewares/FatFs/ff.o
LOAD ./Middlewares/FatFs/ff_gen_drv.o
LOAD ./Middlewares/FatFs/sd_diskio.o
LOAD ./Middlewares/FatFs/syscall.o
LOAD ./Middlewares/FatFs/unicode.o
LOAD ./Middlewares/STM32_USBD_Library/Class/usbd_cdc.o
LOAD ./Middlewares/STM32_USBD_Library/Core/usbd_core.o
LOAD ./Middlewares/STM32_USBD_Library/Core/usbd_ctlreq.o
LOAD ./Middlewares/STM32_USBD_Library/Core/usbd_ioreq.o
LOAD C:\Users\ADMIN\Documents\Tutorial1\en.stsw-stlkt01\v1.2.0\Projects\SensorTile\Applications\DataLog\Src\libneai.a
START GROUP
LOAD C:/ST/STM32CubeIDE_1.18.1/STM32CubeIDE/plugins/com.st.stm32cube.ide.mcu.externaltools.gnu-tools-for-stm32.13.3.rel1.win32_1.0.0.202411081344/tools/bin/../lib/gcc/arm-none-eabi/13.3.1/../../../../arm-none-eabi/lib/thumb/v7e-m+fp/hard\libc_nano.a
LOAD C:/ST/STM32CubeIDE_1.18.1/STM32CubeIDE/plugins/com.st.stm32cube.ide.mcu.externaltools.gnu-tools-for-stm32.13.3.rel1.win32_1.0.0.202411081344/tools/bin/../lib/gcc/arm-none-eabi/13.3.1/../../../../arm-none-eabi/lib/thumb/v7e-m+fp/hard\libm.a
END GROUP
START GROUP
LOAD C:/ST/STM32CubeIDE_1.18.1/STM32CubeIDE/plugins/com.st.stm32cube.ide.mcu.externaltools.gnu-tools-for-stm32.13.3.rel1.win32_1.0.0.202411081344/tools/bin/../lib/gcc/arm-none-eabi/13.3.1/thumb/v7e-m+fp/hard\libgcc.a
LOAD C:/ST/STM32CubeIDE_1.18.1/STM32CubeIDE/plugins/com.st.stm32cube.ide.mcu.externaltools.gnu-tools-for-stm32.13.3.rel1.win32_1.0.0.202411081344/tools/bin/../lib/gcc/arm-none-eabi/13.3.1/../../../../arm-none-eabi/lib/thumb/v7e-m+fp/hard\libc_nano.a
END GROUP
START GROUP
LOAD C:/ST/STM32CubeIDE_1.18.1/STM32CubeIDE/plugins/com.st.stm32cube.ide.mcu.externaltools.gnu-tools-for-stm32.13.3.rel1.win32_1.0.0.202411081344/tools/bin/../lib/gcc/arm-none-eabi/13.3.1/thumb/v7e-m+fp/hard\libgcc.a
LOAD C:/ST/STM32CubeIDE_1.18.1/STM32CubeIDE/plugins/com.st.stm32cube.ide.mcu.externaltools.gnu-tools-for-stm32.13.3.rel1.win32_1.0.0.202411081344/tools/bin/../lib/gcc/arm-none-eabi/13.3.1/../../../../arm-none-eabi/lib/thumb/v7e-m+fp/hard\libc_nano.a
END GROUP
LOAD C:/ST/STM32CubeIDE_1.18.1/STM32CubeIDE/plugins/com.st.stm32cube.ide.mcu.externaltools.gnu-tools-for-stm32.13.3.rel1.win32_1.0.0.202411081344/tools/bin/../lib/gcc/arm-none-eabi/13.3.1/thumb/v7e-m+fp/hard/crtend.o
LOAD C:/ST/STM32CubeIDE_1.18.1/STM32CubeIDE/plugins/com.st.stm32cube.ide.mcu.externaltools.gnu-tools-for-stm32.13.3.rel1.win32_1.0.0.202411081344/tools/bin/../lib/gcc/arm-none-eabi/13.3.1/thumb/v7e-m+fp/hard/crtn.o
                0x20017fff                        _estack = 0x20017fff
                0x00002000                        _Min_Heap_Size = 0x2000
                0x00002000                        _Min_Stack_Size = 0x2000

.isr_vector     0x08004000      0x188
                0x08004000                        . = ALIGN (0x8)
 *(.isr_vector)
 .isr_vector    0x08004000      0x188 ./DataLog/SW4STM32/startup_stm32l476xx.o
                0x08004000                g_pfnVectors
                0x08004188                        . = ALIGN (0x8)

.text           0x08004190    0x18620
                0x08004190                        . = ALIGN (0x8)
 *(.text)
 .text          0x08004190       0x40 C:/ST/STM32CubeIDE_1.18.1/STM32CubeIDE/plugins/com.st.stm32cube.ide.mcu.externaltools.gnu-tools-for-stm32.13.3.rel1.win32_1.0.0.202411081344/tools/bin/../lib/gcc/arm-none-eabi/13.3.1/thumb/v7e-m+fp/hard/crtbegin.o
 .text          0x080041d0       0x10 C:/ST/STM32CubeIDE_1.18.1/STM32CubeIDE/plugins/com.st.stm32cube.ide.mcu.externaltools.gnu-tools-for-stm32.13.3.rel1.win32_1.0.0.202411081344/tools/bin/../lib/gcc/arm-none-eabi/13.3.1/../../../../arm-none-eabi/lib/thumb/v7e-m+fp/hard\libc_nano.a(libc_a-strlen.o)
                0x080041d0                strlen
 .text          0x080041e0       0xa0 C:/ST/STM32CubeIDE_1.18.1/STM32CubeIDE/plugins/com.st.stm32cube.ide.mcu.externaltools.gnu-tools-for-stm32.13.3.rel1.win32_1.0.0.202411081344/tools/bin/../lib/gcc/arm-none-eabi/13.3.1/../../../../arm-none-eabi/lib/thumb/v7e-m+fp/hard\libc_nano.a(libc_a-memchr.o)
                0x080041e0                memchr
 .text          0x08004280      0x378 C:/ST/STM32CubeIDE_1.18.1/STM32CubeIDE/plugins/com.st.stm32cube.ide.mcu.externaltools.gnu-tools-for-stm32.13.3.rel1.win32_1.0.0.202411081344/tools/bin/../lib/gcc/arm-none-eabi/13.3.1/thumb/v7e-m+fp/hard\libgcc.a(_arm_addsubdf3.o)
                0x08004280                __aeabi_drsub
                0x08004288                __aeabi_dsub
                0x08004288                __subdf3
                0x0800428c                __aeabi_dadd
                0x0800428c                __adddf3
                0x08004504                __floatunsidf
                0x08004504                __aeabi_ui2d
                0x08004524                __floatsidf
                0x08004524                __aeabi_i2d
                0x08004548                __aeabi_f2d
                0x08004548                __extendsfdf2
                0x0800458c                __floatundidf
                0x0800458c                __aeabi_ul2d
                0x0800459c                __floatdidf
                0x0800459c                __aeabi_l2d
 .text          0x080045f8      0x424 C:/ST/STM32CubeIDE_1.18.1/STM32CubeIDE/plugins/com.st.stm32cube.ide.mcu.externaltools.gnu-tools-for-stm32.13.3.rel1.win32_1.0.0.202411081344/tools/bin/../lib/gcc/arm-none-eabi/13.3.1/thumb/v7e-m+fp/hard\libgcc.a(_arm_muldivdf3.o)
                0x080045f8                __aeabi_dmul
                0x080045f8                __muldf3
                0x0800484c                __divdf3
                0x0800484c                __aeabi_ddiv
 .text          0x08004a1c      0x110 C:/ST/STM32CubeIDE_1.18.1/STM32CubeIDE/plugins/com.st.stm32cube.ide.mcu.externaltools.gnu-tools-for-stm32.13.3.rel1.win32_1.0.0.202411081344/tools/bin/../lib/gcc/arm-none-eabi/13.3.1/thumb/v7e-m+fp/hard\libgcc.a(_arm_cmpdf2.o)
                0x08004a1c                __gtdf2
                0x08004a1c                __gedf2
                0x08004a24                __ltdf2
                0x08004a24                __ledf2
                0x08004a2c                __nedf2
                0x08004a2c                __eqdf2
                0x08004a2c                __cmpdf2
                0x08004aa8                __aeabi_cdrcmple
                0x08004ab8                __aeabi_cdcmpeq
                0x08004ab8                __aeabi_cdcmple
                0x08004ac8                __aeabi_dcmpeq
                0x08004adc                __aeabi_dcmplt
                0x08004af0                __aeabi_dcmple
                0x08004b04                __aeabi_dcmpge
                0x08004b18                __aeabi_dcmpgt
 .text          0x08004b2c       0x2c C:/ST/STM32CubeIDE_1.18.1/STM32CubeIDE/plugins/com.st.stm32cube.ide.mcu.externaltools.gnu-tools-for-stm32.13.3.rel1.win32_1.0.0.202411081344/tools/bin/../lib/gcc/arm-none-eabi/13.3.1/thumb/v7e-m+fp/hard\libgcc.a(_arm_unorddf2.o)
                0x08004b2c                __unorddf2
                0x08004b2c                __aeabi_dcmpun
 .text          0x08004b58       0xa0 C:/ST/STM32CubeIDE_1.18.1/STM32CubeIDE/plugins/com.st.stm32cube.ide.mcu.externaltools.gnu-tools-for-stm32.13.3.rel1.win32_1.0.0.202411081344/tools/bin/../lib/gcc/arm-none-eabi/13.3.1/thumb/v7e-m+fp/hard\libgcc.a(_arm_truncdfsf2.o)
                0x08004b58                __truncdfsf2
                0x08004b58                __aeabi_d2f
 .text          0x08004bf8       0xa0 C:/ST/STM32CubeIDE_1.18.1/STM32CubeIDE/plugins/com.st.stm32cube.ide.mcu.externaltools.gnu-tools-for-stm32.13.3.rel1.win32_1.0.0.202411081344/tools/bin/../lib/gcc/arm-none-eabi/13.3.1/thumb/v7e-m+fp/hard\libgcc.a(_aeabi_ldivmod.o)
                0x08004bf8                __aeabi_ldivmod
 .text          0x08004c98      0x2f8 C:/ST/STM32CubeIDE_1.18.1/STM32CubeIDE/plugins/com.st.stm32cube.ide.mcu.externaltools.gnu-tools-for-stm32.13.3.rel1.win32_1.0.0.202411081344/tools/bin/../lib/gcc/arm-none-eabi/13.3.1/thumb/v7e-m+fp/hard\libgcc.a(_udivmoddi4.o)
                0x08004c98                __udivmoddi4
 .text          0x08004f90        0x4 C:/ST/STM32CubeIDE_1.18.1/STM32CubeIDE/plugins/com.st.stm32cube.ide.mcu.externaltools.gnu-tools-for-stm32.13.3.rel1.win32_1.0.0.202411081344/tools/bin/../lib/gcc/arm-none-eabi/13.3.1/thumb/v7e-m+fp/hard\libgcc.a(_dvmd_tls.o)
                0x08004f90                __aeabi_idiv0
                0x08004f90                __aeabi_ldiv0
 *(.text*)
 .text.Reset_Handler
                0x08004f94       0x50 ./DataLog/SW4STM32/startup_stm32l476xx.o
                0x08004f94                Reset_Handler
 .text.Default_Handler
                0x08004fe4        0x2 ./DataLog/SW4STM32/startup_stm32l476xx.o
                0x08004fe4                RTC_Alarm_IRQHandler
                0x08004fe4                TIM8_TRG_COM_IRQHandler
                0x08004fe4                TIM8_CC_IRQHandler
                0x08004fe4                TIM1_CC_IRQHandler
                0x08004fe4                TSC_IRQHandler
                0x08004fe4                TAMP_STAMP_IRQHandler
                0x08004fe4                PendSV_Handler
                0x08004fe4                EXTI3_IRQHandler
                0x08004fe4                LPTIM2_IRQHandler
                0x08004fe4                DFSDM1_FLT1_IRQHandler
                0x08004fe4                I2C3_ER_IRQHandler
                0x08004fe4                DFSDM1_FLT2_IRQHandler
                0x08004fe4                EXTI0_IRQHandler
                0x08004fe4                I2C2_EV_IRQHandler
                0x08004fe4                CAN1_RX0_IRQHandler
                0x08004fe4                FPU_IRQHandler
                0x08004fe4                TIM1_UP_TIM16_IRQHandler
                0x08004fe4                UsageFault_Handler
                0x08004fe4                ADC1_2_IRQHandler
                0x08004fe4                SPI1_IRQHandler
                0x08004fe4                TIM6_DAC_IRQHandler
                0x08004fe4                TIM8_UP_IRQHandler
                0x08004fe4                DMA2_Channel2_IRQHandler
                0x08004fe4                DMA1_Channel4_IRQHandler
                0x08004fe4                SAI2_IRQHandler
                0x08004fe4                DFSDM1_FLT3_IRQHandler
                0x08004fe4                USART3_IRQHandler
                0x08004fe4                DMA1_Channel7_IRQHandler
                0x08004fe4                CAN1_RX1_IRQHandler
                0x08004fe4                LCD_IRQHandler
                0x08004fe4                UART5_IRQHandler
                0x08004fe4                ADC3_IRQHandler
                0x08004fe4                TIM4_IRQHandler
                0x08004fe4                DMA2_Channel1_IRQHandler
                0x08004fe4                QUADSPI_IRQHandler
                0x08004fe4                I2C1_EV_IRQHandler
                0x08004fe4                DMA1_Channel6_IRQHandler
                0x08004fe4                UART4_IRQHandler
                0x08004fe4                DMA2_Channel4_IRQHandler
                0x08004fe4                RCC_IRQHandler
                0x08004fe4                DMA1_Channel1_IRQHandler
                0x08004fe4                Default_Handler
                0x08004fe4                DMA2_Channel7_IRQHandler
                0x08004fe4                EXTI15_10_IRQHandler
                0x08004fe4                TIM7_IRQHandler
                0x08004fe4                SDMMC1_IRQHandler
                0x08004fe4                TIM5_IRQHandler
                0x08004fe4                I2C3_EV_IRQHandler
                0x08004fe4                EXTI9_5_IRQHandler
                0x08004fe4                RTC_WKUP_IRQHandler
                0x08004fe4                PVD_PVM_IRQHandler
                0x08004fe4                SPI2_IRQHandler
                0x08004fe4                MemManage_Handler
                0x08004fe4                CAN1_TX_IRQHandler
                0x08004fe4                SVC_Handler
                0x08004fe4                DMA2_Channel5_IRQHandler
                0x08004fe4                DMA1_Channel5_IRQHandler
                0x08004fe4                EXTI4_IRQHandler
                0x08004fe4                RNG_IRQHandler
                0x08004fe4                TIM1_TRG_COM_TIM17_IRQHandler
                0x08004fe4                DMA1_Channel3_IRQHandler
                0x08004fe4                COMP_IRQHandler
                0x08004fe4                WWDG_IRQHandler
                0x08004fe4                LPUART1_IRQHandler
                0x08004fe4                DMA2_Channel6_IRQHandler
                0x08004fe4                TIM2_IRQHandler
                0x08004fe4                EXTI1_IRQHandler
                0x08004fe4                USART2_IRQHandler
                0x08004fe4                DFSDM1_FLT0_IRQHandler
                0x08004fe4                I2C2_ER_IRQHandler
                0x08004fe4                DMA1_Channel2_IRQHandler
                0x08004fe4                TIM8_BRK_IRQHandler
                0x08004fe4                CAN1_SCE_IRQHandler
                0x08004fe4                FLASH_IRQHandler
                0x08004fe4                BusFault_Handler
                0x08004fe4                USART1_IRQHandler
                0x08004fe4                SPI3_IRQHandler
                0x08004fe4                I2C1_ER_IRQHandler
                0x08004fe4                FMC_IRQHandler
                0x08004fe4                SWPMI1_IRQHandler
                0x08004fe4                LPTIM1_IRQHandler
                0x08004fe4                SAI1_IRQHandler
                0x08004fe4                DMA2_Channel3_IRQHandler
                0x08004fe4                TIM1_BRK_TIM15_IRQHandler
 *fill*         0x08004fe6        0x2 
 .text.SystemClock_Config
                0x08004fe8      0x144 ./DataLog/User/cube_hal_l4.o
                0x08004fe8                SystemClock_Config
 .text.Error_Handler
                0x0800512c        0x8 ./DataLog/User/cube_hal_l4.o
 .text.DATALOG_SD_Init
                0x08005134       0x58 ./DataLog/User/datalog_application.o
                0x08005134                DATALOG_SD_Init
 .text.Accelero_Sensor_Handler
                0x0800518c      0x1f8 ./DataLog/User/datalog_application.o
                0x0800518c                Accelero_Sensor_Handler
 .text.fill_buffer
                0x08005384       0x84 ./DataLog/User/main.o
                0x08005384                fill_buffer
 .text.main     0x08005408      0x230 ./DataLog/User/main.o
                0x08005408                main
 .text.initializeAllSensors
                0x08005638      0x100 ./DataLog/User/main.o
 .text.enableAllSensors
                0x08005738       0x88 ./DataLog/User/main.o
                0x08005738                enableAllSensors
 .text.RTC_Config
                0x080057c0       0x4c ./DataLog/User/main.o
 .text.RTC_TimeStampConfig
                0x0800580c       0x68 ./DataLog/User/main.o
 .text.HAL_GPIO_EXTI_Callback
                0x08005874       0x20 ./DataLog/User/main.o
                0x08005874                HAL_GPIO_EXTI_Callback
 .text.Error_Handler
                0x08005894        0x8 ./DataLog/User/main.o
 .text.HAL_RTC_MspInit
                0x0800589c       0x34 ./DataLog/User/stm32l4xx_hal_msp.o
                0x0800589c                HAL_RTC_MspInit
 .text.NMI_Handler
                0x080058d0        0xe ./DataLog/User/stm32l4xx_it.o
                0x080058d0                NMI_Handler
 .text.HardFault_Handler
                0x080058de        0x8 ./DataLog/User/stm32l4xx_it.o
                0x080058de                HardFault_Handler
 .text.DebugMon_Handler
                0x080058e6        0xe ./DataLog/User/stm32l4xx_it.o
                0x080058e6                DebugMon_Handler
 .text.SysTick_Handler
                0x080058f4        0xc ./DataLog/User/stm32l4xx_it.o
                0x080058f4                SysTick_Handler
 .text.OTG_FS_IRQHandler
                0x08005900       0x14 ./DataLog/User/stm32l4xx_it.o
                0x08005900                OTG_FS_IRQHandler
 .text.TIM3_IRQHandler
                0x08005914       0x14 ./DataLog/User/stm32l4xx_it.o
                0x08005914                TIM3_IRQHandler
 .text.EXTI2_IRQHandler
                0x08005928        0xe ./DataLog/User/stm32l4xx_it.o
                0x08005928                EXTI2_IRQHandler
 *fill*         0x08005936        0x2 
 .text._sbrk    0x08005938       0x58 ./DataLog/User/syscalls.o
                0x08005938                _sbrk
 .text._write   0x08005990       0x38 ./DataLog/User/syscalls.o
                0x08005990                _write
 .text._close   0x080059c8       0x18 ./DataLog/User/syscalls.o
                0x080059c8                _close
 .text._fstat   0x080059e0       0x20 ./DataLog/User/syscalls.o
                0x080059e0                _fstat
 .text._isatty  0x08005a00       0x16 ./DataLog/User/syscalls.o
                0x08005a00                _isatty
 .text._lseek   0x08005a16       0x1a ./DataLog/User/syscalls.o
                0x08005a16                _lseek
 .text._read    0x08005a30       0x22 ./DataLog/User/syscalls.o
                0x08005a30                _read
 *fill*         0x08005a52        0x2 
 .text.CDC_Itf_Init
                0x08005a54       0x74 ./DataLog/User/usbd_cdc_interface.o
 .text.CDC_Itf_DeInit
                0x08005ac8       0x10 ./DataLog/User/usbd_cdc_interface.o
 .text.CDC_Itf_Control
                0x08005ad8      0x15c ./DataLog/User/usbd_cdc_interface.o
 .text.CDC_Fill_Buffer
                0x08005c34       0x54 ./DataLog/User/usbd_cdc_interface.o
                0x08005c34                CDC_Fill_Buffer
 .text.HAL_TIM_PeriodElapsedCallback
                0x08005c88       0x90 ./DataLog/User/usbd_cdc_interface.o
                0x08005c88                HAL_TIM_PeriodElapsedCallback
 .text.CDC_Itf_Receive
                0x08005d18       0x18 ./DataLog/User/usbd_cdc_interface.o
 .text.TIM_Config
                0x08005d30       0x40 ./DataLog/User/usbd_cdc_interface.o
 .text.Error_Handler
                0x08005d70        0xe ./DataLog/User/usbd_cdc_interface.o
 *fill*         0x08005d7e        0x2 
 .text.HAL_PCD_MspInit
                0x08005d80       0x78 ./DataLog/User/usbd_conf.o
                0x08005d80                HAL_PCD_MspInit
 .text.HAL_PCD_SetupStageCallback
                0x08005df8       0x24 ./DataLog/User/usbd_conf.o
                0x08005df8                HAL_PCD_SetupStageCallback
 .text.HAL_PCD_DataOutStageCallback
                0x08005e1c       0x36 ./DataLog/User/usbd_conf.o
                0x08005e1c                HAL_PCD_DataOutStageCallback
 .text.HAL_PCD_DataInStageCallback
                0x08005e52       0x34 ./DataLog/User/usbd_conf.o
                0x08005e52                HAL_PCD_DataInStageCallback
 .text.HAL_PCD_SOFCallback
                0x08005e86       0x1c ./DataLog/User/usbd_conf.o
                0x08005e86                HAL_PCD_SOFCallback
 .text.HAL_PCD_ResetCallback
                0x08005ea2       0x2a ./DataLog/User/usbd_conf.o
                0x08005ea2                HAL_PCD_ResetCallback
 .text.HAL_PCD_SuspendCallback
                0x08005ecc       0x1c ./DataLog/User/usbd_conf.o
                0x08005ecc                HAL_PCD_SuspendCallback
 .text.HAL_PCD_ResumeCallback
                0x08005ee8       0x1c ./DataLog/User/usbd_conf.o
                0x08005ee8                HAL_PCD_ResumeCallback
 .text.HAL_PCD_ISOOUTIncompleteCallback
                0x08005f04       0x24 ./DataLog/User/usbd_conf.o
                0x08005f04                HAL_PCD_ISOOUTIncompleteCallback
 .text.HAL_PCD_ISOINIncompleteCallback
                0x08005f28       0x24 ./DataLog/User/usbd_conf.o
                0x08005f28                HAL_PCD_ISOINIncompleteCallback
 .text.HAL_PCD_ConnectCallback
                0x08005f4c       0x1c ./DataLog/User/usbd_conf.o
                0x08005f4c                HAL_PCD_ConnectCallback
 .text.HAL_PCD_DisconnectCallback
                0x08005f68       0x1c ./DataLog/User/usbd_conf.o
                0x08005f68                HAL_PCD_DisconnectCallback
 .text.USBD_LL_Init
                0x08005f84       0x94 ./DataLog/User/usbd_conf.o
                0x08005f84                USBD_LL_Init
 .text.USBD_LL_Start
                0x08006018       0x1e ./DataLog/User/usbd_conf.o
                0x08006018                USBD_LL_Start
 .text.USBD_LL_OpenEP
                0x08006036       0x34 ./DataLog/User/usbd_conf.o
                0x08006036                USBD_LL_OpenEP
 .text.USBD_LL_CloseEP
                0x0800606a       0x26 ./DataLog/User/usbd_conf.o
                0x0800606a                USBD_LL_CloseEP
 .text.USBD_LL_StallEP
                0x08006090       0x26 ./DataLog/User/usbd_conf.o
                0x08006090                USBD_LL_StallEP
 .text.USBD_LL_ClearStallEP
                0x080060b6       0x26 ./DataLog/User/usbd_conf.o
                0x080060b6                USBD_LL_ClearStallEP
 .text.USBD_LL_IsStallEP
                0x080060dc       0x58 ./DataLog/User/usbd_conf.o
                0x080060dc                USBD_LL_IsStallEP
 .text.USBD_LL_SetUSBAddress
                0x08006134       0x26 ./DataLog/User/usbd_conf.o
                0x08006134                USBD_LL_SetUSBAddress
 .text.USBD_LL_Transmit
                0x0800615a       0x2e ./DataLog/User/usbd_conf.o
                0x0800615a                USBD_LL_Transmit
 .text.USBD_LL_PrepareReceive
                0x08006188       0x2e ./DataLog/User/usbd_conf.o
                0x08006188                USBD_LL_PrepareReceive
 .text.USBD_LL_GetRxDataSize
                0x080061b6       0x26 ./DataLog/User/usbd_conf.o
                0x080061b6                USBD_LL_GetRxDataSize
 .text.USBD_VCP_DeviceDescriptor
                0x080061dc       0x24 ./DataLog/User/usbd_desc.o
                0x080061dc                USBD_VCP_DeviceDescriptor
 .text.USBD_VCP_LangIDStrDescriptor
                0x08006200       0x24 ./DataLog/User/usbd_desc.o
                0x08006200                USBD_VCP_LangIDStrDescriptor
 .text.USBD_VCP_ProductStrDescriptor
                0x08006224       0x28 ./DataLog/User/usbd_desc.o
                0x08006224                USBD_VCP_ProductStrDescriptor
 .text.USBD_VCP_ManufacturerStrDescriptor
                0x0800624c       0x28 ./DataLog/User/usbd_desc.o
                0x0800624c                USBD_VCP_ManufacturerStrDescriptor
 .text.USBD_VCP_SerialStrDescriptor
                0x08006274       0x24 ./DataLog/User/usbd_desc.o
                0x08006274                USBD_VCP_SerialStrDescriptor
 .text.USBD_VCP_ConfigStrDescriptor
                0x08006298       0x28 ./DataLog/User/usbd_desc.o
                0x08006298                USBD_VCP_ConfigStrDescriptor
 .text.USBD_VCP_InterfaceStrDescriptor
                0x080062c0       0x28 ./DataLog/User/usbd_desc.o
                0x080062c0                USBD_VCP_InterfaceStrDescriptor
 .text.Get_SerialNum
                0x080062e8       0x58 ./DataLog/User/usbd_desc.o
 .text.IntToUnicode
                0x08006340       0x7e ./DataLog/User/usbd_desc.o
 .text.HTS221_ReadReg
                0x080063be       0x32 ./Drivers/BSP/Components/HTS221_Driver.o
                0x080063be                HTS221_ReadReg
 .text.HTS221_WriteReg
                0x080063f0       0x32 ./Drivers/BSP/Components/HTS221_Driver.o
                0x080063f0                HTS221_WriteReg
 .text.HTS221_Get_DeviceID
                0x08006422       0x2a ./Drivers/BSP/Components/HTS221_Driver.o
                0x08006422                HTS221_Get_DeviceID
 .text.HTS221_Get_Humidity
                0x0800644c      0x158 ./Drivers/BSP/Components/HTS221_Driver.o
                0x0800644c                HTS221_Get_Humidity
 .text.HTS221_Get_Temperature
                0x080065a4      0x154 ./Drivers/BSP/Components/HTS221_Driver.o
                0x080065a4                HTS221_Get_Temperature
 .text.HTS221_Get_DataStatus
                0x080066f8       0x48 ./Drivers/BSP/Components/HTS221_Driver.o
                0x080066f8                HTS221_Get_DataStatus
 .text.HTS221_Activate
                0x08006740       0x4c ./Drivers/BSP/Components/HTS221_Driver.o
                0x08006740                HTS221_Activate
 .text.HTS221_DeActivate
                0x0800678c       0x4c ./Drivers/BSP/Components/HTS221_Driver.o
                0x0800678c                HTS221_DeActivate
 .text.HTS221_Set_BduMode
                0x080067d8       0x80 ./Drivers/BSP/Components/HTS221_Driver.o
                0x080067d8                HTS221_Set_BduMode
 .text.HTS221_Set_Odr
                0x08006858       0x80 ./Drivers/BSP/Components/HTS221_Driver.o
                0x08006858                HTS221_Set_Odr
 .text.HTS221_Get_Odr
                0x080068d8       0x3c ./Drivers/BSP/Components/HTS221_Driver.o
                0x080068d8                HTS221_Get_Odr
 .text.HTS221_assert_failed
                0x08006914       0x20 ./Drivers/BSP/Components/HTS221_Driver.o
                0x08006914                HTS221_assert_failed
 .text.HTS221_H_Init
                0x08006934       0x42 ./Drivers/BSP/Components/HTS221_Driver_HL.o
 .text.HTS221_H_DeInit
                0x08006976       0x42 ./Drivers/BSP/Components/HTS221_Driver_HL.o
 .text.HTS221_H_Sensor_Enable
                0x080069b8       0x4e ./Drivers/BSP/Components/HTS221_Driver_HL.o
 .text.HTS221_H_Sensor_Disable
                0x08006a06       0x4e ./Drivers/BSP/Components/HTS221_Driver_HL.o
 .text.HTS221_H_Get_WhoAmI
                0x08006a54       0x1c ./Drivers/BSP/Components/HTS221_Driver_HL.o
 .text.HTS221_H_Check_WhoAmI
                0x08006a70       0x18 ./Drivers/BSP/Components/HTS221_Driver_HL.o
 .text.HTS221_H_Get_Hum
                0x08006a88       0x1c ./Drivers/BSP/Components/HTS221_Driver_HL.o
 .text.HTS221_H_Get_ODR
                0x08006aa4       0x1c ./Drivers/BSP/Components/HTS221_Driver_HL.o
 .text.HTS221_H_Set_ODR
                0x08006ac0       0x20 ./Drivers/BSP/Components/HTS221_Driver_HL.o
 .text.HTS221_H_Set_ODR_Value
                0x08006ae0       0x20 ./Drivers/BSP/Components/HTS221_Driver_HL.o
 .text.HTS221_H_Read_Reg
                0x08006b00       0x2e ./Drivers/BSP/Components/HTS221_Driver_HL.o
 .text.HTS221_H_Write_Reg
                0x08006b2e       0x30 ./Drivers/BSP/Components/HTS221_Driver_HL.o
 .text.HTS221_H_Get_DRDY_Status
                0x08006b5e       0x4c ./Drivers/BSP/Components/HTS221_Driver_HL.o
 .text.HTS221_T_Init
                0x08006baa       0x42 ./Drivers/BSP/Components/HTS221_Driver_HL.o
 .text.HTS221_T_DeInit
                0x08006bec       0x42 ./Drivers/BSP/Components/HTS221_Driver_HL.o
 .text.HTS221_T_Sensor_Enable
                0x08006c2e       0x4e ./Drivers/BSP/Components/HTS221_Driver_HL.o
 .text.HTS221_T_Sensor_Disable
                0x08006c7c       0x4e ./Drivers/BSP/Components/HTS221_Driver_HL.o
 .text.HTS221_T_Get_WhoAmI
                0x08006cca       0x1c ./Drivers/BSP/Components/HTS221_Driver_HL.o
 .text.HTS221_T_Check_WhoAmI
                0x08006ce6       0x18 ./Drivers/BSP/Components/HTS221_Driver_HL.o
 .text.HTS221_T_Get_Temp
                0x08006cfe       0x1c ./Drivers/BSP/Components/HTS221_Driver_HL.o
 .text.HTS221_T_Get_ODR
                0x08006d1a       0x1c ./Drivers/BSP/Components/HTS221_Driver_HL.o
 .text.HTS221_T_Set_ODR
                0x08006d36       0x20 ./Drivers/BSP/Components/HTS221_Driver_HL.o
 .text.HTS221_T_Set_ODR_Value
                0x08006d56       0x20 ./Drivers/BSP/Components/HTS221_Driver_HL.o
 .text.HTS221_T_Read_Reg
                0x08006d76       0x2e ./Drivers/BSP/Components/HTS221_Driver_HL.o
 .text.HTS221_T_Write_Reg
                0x08006da4       0x30 ./Drivers/BSP/Components/HTS221_Driver_HL.o
 .text.HTS221_T_Get_DRDY_Status
                0x08006dd4       0x4c ./Drivers/BSP/Components/HTS221_Driver_HL.o
 .text.HTS221_Init
                0x08006e20       0x56 ./Drivers/BSP/Components/HTS221_Driver_HL.o
 .text.HTS221_Sensor_Enable
                0x08006e76       0x22 ./Drivers/BSP/Components/HTS221_Driver_HL.o
 .text.HTS221_Sensor_Disable
                0x08006e98       0x22 ./Drivers/BSP/Components/HTS221_Driver_HL.o
 .text.HTS221_Get_WhoAmI
                0x08006eba       0x26 ./Drivers/BSP/Components/HTS221_Driver_HL.o
 .text.HTS221_Check_WhoAmI
                0x08006ee0       0x3a ./Drivers/BSP/Components/HTS221_Driver_HL.o
 .text.HTS221_Get_Hum
                0x08006f1a       0x46 ./Drivers/BSP/Components/HTS221_Driver_HL.o
 .text.HTS221_Get_Temp
                0x08006f60       0x48 ./Drivers/BSP/Components/HTS221_Driver_HL.o
 .text.HTS221_Get_ODR
                0x08006fa8       0x80 ./Drivers/BSP/Components/HTS221_Driver_HL.o
 .text.HTS221_Set_ODR
                0x08007028       0x6c ./Drivers/BSP/Components/HTS221_Driver_HL.o
 .text.HTS221_Set_ODR_Value
                0x08007094       0x5a ./Drivers/BSP/Components/HTS221_Driver_HL.o
 .text.HTS221_Read_Reg
                0x080070ee       0x2e ./Drivers/BSP/Components/HTS221_Driver_HL.o
 .text.HTS221_Write_Reg
                0x0800711c       0x30 ./Drivers/BSP/Components/HTS221_Driver_HL.o
 .text.LPS22HB_ReadReg
                0x0800714c       0x32 ./Drivers/BSP/Components/LPS22HB_Driver.o
                0x0800714c                LPS22HB_ReadReg
 .text.LPS22HB_WriteReg
                0x0800717e       0x32 ./Drivers/BSP/Components/LPS22HB_Driver.o
                0x0800717e                LPS22HB_WriteReg
 .text.LPS22HB_Get_DeviceID
                0x080071b0       0x2a ./Drivers/BSP/Components/LPS22HB_Driver.o
                0x080071b0                LPS22HB_Get_DeviceID
 .text.LPS22HB_Set_PowerMode
                0x080071da       0x5a ./Drivers/BSP/Components/LPS22HB_Driver.o
                0x080071da                LPS22HB_Set_PowerMode
 .text.LPS22HB_Set_Odr
                0x08007234       0x5a ./Drivers/BSP/Components/LPS22HB_Driver.o
                0x08007234                LPS22HB_Set_Odr
 .text.LPS22HB_Get_Odr
                0x0800728e       0x38 ./Drivers/BSP/Components/LPS22HB_Driver.o
                0x0800728e                LPS22HB_Get_Odr
 .text.LPS22HB_Set_LowPassFilter
                0x080072c6       0x64 ./Drivers/BSP/Components/LPS22HB_Driver.o
                0x080072c6                LPS22HB_Set_LowPassFilter
 .text.LPS22HB_Set_LowPassFilterCutoff
                0x0800732a       0x5a ./Drivers/BSP/Components/LPS22HB_Driver.o
                0x0800732a                LPS22HB_Set_LowPassFilterCutoff
 .text.LPS22HB_Set_Bdu
                0x08007384       0x5a ./Drivers/BSP/Components/LPS22HB_Driver.o
                0x08007384                LPS22HB_Set_Bdu
 .text.LPS22HB_SwResetAndMemoryBoot
                0x080073de       0x4c ./Drivers/BSP/Components/LPS22HB_Driver.o
                0x080073de                LPS22HB_SwResetAndMemoryBoot
 .text.LPS22HB_Set_FifoModeUse
                0x0800742a       0x64 ./Drivers/BSP/Components/LPS22HB_Driver.o
                0x0800742a                LPS22HB_Set_FifoModeUse
 .text.LPS22HB_Set_FifoWatermarkLevelUse
                0x0800748e       0x64 ./Drivers/BSP/Components/LPS22HB_Driver.o
                0x0800748e                LPS22HB_Set_FifoWatermarkLevelUse
 .text.LPS22HB_Set_AutomaticIncrementRegAddress
                0x080074f2       0x64 ./Drivers/BSP/Components/LPS22HB_Driver.o
                0x080074f2                LPS22HB_Set_AutomaticIncrementRegAddress
 .text.LPS22HB_Set_I2C
                0x08007556       0x68 ./Drivers/BSP/Components/LPS22HB_Driver.o
                0x08007556                LPS22HB_Set_I2C
 .text.LPS22HB_Set_FIFO_OVR_Interrupt
                0x080075be       0x64 ./Drivers/BSP/Components/LPS22HB_Driver.o
                0x080075be                LPS22HB_Set_FIFO_OVR_Interrupt
 .text.LPS22HB_Set_FIFO_FTH_Interrupt
                0x08007622       0x64 ./Drivers/BSP/Components/LPS22HB_Driver.o
                0x08007622                LPS22HB_Set_FIFO_FTH_Interrupt
 .text.LPS22HB_Set_FIFO_FULL_Interrupt
                0x08007686       0x64 ./Drivers/BSP/Components/LPS22HB_Driver.o
                0x08007686                LPS22HB_Set_FIFO_FULL_Interrupt
 .text.LPS22HB_Get_DataStatus
                0x080076ea       0x64 ./Drivers/BSP/Components/LPS22HB_Driver.o
                0x080076ea                LPS22HB_Get_DataStatus
 .text.LPS22HB_Get_RawPressure
                0x0800774e       0x74 ./Drivers/BSP/Components/LPS22HB_Driver.o
                0x0800774e                LPS22HB_Get_RawPressure
 .text.LPS22HB_Get_Pressure
                0x080077c2       0x42 ./Drivers/BSP/Components/LPS22HB_Driver.o
                0x080077c2                LPS22HB_Get_Pressure
 .text.LPS22HB_Get_RawTemperature
                0x08007804       0x40 ./Drivers/BSP/Components/LPS22HB_Driver.o
                0x08007804                LPS22HB_Get_RawTemperature
 .text.LPS22HB_Get_Temperature
                0x08007844       0x44 ./Drivers/BSP/Components/LPS22HB_Driver.o
                0x08007844                LPS22HB_Get_Temperature
 .text.LPS22HB_Set_FifoMode
                0x08007888       0x5a ./Drivers/BSP/Components/LPS22HB_Driver.o
                0x08007888                LPS22HB_Set_FifoMode
 .text.LPS22HB_Get_FifoMode
                0x080078e2       0x3c ./Drivers/BSP/Components/LPS22HB_Driver.o
                0x080078e2                LPS22HB_Get_FifoMode
 .text.LPS22HB_Set_FifoWatermarkLevel
                0x0800791e       0x5a ./Drivers/BSP/Components/LPS22HB_Driver.o
                0x0800791e                LPS22HB_Set_FifoWatermarkLevel
 .text.LPS22HB_Get_FifoWatermarkLevel
                0x08007978       0x38 ./Drivers/BSP/Components/LPS22HB_Driver.o
                0x08007978                LPS22HB_Get_FifoWatermarkLevel
 .text.LPS22HB_Get_FifoStatus
                0x080079b0       0x7e ./Drivers/BSP/Components/LPS22HB_Driver.o
                0x080079b0                LPS22HB_Get_FifoStatus
 .text.LPS22HB_P_Init
                0x08007a2e       0x42 ./Drivers/BSP/Components/LPS22HB_Driver_HL.o
 .text.LPS22HB_P_DeInit
                0x08007a70       0x40 ./Drivers/BSP/Components/LPS22HB_Driver_HL.o
 .text.LPS22HB_P_Sensor_Enable
                0x08007ab0       0x50 ./Drivers/BSP/Components/LPS22HB_Driver_HL.o
 .text.LPS22HB_P_Sensor_Disable
                0x08007b00       0x4e ./Drivers/BSP/Components/LPS22HB_Driver_HL.o
 .text.LPS22HB_P_Get_WhoAmI
                0x08007b4e       0x1c ./Drivers/BSP/Components/LPS22HB_Driver_HL.o
 .text.LPS22HB_P_Check_WhoAmI
                0x08007b6a       0x18 ./Drivers/BSP/Components/LPS22HB_Driver_HL.o
 .text.LPS22HB_P_Get_Press
                0x08007b82       0x1c ./Drivers/BSP/Components/LPS22HB_Driver_HL.o
 .text.LPS22HB_P_Get_ODR
                0x08007b9e       0x1c ./Drivers/BSP/Components/LPS22HB_Driver_HL.o
 .text.LPS22HB_P_Set_ODR
                0x08007bba       0x54 ./Drivers/BSP/Components/LPS22HB_Driver_HL.o
 .text.LPS22HB_P_Set_ODR_Value
                0x08007c0e       0x54 ./Drivers/BSP/Components/LPS22HB_Driver_HL.o
 .text.LPS22HB_P_Read_Reg
                0x08007c62       0x2e ./Drivers/BSP/Components/LPS22HB_Driver_HL.o
 .text.LPS22HB_P_Write_Reg
                0x08007c90       0x30 ./Drivers/BSP/Components/LPS22HB_Driver_HL.o
 .text.LPS22HB_P_Get_DRDY_Status
                0x08007cc0       0x30 ./Drivers/BSP/Components/LPS22HB_Driver_HL.o
 .text.LPS22HB_T_Init
                0x08007cf0       0x42 ./Drivers/BSP/Components/LPS22HB_Driver_HL.o
 .text.LPS22HB_T_DeInit
                0x08007d32       0x40 ./Drivers/BSP/Components/LPS22HB_Driver_HL.o
 .text.LPS22HB_T_Sensor_Enable
                0x08007d72       0x50 ./Drivers/BSP/Components/LPS22HB_Driver_HL.o
 .text.LPS22HB_T_Sensor_Disable
                0x08007dc2       0x4e ./Drivers/BSP/Components/LPS22HB_Driver_HL.o
 .text.LPS22HB_T_Get_WhoAmI
                0x08007e10       0x1c ./Drivers/BSP/Components/LPS22HB_Driver_HL.o
 .text.LPS22HB_T_Check_WhoAmI
                0x08007e2c       0x18 ./Drivers/BSP/Components/LPS22HB_Driver_HL.o
 .text.LPS22HB_T_Get_Temp
                0x08007e44       0x1c ./Drivers/BSP/Components/LPS22HB_Driver_HL.o
 .text.LPS22HB_T_Get_ODR
                0x08007e60       0x1c ./Drivers/BSP/Components/LPS22HB_Driver_HL.o
 .text.LPS22HB_T_Set_ODR
                0x08007e7c       0x54 ./Drivers/BSP/Components/LPS22HB_Driver_HL.o
 .text.LPS22HB_T_Set_ODR_Value
                0x08007ed0       0x54 ./Drivers/BSP/Components/LPS22HB_Driver_HL.o
 .text.LPS22HB_T_Read_Reg
                0x08007f24       0x2e ./Drivers/BSP/Components/LPS22HB_Driver_HL.o
 .text.LPS22HB_T_Write_Reg
                0x08007f52       0x30 ./Drivers/BSP/Components/LPS22HB_Driver_HL.o
 .text.LPS22HB_T_Get_DRDY_Status
                0x08007f82       0x30 ./Drivers/BSP/Components/LPS22HB_Driver_HL.o
 *fill*         0x08007fb2        0x2 
 .text.LPS22HB_Initialize
                0x08007fb4       0xbc ./Drivers/BSP/Components/LPS22HB_Driver_HL.o
 .text.LPS22HB_Get_WhoAmI
                0x08008070       0x26 ./Drivers/BSP/Components/LPS22HB_Driver_HL.o
 .text.LPS22HB_Check_WhoAmI
                0x08008096       0x3a ./Drivers/BSP/Components/LPS22HB_Driver_HL.o
 .text.LPS22HB_Get_Press
                0x080080d0       0x4c ./Drivers/BSP/Components/LPS22HB_Driver_HL.o
 .text.LPS22HB_Get_Temp
                0x0800811c       0x48 ./Drivers/BSP/Components/LPS22HB_Driver_HL.o
 .text.LPS22HB_Get_ODR
                0x08008164       0xa8 ./Drivers/BSP/Components/LPS22HB_Driver_HL.o
 .text.LPS22HB_Set_ODR_When_Enabled
                0x0800820c       0x88 ./Drivers/BSP/Components/LPS22HB_Driver_HL.o
 .text.LPS22HB_Set_ODR_When_Disabled
                0x08008294       0x7c ./Drivers/BSP/Components/LPS22HB_Driver_HL.o
 .text.LPS22HB_Set_ODR_Value_When_Enabled
                0x08008310       0xa4 ./Drivers/BSP/Components/LPS22HB_Driver_HL.o
 .text.LPS22HB_Set_ODR_Value_When_Disabled
                0x080083b4       0x90 ./Drivers/BSP/Components/LPS22HB_Driver_HL.o
 .text.LPS22HB_Read_Reg
                0x08008444       0x2e ./Drivers/BSP/Components/LPS22HB_Driver_HL.o
 .text.LPS22HB_Write_Reg
                0x08008472       0x30 ./Drivers/BSP/Components/LPS22HB_Driver_HL.o
 .text.LPS22HB_FIFO_Get_Empty_Status
                0x080084a2       0x30 ./Drivers/BSP/Components/LPS22HB_Driver_HL.o
 .text.LPS22HB_FIFO_Get_Full_Status
                0x080084d2       0x30 ./Drivers/BSP/Components/LPS22HB_Driver_HL.o
 .text.LPS22HB_FIFO_Get_Ovr_Status
                0x08008502       0x30 ./Drivers/BSP/Components/LPS22HB_Driver_HL.o
 .text.LPS22HB_FIFO_Get_Fth_Status
                0x08008532       0x30 ./Drivers/BSP/Components/LPS22HB_Driver_HL.o
 .text.LPS22HB_FIFO_Stop_On_Fth
                0x08008562       0x36 ./Drivers/BSP/Components/LPS22HB_Driver_HL.o
 .text.LPS22HB_FIFO_Usage
                0x08008598       0x36 ./Drivers/BSP/Components/LPS22HB_Driver_HL.o
 .text.LPS22HB_FIFO_Get_Num_Of_Samples
                0x080085ce       0x30 ./Drivers/BSP/Components/LPS22HB_Driver_HL.o
 .text.LPS22HB_FIFO_Get_Data
                0x080085fe       0x3a ./Drivers/BSP/Components/LPS22HB_Driver_HL.o
 .text.LPS22HB_FIFO_Get_Mode
                0x08008638       0x30 ./Drivers/BSP/Components/LPS22HB_Driver_HL.o
 .text.LPS22HB_FIFO_Set_Mode
                0x08008668       0x5a ./Drivers/BSP/Components/LPS22HB_Driver_HL.o
 .text.LPS22HB_FIFO_Get_Watermark_Level
                0x080086c2       0x26 ./Drivers/BSP/Components/LPS22HB_Driver_HL.o
 .text.LPS22HB_FIFO_Set_Watermark_Level
                0x080086e8       0x2a ./Drivers/BSP/Components/LPS22HB_Driver_HL.o
 .text.LPS22HB_FIFO_Watermark_Usage
                0x08008712       0x36 ./Drivers/BSP/Components/LPS22HB_Driver_HL.o
 .text.LPS22HB_FIFO_Set_Interrupt
                0x08008748       0x6e ./Drivers/BSP/Components/LPS22HB_Driver_HL.o
 .text.LPS22HB_FIFO_Reset_Interrupt
                0x080087b6       0x6e ./Drivers/BSP/Components/LPS22HB_Driver_HL.o
 .text.LSM303AGR_ACC_WriteReg
                0x08008824       0x34 ./Drivers/BSP/Components/LSM303AGR_ACC_driver.o
                0x08008824                LSM303AGR_ACC_WriteReg
 .text.LSM303AGR_ACC_ReadReg
                0x08008858       0x34 ./Drivers/BSP/Components/LSM303AGR_ACC_driver.o
                0x08008858                LSM303AGR_ACC_ReadReg
 .text.LSM303AGR_ACC_R_WHO_AM_I
                0x0800888c       0x3a ./Drivers/BSP/Components/LSM303AGR_ACC_driver.o
                0x0800888c                LSM303AGR_ACC_R_WHO_AM_I
 .text.LSM303AGR_ACC_W_BlockDataUpdate
                0x080088c6       0x5a ./Drivers/BSP/Components/LSM303AGR_ACC_driver.o
                0x080088c6                LSM303AGR_ACC_W_BlockDataUpdate
 .text.LSM303AGR_ACC_W_FullScale
                0x08008920       0x5a ./Drivers/BSP/Components/LSM303AGR_ACC_driver.o
                0x08008920                LSM303AGR_ACC_W_FullScale
 .text.LSM303AGR_ACC_R_FullScale
                0x0800897a       0x38 ./Drivers/BSP/Components/LSM303AGR_ACC_driver.o
                0x0800897a                LSM303AGR_ACC_R_FullScale
 .text.LSM303AGR_ACC_Get_Raw_Acceleration
                0x080089b2       0x2a ./Drivers/BSP/Components/LSM303AGR_ACC_driver.o
                0x080089b2                LSM303AGR_ACC_Get_Raw_Acceleration
 .text.LSM303AGR_ACC_Get_Acceleration
                0x080089dc      0x248 ./Drivers/BSP/Components/LSM303AGR_ACC_driver.o
                0x080089dc                LSM303AGR_ACC_Get_Acceleration
 .text.LSM303AGR_ACC_W_ODR
                0x08008c24       0x5a ./Drivers/BSP/Components/LSM303AGR_ACC_driver.o
                0x08008c24                LSM303AGR_ACC_W_ODR
 .text.LSM303AGR_ACC_R_ODR
                0x08008c7e       0x38 ./Drivers/BSP/Components/LSM303AGR_ACC_driver.o
                0x08008c7e                LSM303AGR_ACC_R_ODR
 .text.LSM303AGR_ACC_W_XEN
                0x08008cb6       0x5a ./Drivers/BSP/Components/LSM303AGR_ACC_driver.o
                0x08008cb6                LSM303AGR_ACC_W_XEN
 .text.LSM303AGR_ACC_R_XEN
                0x08008d10       0x38 ./Drivers/BSP/Components/LSM303AGR_ACC_driver.o
                0x08008d10                LSM303AGR_ACC_R_XEN
 .text.LSM303AGR_ACC_W_YEN
                0x08008d48       0x5a ./Drivers/BSP/Components/LSM303AGR_ACC_driver.o
                0x08008d48                LSM303AGR_ACC_W_YEN
 .text.LSM303AGR_ACC_R_YEN
                0x08008da2       0x38 ./Drivers/BSP/Components/LSM303AGR_ACC_driver.o
                0x08008da2                LSM303AGR_ACC_R_YEN
 .text.LSM303AGR_ACC_W_ZEN
                0x08008dda       0x5a ./Drivers/BSP/Components/LSM303AGR_ACC_driver.o
                0x08008dda                LSM303AGR_ACC_W_ZEN
 .text.LSM303AGR_ACC_R_ZEN
                0x08008e34       0x38 ./Drivers/BSP/Components/LSM303AGR_ACC_driver.o
                0x08008e34                LSM303AGR_ACC_R_ZEN
 .text.LSM303AGR_ACC_R_LOWPWR_EN
                0x08008e6c       0x38 ./Drivers/BSP/Components/LSM303AGR_ACC_driver.o
                0x08008e6c                LSM303AGR_ACC_R_LOWPWR_EN
 .text.LSM303AGR_ACC_R_HiRes
                0x08008ea4       0x38 ./Drivers/BSP/Components/LSM303AGR_ACC_driver.o
                0x08008ea4                LSM303AGR_ACC_R_HiRes
 .text.LSM303AGR_ACC_R_XDataAvail
                0x08008edc       0x38 ./Drivers/BSP/Components/LSM303AGR_ACC_driver.o
                0x08008edc                LSM303AGR_ACC_R_XDataAvail
 .text.LSM303AGR_ACC_W_FifoMode
                0x08008f14       0x5a ./Drivers/BSP/Components/LSM303AGR_ACC_driver.o
                0x08008f14                LSM303AGR_ACC_W_FifoMode
 *fill*         0x08008f6e        0x2 
 .text.LSM303AGR_X_Init
                0x08008f70       0xc0 ./Drivers/BSP/Components/LSM303AGR_ACC_driver_HL.o
 .text.LSM303AGR_X_DeInit
                0x08009030       0x58 ./Drivers/BSP/Components/LSM303AGR_ACC_driver_HL.o
 .text.LSM303AGR_X_Sensor_Enable
                0x08009088       0x4a ./Drivers/BSP/Components/LSM303AGR_ACC_driver_HL.o
 .text.LSM303AGR_X_Sensor_Disable
                0x080090d2       0x58 ./Drivers/BSP/Components/LSM303AGR_ACC_driver_HL.o
 .text.LSM303AGR_X_Get_WhoAmI
                0x0800912a       0x26 ./Drivers/BSP/Components/LSM303AGR_ACC_driver_HL.o
 .text.LSM303AGR_X_Check_WhoAmI
                0x08009150       0x3a ./Drivers/BSP/Components/LSM303AGR_ACC_driver_HL.o
 .text.LSM303AGR_X_Get_Axes
                0x0800918a       0x3c ./Drivers/BSP/Components/LSM303AGR_ACC_driver_HL.o
 .text.LSM303AGR_X_Get_AxesRaw
                0x080091c6       0x42 ./Drivers/BSP/Components/LSM303AGR_ACC_driver_HL.o
 .text.LSM303AGR_X_Get_Sensitivity
                0x08009208       0x88 ./Drivers/BSP/Components/LSM303AGR_ACC_driver_HL.o
 .text.LSM303AGR_X_Get_ODR
                0x08009290       0xd0 ./Drivers/BSP/Components/LSM303AGR_ACC_driver_HL.o
 .text.LSM303AGR_X_Set_ODR
                0x08009360       0x46 ./Drivers/BSP/Components/LSM303AGR_ACC_driver_HL.o
 .text.LSM303AGR_X_Set_ODR_Value
                0x080093a6       0x46 ./Drivers/BSP/Components/LSM303AGR_ACC_driver_HL.o
 .text.LSM303AGR_X_Get_FS
                0x080093ec       0x7c ./Drivers/BSP/Components/LSM303AGR_ACC_driver_HL.o
 .text.LSM303AGR_X_Set_FS
                0x08009468       0x54 ./Drivers/BSP/Components/LSM303AGR_ACC_driver_HL.o
 .text.LSM303AGR_X_Set_FS_Value
                0x080094bc       0x70 ./Drivers/BSP/Components/LSM303AGR_ACC_driver_HL.o
 .text.LSM303AGR_X_Get_Axes_Status
                0x0800952c       0x8c ./Drivers/BSP/Components/LSM303AGR_ACC_driver_HL.o
 .text.LSM303AGR_X_Set_Axes_Status
                0x080095b8       0x78 ./Drivers/BSP/Components/LSM303AGR_ACC_driver_HL.o
 .text.LSM303AGR_X_Read_Reg
                0x08009630       0x2e ./Drivers/BSP/Components/LSM303AGR_ACC_driver_HL.o
 .text.LSM303AGR_X_Write_Reg
                0x0800965e       0x30 ./Drivers/BSP/Components/LSM303AGR_ACC_driver_HL.o
 .text.LSM303AGR_X_Get_DRDY_Status
                0x0800968e       0x48 ./Drivers/BSP/Components/LSM303AGR_ACC_driver_HL.o
 .text.LSM303AGR_X_Get_Axes_Raw
                0x080096d6       0xca ./Drivers/BSP/Components/LSM303AGR_ACC_driver_HL.o
 .text.LSM303AGR_X_Set_ODR_When_Enabled
                0x080097a0       0x6c ./Drivers/BSP/Components/LSM303AGR_ACC_driver_HL.o
 .text.LSM303AGR_X_Set_ODR_When_Disabled
                0x0800980c       0x84 ./Drivers/BSP/Components/LSM303AGR_ACC_driver_HL.o
 .text.LSM303AGR_X_Set_ODR_Value_When_Enabled
                0x08009890       0xc0 ./Drivers/BSP/Components/LSM303AGR_ACC_driver_HL.o
 .text.LSM303AGR_X_Set_ODR_Value_When_Disabled
                0x08009950       0xd8 ./Drivers/BSP/Components/LSM303AGR_ACC_driver_HL.o
 .text.LSM303AGR_X_Get_Sensitivity_Normal_Mode
                0x08009a28       0x84 ./Drivers/BSP/Components/LSM303AGR_ACC_driver_HL.o
 .text.LSM303AGR_X_Get_Sensitivity_LP_Mode
                0x08009aac       0x84 ./Drivers/BSP/Components/LSM303AGR_ACC_driver_HL.o
 .text.LSM303AGR_X_Get_Sensitivity_HR_Mode
                0x08009b30       0x84 ./Drivers/BSP/Components/LSM303AGR_ACC_driver_HL.o
 .text.LSM303AGR_MAG_WriteReg
                0x08009bb4       0x34 ./Drivers/BSP/Components/LSM303AGR_MAG_driver.o
                0x08009bb4                LSM303AGR_MAG_WriteReg
 .text.LSM303AGR_MAG_ReadReg
                0x08009be8       0x34 ./Drivers/BSP/Components/LSM303AGR_MAG_driver.o
                0x08009be8                LSM303AGR_MAG_ReadReg
 .text.LSM303AGR_MAG_R_WHO_AM_I
                0x08009c1c       0x3a ./Drivers/BSP/Components/LSM303AGR_MAG_driver.o
                0x08009c1c                LSM303AGR_MAG_R_WHO_AM_I
 .text.LSM303AGR_MAG_W_BDU
                0x08009c56       0x5a ./Drivers/BSP/Components/LSM303AGR_MAG_driver.o
                0x08009c56                LSM303AGR_MAG_W_BDU
 .text.LSM303AGR_MAG_W_MD
                0x08009cb0       0x5a ./Drivers/BSP/Components/LSM303AGR_MAG_driver.o
                0x08009cb0                LSM303AGR_MAG_W_MD
 .text.LSM303AGR_MAG_Get_Raw_Magnetic
                0x08009d0a       0x2a ./Drivers/BSP/Components/LSM303AGR_MAG_driver.o
                0x08009d0a                LSM303AGR_MAG_Get_Raw_Magnetic
 .text.LSM303AGR_MAG_W_ODR
                0x08009d34       0x5a ./Drivers/BSP/Components/LSM303AGR_MAG_driver.o
                0x08009d34                LSM303AGR_MAG_W_ODR
 .text.LSM303AGR_MAG_R_ODR
                0x08009d8e       0x38 ./Drivers/BSP/Components/LSM303AGR_MAG_driver.o
                0x08009d8e                LSM303AGR_MAG_R_ODR
 .text.LSM303AGR_MAG_W_ST
                0x08009dc6       0x5a ./Drivers/BSP/Components/LSM303AGR_MAG_driver.o
                0x08009dc6                LSM303AGR_MAG_W_ST
 .text.LSM303AGR_MAG_W_I2C_DIS
                0x08009e20       0x5a ./Drivers/BSP/Components/LSM303AGR_MAG_driver.o
                0x08009e20                LSM303AGR_MAG_W_I2C_DIS
 .text.LSM303AGR_MAG_R_ZYXDA
                0x08009e7a       0x38 ./Drivers/BSP/Components/LSM303AGR_MAG_driver.o
                0x08009e7a                LSM303AGR_MAG_R_ZYXDA
 .text.LSM303AGR_M_Init
                0x08009eb2       0x9a ./Drivers/BSP/Components/LSM303AGR_MAG_driver_HL.o
 .text.LSM303AGR_M_DeInit
                0x08009f4c       0x50 ./Drivers/BSP/Components/LSM303AGR_MAG_driver_HL.o
 .text.LSM303AGR_M_Sensor_Enable
                0x08009f9c       0x36 ./Drivers/BSP/Components/LSM303AGR_MAG_driver_HL.o
 .text.LSM303AGR_M_Sensor_Disable
                0x08009fd2       0x36 ./Drivers/BSP/Components/LSM303AGR_MAG_driver_HL.o
 .text.LSM303AGR_M_Get_WhoAmI
                0x0800a008       0x26 ./Drivers/BSP/Components/LSM303AGR_MAG_driver_HL.o
 .text.LSM303AGR_M_Check_WhoAmI
                0x0800a02e       0x3a ./Drivers/BSP/Components/LSM303AGR_MAG_driver_HL.o
 .text.LSM303AGR_M_Get_Axes
                0x0800a068       0xa6 ./Drivers/BSP/Components/LSM303AGR_MAG_driver_HL.o
 .text.LSM303AGR_M_Get_AxesRaw
                0x0800a10e       0x42 ./Drivers/BSP/Components/LSM303AGR_MAG_driver_HL.o
 .text.LSM303AGR_M_Get_Sensitivity
                0x0800a150       0x20 ./Drivers/BSP/Components/LSM303AGR_MAG_driver_HL.o
 .text.LSM303AGR_M_Get_ODR
                0x0800a170       0xa8 ./Drivers/BSP/Components/LSM303AGR_MAG_driver_HL.o
 .text.LSM303AGR_M_Set_ODR
                0x0800a218       0x6c ./Drivers/BSP/Components/LSM303AGR_MAG_driver_HL.o
 .text.LSM303AGR_M_Set_ODR_Value
                0x0800a284       0x74 ./Drivers/BSP/Components/LSM303AGR_MAG_driver_HL.o
 .text.LSM303AGR_M_Get_FS
                0x0800a2f8       0x24 ./Drivers/BSP/Components/LSM303AGR_MAG_driver_HL.o
 .text.LSM303AGR_M_Set_FS
                0x0800a31c       0x1a ./Drivers/BSP/Components/LSM303AGR_MAG_driver_HL.o
 .text.LSM303AGR_M_Set_FS_Value
                0x0800a336       0x1a ./Drivers/BSP/Components/LSM303AGR_MAG_driver_HL.o
 .text.LSM303AGR_M_Read_Reg
                0x0800a350       0x2e ./Drivers/BSP/Components/LSM303AGR_MAG_driver_HL.o
 .text.LSM303AGR_M_Write_Reg
                0x0800a37e       0x30 ./Drivers/BSP/Components/LSM303AGR_MAG_driver_HL.o
 .text.LSM303AGR_M_Get_DRDY_Status
                0x0800a3ae       0x48 ./Drivers/BSP/Components/LSM303AGR_MAG_driver_HL.o
 .text.LSM303AGR_M_Get_Axes_Raw
                0x0800a3f6       0x5c ./Drivers/BSP/Components/LSM303AGR_MAG_driver_HL.o
 .text.LSM6DSM_ACC_GYRO_ReadReg
                0x0800a452       0x2e ./Drivers/BSP/Components/LSM6DSM_ACC_GYRO_driver.o
                0x0800a452                LSM6DSM_ACC_GYRO_ReadReg
 .text.LSM6DSM_ACC_GYRO_WriteReg
                0x0800a480       0x30 ./Drivers/BSP/Components/LSM6DSM_ACC_GYRO_driver.o
                0x0800a480                LSM6DSM_ACC_GYRO_WriteReg
 .text.LSM6DSM_ACC_GYRO_W_EmbeddedAccess
                0x0800a4b0       0x58 ./Drivers/BSP/Components/LSM6DSM_ACC_GYRO_driver.o
                0x0800a4b0                LSM6DSM_ACC_GYRO_W_EmbeddedAccess
 .text.LSM6DSM_ACC_GYRO_W_FIFO_MODE
                0x0800a508       0x58 ./Drivers/BSP/Components/LSM6DSM_ACC_GYRO_driver.o
                0x0800a508                LSM6DSM_ACC_GYRO_W_FIFO_MODE
 .text.LSM6DSM_ACC_GYRO_W_STEP_DELTA_on_INT2
                0x0800a560       0x58 ./Drivers/BSP/Components/LSM6DSM_ACC_GYRO_driver.o
                0x0800a560                LSM6DSM_ACC_GYRO_W_STEP_DELTA_on_INT2
 .text.LSM6DSM_ACC_GYRO_R_WHO_AM_I
                0x0800a5b8       0x38 ./Drivers/BSP/Components/LSM6DSM_ACC_GYRO_driver.o
                0x0800a5b8                LSM6DSM_ACC_GYRO_R_WHO_AM_I
 .text.LSM6DSM_ACC_GYRO_W_FS_XL
                0x0800a5f0       0x58 ./Drivers/BSP/Components/LSM6DSM_ACC_GYRO_driver.o
                0x0800a5f0                LSM6DSM_ACC_GYRO_W_FS_XL
 .text.LSM6DSM_ACC_GYRO_R_FS_XL
                0x0800a648       0x36 ./Drivers/BSP/Components/LSM6DSM_ACC_GYRO_driver.o
                0x0800a648                LSM6DSM_ACC_GYRO_R_FS_XL
 .text.LSM6DSM_ACC_GYRO_W_ODR_XL
                0x0800a67e       0x58 ./Drivers/BSP/Components/LSM6DSM_ACC_GYRO_driver.o
                0x0800a67e                LSM6DSM_ACC_GYRO_W_ODR_XL
 .text.LSM6DSM_ACC_GYRO_R_ODR_XL
                0x0800a6d6       0x36 ./Drivers/BSP/Components/LSM6DSM_ACC_GYRO_driver.o
                0x0800a6d6                LSM6DSM_ACC_GYRO_R_ODR_XL
 .text.LSM6DSM_ACC_GYRO_W_FS_125
                0x0800a70c       0x58 ./Drivers/BSP/Components/LSM6DSM_ACC_GYRO_driver.o
                0x0800a70c                LSM6DSM_ACC_GYRO_W_FS_125
 .text.LSM6DSM_ACC_GYRO_R_FS_125
                0x0800a764       0x36 ./Drivers/BSP/Components/LSM6DSM_ACC_GYRO_driver.o
                0x0800a764                LSM6DSM_ACC_GYRO_R_FS_125
 .text.LSM6DSM_ACC_GYRO_W_FS_G
                0x0800a79a       0x58 ./Drivers/BSP/Components/LSM6DSM_ACC_GYRO_driver.o
                0x0800a79a                LSM6DSM_ACC_GYRO_W_FS_G
 .text.LSM6DSM_ACC_GYRO_R_FS_G
                0x0800a7f2       0x36 ./Drivers/BSP/Components/LSM6DSM_ACC_GYRO_driver.o
                0x0800a7f2                LSM6DSM_ACC_GYRO_R_FS_G
 .text.LSM6DSM_ACC_GYRO_W_ODR_G
                0x0800a828       0x58 ./Drivers/BSP/Components/LSM6DSM_ACC_GYRO_driver.o
                0x0800a828                LSM6DSM_ACC_GYRO_W_ODR_G
 .text.LSM6DSM_ACC_GYRO_R_ODR_G
                0x0800a880       0x36 ./Drivers/BSP/Components/LSM6DSM_ACC_GYRO_driver.o
                0x0800a880                LSM6DSM_ACC_GYRO_R_ODR_G
 .text.LSM6DSM_ACC_GYRO_W_IF_Addr_Incr
                0x0800a8b6       0x58 ./Drivers/BSP/Components/LSM6DSM_ACC_GYRO_driver.o
                0x0800a8b6                LSM6DSM_ACC_GYRO_W_IF_Addr_Incr
 .text.LSM6DSM_ACC_GYRO_W_BDU
                0x0800a90e       0x58 ./Drivers/BSP/Components/LSM6DSM_ACC_GYRO_driver.o
                0x0800a90e                LSM6DSM_ACC_GYRO_W_BDU
 .text.LSM6DSM_ACC_GYRO_W_I2C_DISABLE
                0x0800a966       0x58 ./Drivers/BSP/Components/LSM6DSM_ACC_GYRO_driver.o
                0x0800a966                LSM6DSM_ACC_GYRO_W_I2C_DISABLE
 .text.LSM6DSM_ACC_GYRO_W_PedoStepReset
                0x0800a9be       0x58 ./Drivers/BSP/Components/LSM6DSM_ACC_GYRO_driver.o
                0x0800a9be                LSM6DSM_ACC_GYRO_W_PedoStepReset
 .text.LSM6DSM_ACC_GYRO_W_TILT
                0x0800aa16       0x58 ./Drivers/BSP/Components/LSM6DSM_ACC_GYRO_driver.o
                0x0800aa16                LSM6DSM_ACC_GYRO_W_TILT
 .text.LSM6DSM_ACC_GYRO_W_PEDO
                0x0800aa6e       0x58 ./Drivers/BSP/Components/LSM6DSM_ACC_GYRO_driver.o
                0x0800aa6e                LSM6DSM_ACC_GYRO_W_PEDO
 .text.LSM6DSM_ACC_GYRO_W_FUNC_EN
                0x0800aac6       0x58 ./Drivers/BSP/Components/LSM6DSM_ACC_GYRO_driver.o
                0x0800aac6                LSM6DSM_ACC_GYRO_W_FUNC_EN
 .text.LSM6DSM_ACC_GYRO_R_WU_EV_STATUS
                0x0800ab1e       0x36 ./Drivers/BSP/Components/LSM6DSM_ACC_GYRO_driver.o
                0x0800ab1e                LSM6DSM_ACC_GYRO_R_WU_EV_STATUS
 .text.LSM6DSM_ACC_GYRO_R_FF_EV_STATUS
                0x0800ab54       0x36 ./Drivers/BSP/Components/LSM6DSM_ACC_GYRO_driver.o
                0x0800ab54                LSM6DSM_ACC_GYRO_R_FF_EV_STATUS
 .text.LSM6DSM_ACC_GYRO_R_DOUBLE_TAP_EV_STATUS
                0x0800ab8a       0x36 ./Drivers/BSP/Components/LSM6DSM_ACC_GYRO_driver.o
                0x0800ab8a                LSM6DSM_ACC_GYRO_R_DOUBLE_TAP_EV_STATUS
 .text.LSM6DSM_ACC_GYRO_R_SINGLE_TAP_EV_STATUS
                0x0800abc0       0x36 ./Drivers/BSP/Components/LSM6DSM_ACC_GYRO_driver.o
                0x0800abc0                LSM6DSM_ACC_GYRO_R_SINGLE_TAP_EV_STATUS
 .text.LSM6DSM_ACC_GYRO_R_DSD_XL
                0x0800abf6       0x36 ./Drivers/BSP/Components/LSM6DSM_ACC_GYRO_driver.o
                0x0800abf6                LSM6DSM_ACC_GYRO_R_DSD_XL
 .text.LSM6DSM_ACC_GYRO_R_DSD_XH
                0x0800ac2c       0x36 ./Drivers/BSP/Components/LSM6DSM_ACC_GYRO_driver.o
                0x0800ac2c                LSM6DSM_ACC_GYRO_R_DSD_XH
 .text.LSM6DSM_ACC_GYRO_R_DSD_YL
                0x0800ac62       0x36 ./Drivers/BSP/Components/LSM6DSM_ACC_GYRO_driver.o
                0x0800ac62                LSM6DSM_ACC_GYRO_R_DSD_YL
 .text.LSM6DSM_ACC_GYRO_R_DSD_YH
                0x0800ac98       0x36 ./Drivers/BSP/Components/LSM6DSM_ACC_GYRO_driver.o
                0x0800ac98                LSM6DSM_ACC_GYRO_R_DSD_YH
 .text.LSM6DSM_ACC_GYRO_R_DSD_ZL
                0x0800acce       0x36 ./Drivers/BSP/Components/LSM6DSM_ACC_GYRO_driver.o
                0x0800acce                LSM6DSM_ACC_GYRO_R_DSD_ZL
 .text.LSM6DSM_ACC_GYRO_R_DSD_ZH
                0x0800ad04       0x36 ./Drivers/BSP/Components/LSM6DSM_ACC_GYRO_driver.o
                0x0800ad04                LSM6DSM_ACC_GYRO_R_DSD_ZH
 .text.LSM6DSM_ACC_GYRO_R_D6D_EV_STATUS
                0x0800ad3a       0x36 ./Drivers/BSP/Components/LSM6DSM_ACC_GYRO_driver.o
                0x0800ad3a                LSM6DSM_ACC_GYRO_R_D6D_EV_STATUS
 .text.LSM6DSM_ACC_GYRO_R_XLDA
                0x0800ad70       0x36 ./Drivers/BSP/Components/LSM6DSM_ACC_GYRO_driver.o
                0x0800ad70                LSM6DSM_ACC_GYRO_R_XLDA
 .text.LSM6DSM_ACC_GYRO_R_GDA
                0x0800ada6       0x36 ./Drivers/BSP/Components/LSM6DSM_ACC_GYRO_driver.o
                0x0800ada6                LSM6DSM_ACC_GYRO_R_GDA
 .text.LSM6DSM_ACC_GYRO_R_PEDO_EV_STATUS
                0x0800addc       0x36 ./Drivers/BSP/Components/LSM6DSM_ACC_GYRO_driver.o
                0x0800addc                LSM6DSM_ACC_GYRO_R_PEDO_EV_STATUS
 .text.LSM6DSM_ACC_GYRO_R_TILT_EV_STATUS
                0x0800ae12       0x36 ./Drivers/BSP/Components/LSM6DSM_ACC_GYRO_driver.o
                0x0800ae12                LSM6DSM_ACC_GYRO_R_TILT_EV_STATUS
 .text.LSM6DSM_ACC_GYRO_W_TAP_Z_EN
                0x0800ae48       0x58 ./Drivers/BSP/Components/LSM6DSM_ACC_GYRO_driver.o
                0x0800ae48                LSM6DSM_ACC_GYRO_W_TAP_Z_EN
 .text.LSM6DSM_ACC_GYRO_W_TAP_Y_EN
                0x0800aea0       0x58 ./Drivers/BSP/Components/LSM6DSM_ACC_GYRO_driver.o
                0x0800aea0                LSM6DSM_ACC_GYRO_W_TAP_Y_EN
 .text.LSM6DSM_ACC_GYRO_W_TAP_X_EN
                0x0800aef8       0x58 ./Drivers/BSP/Components/LSM6DSM_ACC_GYRO_driver.o
                0x0800aef8                LSM6DSM_ACC_GYRO_W_TAP_X_EN
 .text.LSM6DSM_ACC_GYRO_W_BASIC_INT
                0x0800af50       0x58 ./Drivers/BSP/Components/LSM6DSM_ACC_GYRO_driver.o
                0x0800af50                LSM6DSM_ACC_GYRO_W_BASIC_INT
 .text.LSM6DSM_ACC_GYRO_W_TAP_THS
                0x0800afa8       0x60 ./Drivers/BSP/Components/LSM6DSM_ACC_GYRO_driver.o
                0x0800afa8                LSM6DSM_ACC_GYRO_W_TAP_THS
 .text.LSM6DSM_ACC_GYRO_W_SIXD_THS
                0x0800b008       0x58 ./Drivers/BSP/Components/LSM6DSM_ACC_GYRO_driver.o
                0x0800b008                LSM6DSM_ACC_GYRO_W_SIXD_THS
 .text.LSM6DSM_ACC_GYRO_W_SHOCK_Duration
                0x0800b060       0x60 ./Drivers/BSP/Components/LSM6DSM_ACC_GYRO_driver.o
                0x0800b060                LSM6DSM_ACC_GYRO_W_SHOCK_Duration
 .text.LSM6DSM_ACC_GYRO_W_QUIET_Duration
                0x0800b0c0       0x66 ./Drivers/BSP/Components/LSM6DSM_ACC_GYRO_driver.o
                0x0800b0c0                LSM6DSM_ACC_GYRO_W_QUIET_Duration
 .text.LSM6DSM_ACC_GYRO_W_DUR
                0x0800b126       0x66 ./Drivers/BSP/Components/LSM6DSM_ACC_GYRO_driver.o
                0x0800b126                LSM6DSM_ACC_GYRO_W_DUR
 .text.LSM6DSM_ACC_GYRO_W_WK_THS
                0x0800b18c       0x60 ./Drivers/BSP/Components/LSM6DSM_ACC_GYRO_driver.o
                0x0800b18c                LSM6DSM_ACC_GYRO_W_WK_THS
 .text.LSM6DSM_ACC_GYRO_W_SINGLE_DOUBLE_TAP_EV
                0x0800b1ec       0x58 ./Drivers/BSP/Components/LSM6DSM_ACC_GYRO_driver.o
                0x0800b1ec                LSM6DSM_ACC_GYRO_W_SINGLE_DOUBLE_TAP_EV
 .text.LSM6DSM_ACC_GYRO_W_SLEEP_DUR
                0x0800b244       0x60 ./Drivers/BSP/Components/LSM6DSM_ACC_GYRO_driver.o
                0x0800b244                LSM6DSM_ACC_GYRO_W_SLEEP_DUR
 .text.LSM6DSM_ACC_GYRO_W_TIMER_HR
                0x0800b2a4       0x58 ./Drivers/BSP/Components/LSM6DSM_ACC_GYRO_driver.o
                0x0800b2a4                LSM6DSM_ACC_GYRO_W_TIMER_HR
 .text.LSM6DSM_ACC_GYRO_W_WAKE_DUR
                0x0800b2fc       0x66 ./Drivers/BSP/Components/LSM6DSM_ACC_GYRO_driver.o
                0x0800b2fc                LSM6DSM_ACC_GYRO_W_WAKE_DUR
 .text.LSM6DSM_ACC_GYRO_W_FF_THS
                0x0800b362       0x58 ./Drivers/BSP/Components/LSM6DSM_ACC_GYRO_driver.o
                0x0800b362                LSM6DSM_ACC_GYRO_W_FF_THS
 .text.LSM6DSM_ACC_GYRO_W_FF_Duration
                0x0800b3ba       0xca ./Drivers/BSP/Components/LSM6DSM_ACC_GYRO_driver.o
                0x0800b3ba                LSM6DSM_ACC_GYRO_W_FF_Duration
 .text.LSM6DSM_ACC_GYRO_W_TiltEvOnInt2
                0x0800b484       0x58 ./Drivers/BSP/Components/LSM6DSM_ACC_GYRO_driver.o
                0x0800b484                LSM6DSM_ACC_GYRO_W_TiltEvOnInt2
 .text.LSM6DSM_ACC_GYRO_W_6DEvOnInt2
                0x0800b4dc       0x58 ./Drivers/BSP/Components/LSM6DSM_ACC_GYRO_driver.o
                0x0800b4dc                LSM6DSM_ACC_GYRO_W_6DEvOnInt2
 .text.LSM6DSM_ACC_GYRO_W_TapEvOnInt2
                0x0800b534       0x58 ./Drivers/BSP/Components/LSM6DSM_ACC_GYRO_driver.o
                0x0800b534                LSM6DSM_ACC_GYRO_W_TapEvOnInt2
 .text.LSM6DSM_ACC_GYRO_W_FFEvOnInt2
                0x0800b58c       0x58 ./Drivers/BSP/Components/LSM6DSM_ACC_GYRO_driver.o
                0x0800b58c                LSM6DSM_ACC_GYRO_W_FFEvOnInt2
 .text.LSM6DSM_ACC_GYRO_W_WUEvOnInt2
                0x0800b5e4       0x58 ./Drivers/BSP/Components/LSM6DSM_ACC_GYRO_driver.o
                0x0800b5e4                LSM6DSM_ACC_GYRO_W_WUEvOnInt2
 .text.LSM6DSM_ACC_GYRO_W_SingleTapOnInt2
                0x0800b63c       0x58 ./Drivers/BSP/Components/LSM6DSM_ACC_GYRO_driver.o
                0x0800b63c                LSM6DSM_ACC_GYRO_W_SingleTapOnInt2
 .text.LSM6DSM_ACC_GYRO_GetRawGyroData
                0x0800b694       0x66 ./Drivers/BSP/Components/LSM6DSM_ACC_GYRO_driver.o
                0x0800b694                LSM6DSM_ACC_GYRO_GetRawGyroData
 .text.LSM6DSM_ACC_GYRO_GetRawAccData
                0x0800b6fa       0x66 ./Drivers/BSP/Components/LSM6DSM_ACC_GYRO_driver.o
                0x0800b6fa                LSM6DSM_ACC_GYRO_GetRawAccData
 .text.LSM6DSM_ACC_GYRO_Get_GetStepCounter
                0x0800b760       0x66 ./Drivers/BSP/Components/LSM6DSM_ACC_GYRO_driver.o
                0x0800b760                LSM6DSM_ACC_GYRO_Get_GetStepCounter
 .text.LSM6DSM_ACC_GYRO_W_PedoThreshold
                0x0800b7c6       0x88 ./Drivers/BSP/Components/LSM6DSM_ACC_GYRO_driver.o
                0x0800b7c6                LSM6DSM_ACC_GYRO_W_PedoThreshold
 *fill*         0x0800b84e        0x2 
 .text.LSM6DSM_X_Init
                0x0800b850       0xa4 ./Drivers/BSP/Components/LSM6DSM_ACC_GYRO_driver_HL.o
 .text.LSM6DSM_X_DeInit
                0x0800b8f4       0xc8 ./Drivers/BSP/Components/LSM6DSM_ACC_GYRO_driver_HL.o
 .text.LSM6DSM_X_Sensor_Enable
                0x0800b9bc       0x4a ./Drivers/BSP/Components/LSM6DSM_ACC_GYRO_driver_HL.o
 .text.LSM6DSM_X_Sensor_Disable
                0x0800ba06       0x58 ./Drivers/BSP/Components/LSM6DSM_ACC_GYRO_driver_HL.o
 .text.LSM6DSM_X_Get_WhoAmI
                0x0800ba5e       0x1c ./Drivers/BSP/Components/LSM6DSM_ACC_GYRO_driver_HL.o
 .text.LSM6DSM_X_Check_WhoAmI
                0x0800ba7a       0x18 ./Drivers/BSP/Components/LSM6DSM_ACC_GYRO_driver_HL.o
 .text.LSM6DSM_X_Get_Axes
                0x0800ba92       0xa6 ./Drivers/BSP/Components/LSM6DSM_ACC_GYRO_driver_HL.o
 .text.LSM6DSM_X_Get_AxesRaw
                0x0800bb38       0x42 ./Drivers/BSP/Components/LSM6DSM_ACC_GYRO_driver_HL.o
 *fill*         0x0800bb7a        0x2 
 .text.LSM6DSM_X_Get_Sensitivity
                0x0800bb7c       0xa8 ./Drivers/BSP/Components/LSM6DSM_ACC_GYRO_driver_HL.o
 .text.LSM6DSM_X_Get_ODR
                0x0800bc24      0x110 ./Drivers/BSP/Components/LSM6DSM_ACC_GYRO_driver_HL.o
 .text.LSM6DSM_X_Set_ODR
                0x0800bd34       0x46 ./Drivers/BSP/Components/LSM6DSM_ACC_GYRO_driver_HL.o
 .text.LSM6DSM_X_Set_ODR_Value
                0x0800bd7a       0x46 ./Drivers/BSP/Components/LSM6DSM_ACC_GYRO_driver_HL.o
 .text.LSM6DSM_X_Get_FS
                0x0800bdc0       0xa0 ./Drivers/BSP/Components/LSM6DSM_ACC_GYRO_driver_HL.o
 .text.LSM6DSM_X_Set_FS
                0x0800be60       0x54 ./Drivers/BSP/Components/LSM6DSM_ACC_GYRO_driver_HL.o
 .text.LSM6DSM_X_Set_FS_Value
                0x0800beb4       0x70 ./Drivers/BSP/Components/LSM6DSM_ACC_GYRO_driver_HL.o
 .text.LSM6DSM_G_Init
                0x0800bf24       0xa4 ./Drivers/BSP/Components/LSM6DSM_ACC_GYRO_driver_HL.o
 .text.LSM6DSM_G_DeInit
                0x0800bfc8       0x58 ./Drivers/BSP/Components/LSM6DSM_ACC_GYRO_driver_HL.o
 .text.LSM6DSM_G_Sensor_Enable
                0x0800c020       0x4a ./Drivers/BSP/Components/LSM6DSM_ACC_GYRO_driver_HL.o
 .text.LSM6DSM_G_Sensor_Disable
                0x0800c06a       0x58 ./Drivers/BSP/Components/LSM6DSM_ACC_GYRO_driver_HL.o
 .text.LSM6DSM_G_Get_WhoAmI
                0x0800c0c2       0x1c ./Drivers/BSP/Components/LSM6DSM_ACC_GYRO_driver_HL.o
 .text.LSM6DSM_G_Check_WhoAmI
                0x0800c0de       0x18 ./Drivers/BSP/Components/LSM6DSM_ACC_GYRO_driver_HL.o
 .text.LSM6DSM_G_Get_Axes
                0x0800c0f6       0xa6 ./Drivers/BSP/Components/LSM6DSM_ACC_GYRO_driver_HL.o
 .text.LSM6DSM_G_Get_AxesRaw
                0x0800c19c       0x42 ./Drivers/BSP/Components/LSM6DSM_ACC_GYRO_driver_HL.o
 *fill*         0x0800c1de        0x2 
 .text.LSM6DSM_G_Get_Sensitivity
                0x0800c1e0       0xd0 ./Drivers/BSP/Components/LSM6DSM_ACC_GYRO_driver_HL.o
 .text.LSM6DSM_G_Get_ODR
                0x0800c2b0      0x110 ./Drivers/BSP/Components/LSM6DSM_ACC_GYRO_driver_HL.o
 .text.LSM6DSM_G_Set_ODR
                0x0800c3c0       0x46 ./Drivers/BSP/Components/LSM6DSM_ACC_GYRO_driver_HL.o
 .text.LSM6DSM_G_Set_ODR_Value
                0x0800c406       0x46 ./Drivers/BSP/Components/LSM6DSM_ACC_GYRO_driver_HL.o
 .text.LSM6DSM_G_Get_FS
                0x0800c44c       0xd0 ./Drivers/BSP/Components/LSM6DSM_ACC_GYRO_driver_HL.o
 .text.LSM6DSM_G_Set_FS
                0x0800c51c       0x54 ./Drivers/BSP/Components/LSM6DSM_ACC_GYRO_driver_HL.o
 .text.LSM6DSM_G_Set_FS_Value
                0x0800c570       0xb8 ./Drivers/BSP/Components/LSM6DSM_ACC_GYRO_driver_HL.o
 .text.LSM6DSM_Get_WhoAmI
                0x0800c628       0x26 ./Drivers/BSP/Components/LSM6DSM_ACC_GYRO_driver_HL.o
 .text.LSM6DSM_Check_WhoAmI
                0x0800c64e       0x3a ./Drivers/BSP/Components/LSM6DSM_ACC_GYRO_driver_HL.o
 .text.LSM6DSM_X_Get_Axes_Raw
                0x0800c688       0x6e ./Drivers/BSP/Components/LSM6DSM_ACC_GYRO_driver_HL.o
 *fill*         0x0800c6f6        0x2 
 .text.LSM6DSM_X_Set_ODR_When_Enabled
                0x0800c6f8       0x6c ./Drivers/BSP/Components/LSM6DSM_ACC_GYRO_driver_HL.o
 .text.LSM6DSM_X_Set_ODR_When_Disabled
                0x0800c764       0x84 ./Drivers/BSP/Components/LSM6DSM_ACC_GYRO_driver_HL.o
 .text.LSM6DSM_X_Set_ODR_Value_When_Enabled
                0x0800c7e8      0x110 ./Drivers/BSP/Components/LSM6DSM_ACC_GYRO_driver_HL.o
 .text.LSM6DSM_X_Set_ODR_Value_When_Disabled
                0x0800c8f8      0x138 ./Drivers/BSP/Components/LSM6DSM_ACC_GYRO_driver_HL.o
 .text.LSM6DSM_G_Get_Axes_Raw
                0x0800ca30       0x6e ./Drivers/BSP/Components/LSM6DSM_ACC_GYRO_driver_HL.o
 *fill*         0x0800ca9e        0x2 
 .text.LSM6DSM_G_Set_ODR_When_Enabled
                0x0800caa0       0x6c ./Drivers/BSP/Components/LSM6DSM_ACC_GYRO_driver_HL.o
 .text.LSM6DSM_G_Set_ODR_When_Disabled
                0x0800cb0c       0x84 ./Drivers/BSP/Components/LSM6DSM_ACC_GYRO_driver_HL.o
 .text.LSM6DSM_G_Set_ODR_Value_When_Enabled
                0x0800cb90      0x110 ./Drivers/BSP/Components/LSM6DSM_ACC_GYRO_driver_HL.o
 .text.LSM6DSM_G_Set_ODR_Value_When_Disabled
                0x0800cca0      0x138 ./Drivers/BSP/Components/LSM6DSM_ACC_GYRO_driver_HL.o
 .text.LSM6DSM_X_Enable_Free_Fall_Detection
                0x0800cdd8       0xbc ./Drivers/BSP/Components/LSM6DSM_ACC_GYRO_driver_HL.o
 .text.LSM6DSM_X_Disable_Free_Fall_Detection
                0x0800ce94       0x5a ./Drivers/BSP/Components/LSM6DSM_ACC_GYRO_driver_HL.o
 .text.LSM6DSM_X_Get_Free_Fall_Detection_Status
                0x0800ceee       0x48 ./Drivers/BSP/Components/LSM6DSM_ACC_GYRO_driver_HL.o
 .text.LSM6DSM_X_Set_Free_Fall_Threshold
                0x0800cf36       0x2a ./Drivers/BSP/Components/LSM6DSM_ACC_GYRO_driver_HL.o
 .text.LSM6DSM_X_Enable_Pedometer
                0x0800cf60       0x80 ./Drivers/BSP/Components/LSM6DSM_ACC_GYRO_driver_HL.o
 .text.LSM6DSM_X_Disable_Pedometer
                0x0800cfe0       0x5a ./Drivers/BSP/Components/LSM6DSM_ACC_GYRO_driver_HL.o
 .text.LSM6DSM_X_Get_Pedometer_Status
                0x0800d03a       0x48 ./Drivers/BSP/Components/LSM6DSM_ACC_GYRO_driver_HL.o
 .text.LSM6DSM_X_Get_Step_Count
                0x0800d082       0x26 ./Drivers/BSP/Components/LSM6DSM_ACC_GYRO_driver_HL.o
 .text.LSM6DSM_X_Enable_Step_Counter_Reset
                0x0800d0a8       0x24 ./Drivers/BSP/Components/LSM6DSM_ACC_GYRO_driver_HL.o
 .text.LSM6DSM_X_Disable_Step_Counter_Reset
                0x0800d0cc       0x24 ./Drivers/BSP/Components/LSM6DSM_ACC_GYRO_driver_HL.o
 .text.LSM6DSM_X_Set_Pedometer_Threshold
                0x0800d0f0       0x2a ./Drivers/BSP/Components/LSM6DSM_ACC_GYRO_driver_HL.o
 .text.LSM6DSM_X_Enable_Tilt_Detection
                0x0800d11a       0x6e ./Drivers/BSP/Components/LSM6DSM_ACC_GYRO_driver_HL.o
 .text.LSM6DSM_X_Disable_Tilt_Detection
                0x0800d188       0x48 ./Drivers/BSP/Components/LSM6DSM_ACC_GYRO_driver_HL.o
 .text.LSM6DSM_X_Get_Tilt_Detection_Status
                0x0800d1d0       0x48 ./Drivers/BSP/Components/LSM6DSM_ACC_GYRO_driver_HL.o
 .text.LSM6DSM_X_Enable_Wake_Up_Detection
                0x0800d218       0x84 ./Drivers/BSP/Components/LSM6DSM_ACC_GYRO_driver_HL.o
 .text.LSM6DSM_X_Disable_Wake_Up_Detection
                0x0800d29c       0x5a ./Drivers/BSP/Components/LSM6DSM_ACC_GYRO_driver_HL.o
 .text.LSM6DSM_X_Get_Wake_Up_Detection_Status
                0x0800d2f6       0x48 ./Drivers/BSP/Components/LSM6DSM_ACC_GYRO_driver_HL.o
 .text.LSM6DSM_X_Set_Wake_Up_Threshold
                0x0800d33e       0x2a ./Drivers/BSP/Components/LSM6DSM_ACC_GYRO_driver_HL.o
 .text.LSM6DSM_X_Enable_Single_Tap_Detection
                0x0800d368       0xcc ./Drivers/BSP/Components/LSM6DSM_ACC_GYRO_driver_HL.o
 .text.LSM6DSM_X_Disable_Single_Tap_Detection
                0x0800d434       0xa2 ./Drivers/BSP/Components/LSM6DSM_ACC_GYRO_driver_HL.o
 .text.LSM6DSM_X_Get_Single_Tap_Detection_Status
                0x0800d4d6       0x48 ./Drivers/BSP/Components/LSM6DSM_ACC_GYRO_driver_HL.o
 *fill*         0x0800d51e        0x2 
 .text.LSM6DSM_X_Enable_Double_Tap_Detection
                0x0800d520       0xf0 ./Drivers/BSP/Components/LSM6DSM_ACC_GYRO_driver_HL.o
 .text.LSM6DSM_X_Disable_Double_Tap_Detection
                0x0800d610       0xc6 ./Drivers/BSP/Components/LSM6DSM_ACC_GYRO_driver_HL.o
 .text.LSM6DSM_X_Get_Double_Tap_Detection_Status
                0x0800d6d6       0x48 ./Drivers/BSP/Components/LSM6DSM_ACC_GYRO_driver_HL.o
 .text.LSM6DSM_X_Set_Tap_Threshold
                0x0800d71e       0x2a ./Drivers/BSP/Components/LSM6DSM_ACC_GYRO_driver_HL.o
 .text.LSM6DSM_X_Set_Tap_Shock_Time
                0x0800d748       0x2a ./Drivers/BSP/Components/LSM6DSM_ACC_GYRO_driver_HL.o
 .text.LSM6DSM_X_Set_Tap_Quiet_Time
                0x0800d772       0x2a ./Drivers/BSP/Components/LSM6DSM_ACC_GYRO_driver_HL.o
 .text.LSM6DSM_X_Set_Tap_Duration_Time
                0x0800d79c       0x2a ./Drivers/BSP/Components/LSM6DSM_ACC_GYRO_driver_HL.o
 *fill*         0x0800d7c6        0x2 
 .text.LSM6DSM_X_Enable_6D_Orientation
                0x0800d7c8       0x74 ./Drivers/BSP/Components/LSM6DSM_ACC_GYRO_driver_HL.o
 .text.LSM6DSM_X_Disable_6D_Orientation
                0x0800d83c       0x48 ./Drivers/BSP/Components/LSM6DSM_ACC_GYRO_driver_HL.o
 .text.LSM6DSM_X_Get_6D_Orientation_Status
                0x0800d884       0x48 ./Drivers/BSP/Components/LSM6DSM_ACC_GYRO_driver_HL.o
 .text.LSM6DSM_X_Get_6D_Orientation_XL
                0x0800d8cc       0x48 ./Drivers/BSP/Components/LSM6DSM_ACC_GYRO_driver_HL.o
 .text.LSM6DSM_X_Get_6D_Orientation_XH
                0x0800d914       0x48 ./Drivers/BSP/Components/LSM6DSM_ACC_GYRO_driver_HL.o
 .text.LSM6DSM_X_Get_6D_Orientation_YL
                0x0800d95c       0x48 ./Drivers/BSP/Components/LSM6DSM_ACC_GYRO_driver_HL.o
 .text.LSM6DSM_X_Get_6D_Orientation_YH
                0x0800d9a4       0x48 ./Drivers/BSP/Components/LSM6DSM_ACC_GYRO_driver_HL.o
 .text.LSM6DSM_X_Get_6D_Orientation_ZL
                0x0800d9ec       0x48 ./Drivers/BSP/Components/LSM6DSM_ACC_GYRO_driver_HL.o
 .text.LSM6DSM_X_Get_6D_Orientation_ZH
                0x0800da34       0x48 ./Drivers/BSP/Components/LSM6DSM_ACC_GYRO_driver_HL.o
 .text.LSM6DSM_X_Read_Reg
                0x0800da7c       0x2e ./Drivers/BSP/Components/LSM6DSM_ACC_GYRO_driver_HL.o
 .text.LSM6DSM_X_Write_Reg
                0x0800daaa       0x30 ./Drivers/BSP/Components/LSM6DSM_ACC_GYRO_driver_HL.o
 .text.LSM6DSM_X_Get_DRDY_Status
                0x0800dada       0x48 ./Drivers/BSP/Components/LSM6DSM_ACC_GYRO_driver_HL.o
 .text.LSM6DSM_G_Read_Reg
                0x0800db22       0x2e ./Drivers/BSP/Components/LSM6DSM_ACC_GYRO_driver_HL.o
 .text.LSM6DSM_G_Write_Reg
                0x0800db50       0x30 ./Drivers/BSP/Components/LSM6DSM_ACC_GYRO_driver_HL.o
 .text.LSM6DSM_G_Get_DRDY_Status
                0x0800db80       0x48 ./Drivers/BSP/Components/LSM6DSM_ACC_GYRO_driver_HL.o
 .text.STC3115_Init
                0x0800dbc8      0x24c ./Drivers/BSP/Components/STC3115_Driver.o
 .text.STC3115_DeInit
                0x0800de14       0x1c ./Drivers/BSP/Components/STC3115_Driver.o
 .text.STC3115_Get_WhoAmI
                0x0800de30       0x2a ./Drivers/BSP/Components/STC3115_Driver.o
 *fill*         0x0800de5a        0x2 
 .text.STC3115_Task
                0x0800de5c      0x2a8 ./Drivers/BSP/Components/STC3115_Driver.o
 .text.STC3115_Reset
                0x0800e104       0x52 ./Drivers/BSP/Components/STC3115_Driver.o
 .text.STC3115_Stop
                0x0800e156       0x4e ./Drivers/BSP/Components/STC3115_Driver.o
 .text.STC3115_GetSOC
                0x0800e1a4       0x38 ./Drivers/BSP/Components/STC3115_Driver.o
 .text.STC3115_GetOCV
                0x0800e1dc       0x26 ./Drivers/BSP/Components/STC3115_Driver.o
 .text.STC3115_GetCurrent
                0x0800e202       0x24 ./Drivers/BSP/Components/STC3115_Driver.o
 .text.STC3115_GetTemperature
                0x0800e226       0x24 ./Drivers/BSP/Components/STC3115_Driver.o
 .text.STC3115_GetVoltage
                0x0800e24a       0x26 ./Drivers/BSP/Components/STC3115_Driver.o
 .text.STC3115_GetChargeValue
                0x0800e270       0x26 ./Drivers/BSP/Components/STC3115_Driver.o
 .text.STC3115_GetPresence
                0x0800e296       0x26 ./Drivers/BSP/Components/STC3115_Driver.o
 .text.STC3115_GetAlarmStatus
                0x0800e2bc       0x2a ./Drivers/BSP/Components/STC3115_Driver.o
 .text.STC3115_Status
                0x0800e2e6       0x52 ./Drivers/BSP/Components/STC3115_Driver.o
 .text.STC3115_CalcRamCRC8
                0x0800e338       0x6c ./Drivers/BSP/Components/STC3115_Driver.o
 .text.STC3115_UpdateRamCRC
                0x0800e3a4       0x30 ./Drivers/BSP/Components/STC3115_Driver.o
 .text.STC3115_InitRamData
                0x0800e3d4       0x5a ./Drivers/BSP/Components/STC3115_Driver.o
 .text.STC3115_WriteRamData
                0x0800e42e       0x2c ./Drivers/BSP/Components/STC3115_Driver.o
 .text.STC3115_ReadRamData
                0x0800e45a       0x2c ./Drivers/BSP/Components/STC3115_Driver.o
 .text.STC3115_ReadBatteryData
                0x0800e486      0x156 ./Drivers/BSP/Components/STC3115_Driver.o
 .text.STC3115_Restore
                0x0800e5dc       0x60 ./Drivers/BSP/Components/STC3115_Driver.o
 .text.STC3115_Powerdown
                0x0800e63c       0x42 ./Drivers/BSP/Components/STC3115_Driver.o
 .text.STC3115_conv
                0x0800e67e       0x38 ./Drivers/BSP/Components/STC3115_Driver.o
 .text.STC3115_Startup
                0x0800e6b6       0x48 ./Drivers/BSP/Components/STC3115_Driver.o
 .text.STC3115_Read
                0x0800e6fe       0x36 ./Drivers/BSP/Components/STC3115_Driver.o
 .text.STC3115_Write
                0x0800e734       0x36 ./Drivers/BSP/Components/STC3115_Driver.o
 .text.STC3115_ReadWord
                0x0800e76a       0x3a ./Drivers/BSP/Components/STC3115_Driver.o
 .text.STC3115_WriteWord
                0x0800e7a4       0x38 ./Drivers/BSP/Components/STC3115_Driver.o
 .text.STC3115_SetParam
                0x0800e7dc      0x128 ./Drivers/BSP/Components/STC3115_Driver.o
 .text.BSP_LED_Init
                0x0800e904       0xa0 ./Drivers/BSP/SensorTile/SensorTile.o
                0x0800e904                BSP_LED_Init
 .text.BSP_LED_On
                0x0800e9a4       0x5c ./Drivers/BSP/SensorTile/SensorTile.o
                0x0800e9a4                BSP_LED_On
 .text.BSP_LED_Off
                0x0800ea00       0x5c ./Drivers/BSP/SensorTile/SensorTile.o
                0x0800ea00                BSP_LED_Off
 .text.Sensor_IO_I2C_Init
                0x0800ea5c       0x18 ./Drivers/BSP/SensorTile/SensorTile.o
                0x0800ea5c                Sensor_IO_I2C_Init
 .text.Sensor_IO_SPI_Init
                0x0800ea74      0x118 ./Drivers/BSP/SensorTile/SensorTile.o
                0x0800ea74                Sensor_IO_SPI_Init
 .text.Sensor_IO_SPI_CS_Init_All
                0x0800eb8c      0x124 ./Drivers/BSP/SensorTile/SensorTile.o
                0x0800eb8c                Sensor_IO_SPI_CS_Init_All
 .text.Sensor_IO_SPI_CS_Init
                0x0800ecb0      0x12c ./Drivers/BSP/SensorTile/SensorTile.o
                0x0800ecb0                Sensor_IO_SPI_CS_Init
 .text.Sensor_IO_Write
                0x0800eddc       0x86 ./Drivers/BSP/SensorTile/SensorTile.o
                0x0800eddc                Sensor_IO_Write
 .text.Sensor_IO_I2C_Write
                0x0800ee62       0x30 ./Drivers/BSP/SensorTile/SensorTile.o
                0x0800ee62                Sensor_IO_I2C_Write
 .text.Sensor_IO_Read
                0x0800ee92       0x86 ./Drivers/BSP/SensorTile/SensorTile.o
                0x0800ee92                Sensor_IO_Read
 .text.Sensor_IO_I2C_Read
                0x0800ef18       0x30 ./Drivers/BSP/SensorTile/SensorTile.o
                0x0800ef18                Sensor_IO_I2C_Read
 .text.Sensor_IO_SPI_Write
                0x0800ef48       0x60 ./Drivers/BSP/SensorTile/SensorTile.o
                0x0800ef48                Sensor_IO_SPI_Write
 .text.Sensor_IO_SPI_Read
                0x0800efa8       0x9c ./Drivers/BSP/SensorTile/SensorTile.o
                0x0800efa8                Sensor_IO_SPI_Read
 .text.Sensor_IO_SPI_CS_Enable
                0x0800f044       0x74 ./Drivers/BSP/SensorTile/SensorTile.o
                0x0800f044                Sensor_IO_SPI_CS_Enable
 .text.Sensor_IO_SPI_CS_Disable
                0x0800f0b8       0x74 ./Drivers/BSP/SensorTile/SensorTile.o
                0x0800f0b8                Sensor_IO_SPI_CS_Disable
 .text.LSM6DSM_Sensor_IO_ITConfig
                0x0800f12c       0x5c ./Drivers/BSP/SensorTile/SensorTile.o
                0x0800f12c                LSM6DSM_Sensor_IO_ITConfig
 .text.SPI_Read
                0x0800f188       0x76 ./Drivers/BSP/SensorTile/SensorTile.o
                0x0800f188                SPI_Read
 .text.SPI_Read_nBytes
                0x0800f1fe       0xae ./Drivers/BSP/SensorTile/SensorTile.o
                0x0800f1fe                SPI_Read_nBytes
 .text.SPI_Write
                0x0800f2ac       0x54 ./Drivers/BSP/SensorTile/SensorTile.o
                0x0800f2ac                SPI_Write
 .text.I2C_SENSORTILE_Init
                0x0800f300       0x54 ./Drivers/BSP/SensorTile/SensorTile.o
 .text.I2C_SENSORTILE_WriteData
                0x0800f354       0x60 ./Drivers/BSP/SensorTile/SensorTile.o
 .text.I2C_SENSORTILE_ReadData
                0x0800f3b4       0x60 ./Drivers/BSP/SensorTile/SensorTile.o
 .text.I2C_SENSORTILE_Error
                0x0800f414       0x20 ./Drivers/BSP/SensorTile/SensorTile.o
 .text.I2C_SENSORTILE_MspInit
                0x0800f434       0xc0 ./Drivers/BSP/SensorTile/SensorTile.o
 .text.SD_IO_SPI_MspInit
                0x0800f4f4       0xc0 ./Drivers/BSP/SensorTile/SensorTile.o
 .text.SD_IO_SPI_Init_LS
                0x0800f5b4       0x78 ./Drivers/BSP/SensorTile/SensorTile.o
 .text.SD_IO_SPI_Init
                0x0800f62c       0x78 ./Drivers/BSP/SensorTile/SensorTile.o
 .text.SD_IO_SPI_Read
                0x0800f6a4       0x48 ./Drivers/BSP/SensorTile/SensorTile.o
 .text.SD_IO_SPI_Write
                0x0800f6ec       0x3c ./Drivers/BSP/SensorTile/SensorTile.o
 .text.SD_IO_SPI_Error
                0x0800f728       0x18 ./Drivers/BSP/SensorTile/SensorTile.o
 .text.SD_IO_Init
                0x0800f740       0x40 ./Drivers/BSP/SensorTile/SensorTile.o
                0x0800f740                SD_IO_Init
 .text.SD_IO_Init_LS
                0x0800f780       0x40 ./Drivers/BSP/SensorTile/SensorTile.o
                0x0800f780                SD_IO_Init_LS
 .text.SD_IO_CS_Init
                0x0800f7c0       0x4c ./Drivers/BSP/SensorTile/SensorTile.o
                0x0800f7c0                SD_IO_CS_Init
 .text.SD_IO_WriteByte
                0x0800f80c       0x1a ./Drivers/BSP/SensorTile/SensorTile.o
                0x0800f80c                SD_IO_WriteByte
 .text.SD_IO_ReadByte
                0x0800f826       0x1c ./Drivers/BSP/SensorTile/SensorTile.o
                0x0800f826                SD_IO_ReadByte
 *fill*         0x0800f842        0x2 
 .text.SD_IO_WriteCmd_wResp
                0x0800f844       0xa0 ./Drivers/BSP/SensorTile/SensorTile.o
                0x0800f844                SD_IO_WriteCmd_wResp
 .text.SD_IO_WriteCmd
                0x0800f8e4       0x98 ./Drivers/BSP/SensorTile/SensorTile.o
                0x0800f8e4                SD_IO_WriteCmd
 .text.SD_IO_WaitResponse
                0x0800f97c       0x3e ./Drivers/BSP/SensorTile/SensorTile.o
                0x0800f97c                SD_IO_WaitResponse
 *fill*         0x0800f9ba        0x2 
 .text.SD_IO_WriteDummy
                0x0800f9bc       0x20 ./Drivers/BSP/SensorTile/SensorTile.o
                0x0800f9bc                SD_IO_WriteDummy
 .text.BSP_ACCELERO_Init
                0x0800f9dc       0x6e ./Drivers/BSP/SensorTile/SensorTile_accelero.o
                0x0800f9dc                BSP_ACCELERO_Init
 *fill*         0x0800fa4a        0x2 
 .text.BSP_LSM6DSM_ACCELERO_Init
                0x0800fa4c      0x140 ./Drivers/BSP/SensorTile/SensorTile_accelero.o
 .text.BSP_LSM303AGR_ACCELERO_Init
                0x0800fb8c      0x128 ./Drivers/BSP/SensorTile/SensorTile_accelero.o
 .text.BSP_ACCELERO_Sensor_Enable
                0x0800fcb4       0x48 ./Drivers/BSP/SensorTile/SensorTile_accelero.o
                0x0800fcb4                BSP_ACCELERO_Sensor_Enable
 .text.BSP_ACCELERO_IsInitialized
                0x0800fcfc       0x38 ./Drivers/BSP/SensorTile/SensorTile_accelero.o
                0x0800fcfc                BSP_ACCELERO_IsInitialized
 .text.BSP_ACCELERO_Get_Instance
                0x0800fd34       0x38 ./Drivers/BSP/SensorTile/SensorTile_accelero.o
                0x0800fd34                BSP_ACCELERO_Get_Instance
 .text.BSP_ACCELERO_Get_Axes
                0x0800fd6c       0x56 ./Drivers/BSP/SensorTile/SensorTile_accelero.o
                0x0800fd6c                BSP_ACCELERO_Get_Axes
 .text.BSP_ACCELERO_Enable_Double_Tap_Detection_Ext
                0x0800fdc2       0x52 ./Drivers/BSP/SensorTile/SensorTile_accelero.o
                0x0800fdc2                BSP_ACCELERO_Enable_Double_Tap_Detection_Ext
 .text.BSP_ACCELERO_Set_Tap_Threshold_Ext
                0x0800fe14       0x5a ./Drivers/BSP/SensorTile/SensorTile_accelero.o
                0x0800fe14                BSP_ACCELERO_Set_Tap_Threshold_Ext
 *fill*         0x0800fe6e        0x2 
 .text.BSP_GG_Init
                0x0800fe70       0xe8 ./Drivers/BSP/SensorTile/SensorTile_gg.o
                0x0800fe70                BSP_GG_Init
 .text.BSP_GYRO_Init
                0x0800ff58       0x4a ./Drivers/BSP/SensorTile/SensorTile_gyro.o
                0x0800ff58                BSP_GYRO_Init
 *fill*         0x0800ffa2        0x2 
 .text.BSP_LSM6DSM_GYRO_Init
                0x0800ffa4      0x138 ./Drivers/BSP/SensorTile/SensorTile_gyro.o
 .text.BSP_GYRO_Sensor_Enable
                0x080100dc       0x48 ./Drivers/BSP/SensorTile/SensorTile_gyro.o
                0x080100dc                BSP_GYRO_Sensor_Enable
 .text.BSP_HUMIDITY_Init
                0x08010124       0x4a ./Drivers/BSP/SensorTile/SensorTile_humidity.o
                0x08010124                BSP_HUMIDITY_Init
 *fill*         0x0801016e        0x2 
 .text.BSP_HTS221_HUMIDITY_Init
                0x08010170       0xec ./Drivers/BSP/SensorTile/SensorTile_humidity.o
 .text.BSP_HUMIDITY_Sensor_Enable
                0x0801025c       0x48 ./Drivers/BSP/SensorTile/SensorTile_humidity.o
                0x0801025c                BSP_HUMIDITY_Sensor_Enable
 .text.BSP_MAGNETO_Init
                0x080102a4       0x4a ./Drivers/BSP/SensorTile/SensorTile_magneto.o
                0x080102a4                BSP_MAGNETO_Init
 *fill*         0x080102ee        0x2 
 .text.BSP_LSM303AGR_MAGNETO_Init
                0x080102f0      0x138 ./Drivers/BSP/SensorTile/SensorTile_magneto.o
 .text.BSP_MAGNETO_Sensor_Enable
                0x08010428       0x48 ./Drivers/BSP/SensorTile/SensorTile_magneto.o
                0x08010428                BSP_MAGNETO_Sensor_Enable
 .text.BSP_PRESSURE_Init
                0x08010470       0x4a ./Drivers/BSP/SensorTile/SensorTile_pressure.o
                0x08010470                BSP_PRESSURE_Init
 *fill*         0x080104ba        0x2 
 .text.BSP_LPS22HB_PRESSURE_Init
                0x080104bc      0x170 ./Drivers/BSP/SensorTile/SensorTile_pressure.o
 .text.BSP_PRESSURE_Sensor_Enable
                0x0801062c       0x48 ./Drivers/BSP/SensorTile/SensorTile_pressure.o
                0x0801062c                BSP_PRESSURE_Sensor_Enable
 .text.BSP_SD_Init
                0x08010674       0x44 ./Drivers/BSP/SensorTile/SensorTile_sd.o
                0x08010674                BSP_SD_Init
 .text.BSP_SD_GetCardInfo
                0x080106b8       0x70 ./Drivers/BSP/SensorTile/SensorTile_sd.o
                0x080106b8                BSP_SD_GetCardInfo
 .text.BSP_SD_ReadBlocks
                0x08010728       0xf0 ./Drivers/BSP/SensorTile/SensorTile_sd.o
                0x08010728                BSP_SD_ReadBlocks
 .text.BSP_SD_WriteBlocks
                0x08010818       0xf0 ./Drivers/BSP/SensorTile/SensorTile_sd.o
                0x08010818                BSP_SD_WriteBlocks
 .text.SD_GetCSDRegister
                0x08010908      0x2cc ./Drivers/BSP/SensorTile/SensorTile_sd.o
 .text.SD_GetCIDRegister
                0x08010bd4      0x148 ./Drivers/BSP/SensorTile/SensorTile_sd.o
 .text.SD_SendCmd_wResp
                0x08010d1c       0x26 ./Drivers/BSP/SensorTile/SensorTile_sd.o
 .text.SD_SendCmd
                0x08010d42       0x40 ./Drivers/BSP/SensorTile/SensorTile_sd.o
 .text.SD_GetDataResponse
                0x08010d82       0x70 ./Drivers/BSP/SensorTile/SensorTile_sd.o
 .text.BSP_SD_GetStatus
                0x08010df2       0x10 ./Drivers/BSP/SensorTile/SensorTile_sd.o
                0x08010df2                BSP_SD_GetStatus
 *fill*         0x08010e02        0x2 
 .text.SD_GoIdleState
                0x08010e04      0x10c ./Drivers/BSP/SensorTile/SensorTile_sd.o
 .text.BSP_TEMPERATURE_Init
                0x08010f10       0x6e ./Drivers/BSP/SensorTile/SensorTile_temperature.o
                0x08010f10                BSP_TEMPERATURE_Init
 *fill*         0x08010f7e        0x2 
 .text.BSP_LPS22HB_TEMPERATURE_Init
                0x08010f80      0x158 ./Drivers/BSP/SensorTile/SensorTile_temperature.o
 .text.BSP_HTS221_TEMPERATURE_Init
                0x080110d8       0xf4 ./Drivers/BSP/SensorTile/SensorTile_temperature.o
 .text.BSP_TEMPERATURE_Sensor_Enable
                0x080111cc       0x48 ./Drivers/BSP/SensorTile/SensorTile_temperature.o
                0x080111cc                BSP_TEMPERATURE_Sensor_Enable
 .text.SystemInit
                0x08011214       0x6c ./Drivers/CMSIS/system_stm32l4xx.o
                0x08011214                SystemInit
 .text.HAL_Init
                0x08011280       0x2c ./Drivers/STM32L4xx_HAL_Driver/stm32l4xx_hal.o
                0x08011280                HAL_Init
 .text.HAL_MspInit
                0x080112ac        0xe ./Drivers/STM32L4xx_HAL_Driver/stm32l4xx_hal.o
                0x080112ac                HAL_MspInit
 *fill*         0x080112ba        0x2 
 .text.HAL_InitTick
                0x080112bc       0x38 ./Drivers/STM32L4xx_HAL_Driver/stm32l4xx_hal.o
                0x080112bc                HAL_InitTick
 .text.HAL_IncTick
                0x080112f4       0x1c ./Drivers/STM32L4xx_HAL_Driver/stm32l4xx_hal.o
                0x080112f4                HAL_IncTick
 .text.HAL_GetTick
                0x08011310       0x18 ./Drivers/STM32L4xx_HAL_Driver/stm32l4xx_hal.o
                0x08011310                HAL_GetTick
 .text.HAL_Delay
                0x08011328       0x2e ./Drivers/STM32L4xx_HAL_Driver/stm32l4xx_hal.o
                0x08011328                HAL_Delay
 *fill*         0x08011356        0x2 
 .text.NVIC_SetPriorityGrouping
                0x08011358       0x48 ./Drivers/STM32L4xx_HAL_Driver/stm32l4xx_hal_cortex.o
 .text.NVIC_GetPriorityGrouping