D:/Git/Machine-learning/Tutorial1/en.stsw-stlkt01/v1.2.0/Projects/SensorTile/Applications/DataLog/Src/datalog_application.c:57:6:DATALOG_SD_Init	16	static
D:/Git/Machine-learning/Tutorial1/en.stsw-stlkt01/v1.2.0/Projects/SensorTile/Applications/DataLog/Src/datalog_application.c:83:9:DATALOG_SD_Log_Enable	216	static
D:/Git/Machine-learning/Tutorial1/en.stsw-stlkt01/v1.2.0/Projects/SensorTile/Applications/DataLog/Src/datalog_application.c:115:6:DATALOG_SD_Log_Disable	8	static
D:/Git/Machine-learning/Tutorial1/en.stsw-stlkt01/v1.2.0/Projects/SensorTile/Applications/DataLog/Src/datalog_application.c:128:6:DATALOG_SD_NewLine	16	static
D:/Git/Machine-learning/Tutorial1/en.stsw-stlkt01/v1.2.0/Projects/SensorTile/Applications/DataLog/Src/datalog_application.c:139:6:RTC_Handler	56	static
D:/Git/Machine-learning/Tutorial1/en.stsw-stlkt01/v1.2.0/Projects/SensorTile/Applications/DataLog/Src/datalog_application.c:169:6:Accelero_Sensor_Handler	96	static
D:/Git/Machine-learning/Tutorial1/en.stsw-stlkt01/v1.2.0/Projects/SensorTile/Applications/DataLog/Src/datalog_application.c:288:6:Gyro_Sensor_Handler	64	static
D:/Git/Machine-learning/Tutorial1/en.stsw-stlkt01/v1.2.0/Projects/SensorTile/Applications/DataLog/Src/datalog_application.c:371:6:Magneto_Sensor_Handler	64	static
D:/Git/Machine-learning/Tutorial1/en.stsw-stlkt01/v1.2.0/Projects/SensorTile/Applications/DataLog/Src/datalog_application.c:452:6:Humidity_Sensor_Handler	56	static
D:/Git/Machine-learning/Tutorial1/en.stsw-stlkt01/v1.2.0/Projects/SensorTile/Applications/DataLog/Src/datalog_application.c:520:6:Temperature_Sensor_Handler	56	static
D:/Git/Machine-learning/Tutorial1/en.stsw-stlkt01/v1.2.0/Projects/SensorTile/Applications/DataLog/Src/datalog_application.c:590:6:Pressure_Sensor_Handler	56	static
D:/Git/Machine-learning/Tutorial1/en.stsw-stlkt01/v1.2.0/Projects/SensorTile/Applications/DataLog/Src/datalog_application.c:650:6:Gas_Gauge_Handler	32	static
D:/Git/Machine-learning/Tutorial1/en.stsw-stlkt01/v1.2.0/Projects/SensorTile/Applications/DataLog/Src/datalog_application.c:699:6:floatToInt	32	static
