D:/Git/Machine-learning/Tutorial1/en.stsw-stlkt01/v1.2.0/Projects/SensorTile/Applications/DataLog/Src/main.c:98:6:fill_buffer	32	static
D:/Git/Machine-learning/Tutorial1/en.stsw-stlkt01/v1.2.0/Projects/SensorTile/Applications/DataLog/Src/main.c:120:5:main	48	static
D:/Git/Machine-learning/Tutorial1/en.stsw-stlkt01/v1.2.0/Projects/SensorTile/Applications/DataLog/Src/main.c:361:13:initializeAllSensors	8	static
D:/Git/Machine-learning/Tutorial1/en.stsw-stlkt01/v1.2.0/Projects/SensorTile/Applications/DataLog/Src/main.c:424:6:enableAllSensors	8	static
D:/Git/Machine-learning/Tutorial1/en.stsw-stlkt01/v1.2.0/Projects/SensorTile/Applications/DataLog/Src/main.c:447:6:disableAllSensors	8	static
D:/Git/Machine-learning/Tutorial1/en.stsw-stlkt01/v1.2.0/Projects/SensorTile/Applications/DataLog/Src/main.c:466:13:RTC_Config	8	static
D:/Git/Machine-learning/Tutorial1/en.stsw-stlkt01/v1.2.0/Projects/SensorTile/Applications/DataLog/Src/main.c:499:13:RTC_TimeStampConfig	32	static
D:/Git/Machine-learning/Tutorial1/en.stsw-stlkt01/v1.2.0/Projects/SensorTile/Applications/DataLog/Src/main.c:542:6:RTC_TimeRegulate	40	static
D:/Git/Machine-learning/Tutorial1/en.stsw-stlkt01/v1.2.0/Projects/SensorTile/Applications/DataLog/Src/main.c:569:6:HAL_GPIO_EXTI_Callback	16	static
D:/Git/Machine-learning/Tutorial1/en.stsw-stlkt01/v1.2.0/Projects/SensorTile/Applications/DataLog/Src/main.c:581:13:Error_Handler	4	static
