C:/Users/ADMIN/Documents/Tutorial1/en.stsw-stlkt01/v1.2.0/Projects/SensorTile/Applications/DataLog/Src/main.c:98:6:fill_buffer	16	static
C:/Users/ADMIN/Documents/Tutorial1/en.stsw-stlkt01/v1.2.0/Projects/SensorTile/Applications/DataLog/Src/main.c:117:5:main	24	static
C:/Users/ADMIN/Documents/Tutorial1/en.stsw-stlkt01/v1.2.0/Projects/SensorTile/Applications/DataLog/Src/main.c:355:13:initializeAllSensors	8	static
C:/Users/ADMIN/Documents/Tutorial1/en.stsw-stlkt01/v1.2.0/Projects/SensorTile/Applications/DataLog/Src/main.c:418:6:enableAllSensors	8	static
C:/Users/ADMIN/Documents/Tutorial1/en.stsw-stlkt01/v1.2.0/Projects/SensorTile/Applications/DataLog/Src/main.c:441:6:disableAllSensors	8	static
C:/Users/ADMIN/Documents/Tutorial1/en.stsw-stlkt01/v1.2.0/Projects/SensorTile/Applications/DataLog/Src/main.c:460:13:RTC_Config	8	static
C:/Users/ADMIN/Documents/Tutorial1/en.stsw-stlkt01/v1.2.0/Projects/SensorTile/Applications/DataLog/Src/main.c:493:13:RTC_TimeStampConfig	32	static
C:/Users/ADMIN/Documents/Tutorial1/en.stsw-stlkt01/v1.2.0/Projects/SensorTile/Applications/DataLog/Src/main.c:536:6:RTC_TimeRegulate	40	static
C:/Users/ADMIN/Documents/Tutorial1/en.stsw-stlkt01/v1.2.0/Projects/SensorTile/Applications/DataLog/Src/main.c:563:6:HAL_GPIO_EXTI_Callback	16	static
C:/Users/ADMIN/Documents/Tutorial1/en.stsw-stlkt01/v1.2.0/Projects/SensorTile/Applications/DataLog/Src/main.c:575:13:Error_Handler	4	static
