D:/Git/Machine-learning/Tutorial1/en.stsw-stlkt01/v1.2.0/Projects/SensorTile/Applications/DataLog/Src/main.c:98:6:fill_buffer	1
D:/Git/Machine-learning/Tutorial1/en.stsw-stlkt01/v1.2.0/Projects/SensorTile/Applications/DataLog/Src/main.c:120:5:main	6
D:/Git/Machine-learning/Tutorial1/en.stsw-stlkt01/v1.2.0/Projects/SensorTile/Applications/DataLog/Src/main.c:361:13:initializeAllSensors	11
D:/Git/Machine-learning/Tutorial1/en.stsw-stlkt01/v1.2.0/Projects/SensorTile/Applications/DataLog/Src/main.c:424:6:enableAllSensors	2
D:/Git/Machine-learning/Tutorial1/en.stsw-stlkt01/v1.2.0/Projects/SensorTile/Applications/DataLog/Src/main.c:447:6:disableAllSensors	1
D:/Git/Machine-learning/Tutorial1/en.stsw-stlkt01/v1.2.0/Projects/SensorTile/Applications/DataLog/Src/main.c:466:13:RTC_Config	2
D:/Git/Machine-learning/Tutorial1/en.stsw-stlkt01/v1.2.0/Projects/SensorTile/Applications/DataLog/Src/main.c:499:13:RTC_TimeStampConfig	3
D:/Git/Machine-learning/Tutorial1/en.stsw-stlkt01/v1.2.0/Projects/SensorTile/Applications/DataLog/Src/main.c:542:6:RTC_TimeRegulate	2
D:/Git/Machine-learning/Tutorial1/en.stsw-stlkt01/v1.2.0/Projects/SensorTile/Applications/DataLog/Src/main.c:569:6:HAL_GPIO_EXTI_Callback	1
D:/Git/Machine-learning/Tutorial1/en.stsw-stlkt01/v1.2.0/Projects/SensorTile/Applications/DataLog/Src/main.c:581:13:Error_Handler	1
