D:/Git/Machine-learning/Tutorial1/en.stsw-stlkt01/v1.2.0/Projects/SensorTile/Applications/DataLog/Src/usbd_desc.c:144:10:USBD_VCP_DeviceDescriptor	16	static
D:/Git/Machine-learning/Tutorial1/en.stsw-stlkt01/v1.2.0/Projects/SensorTile/Applications/DataLog/Src/usbd_desc.c:156:10:USBD_VCP_LangIDStrDescriptor	16	static
D:/Git/Machine-learning/Tutorial1/en.stsw-stlkt01/v1.2.0/Projects/SensorTile/Applications/DataLog/Src/usbd_desc.c:168:10:USBD_VCP_ProductStrDescriptor	16	static
D:/Git/Machine-learning/Tutorial1/en.stsw-stlkt01/v1.2.0/Projects/SensorTile/Applications/DataLog/Src/usbd_desc.c:180:10:USBD_VCP_ManufacturerStrDescriptor	16	static
D:/Git/Machine-learning/Tutorial1/en.stsw-stlkt01/v1.2.0/Projects/SensorTile/Applications/DataLog/Src/usbd_desc.c:192:10:USBD_VCP_SerialStrDescriptor	16	static
D:/Git/Machine-learning/Tutorial1/en.stsw-stlkt01/v1.2.0/Projects/SensorTile/Applications/DataLog/Src/usbd_desc.c:208:10:USBD_VCP_ConfigStrDescriptor	16	static
D:/Git/Machine-learning/Tutorial1/en.stsw-stlkt01/v1.2.0/Projects/SensorTile/Applications/DataLog/Src/usbd_desc.c:220:10:USBD_VCP_InterfaceStrDescriptor	16	static
D:/Git/Machine-learning/Tutorial1/en.stsw-stlkt01/v1.2.0/Projects/SensorTile/Applications/DataLog/Src/usbd_desc.c:231:13:Get_SerialNum	24	static
D:/Git/Machine-learning/Tutorial1/en.stsw-stlkt01/v1.2.0/Projects/SensorTile/Applications/DataLog/Src/usbd_desc.c:255:13:IntToUnicode	32	static
